Component: ARM Compiler 5.06 update 2 (build 183) Tool: armlink [4d35b7]

==============================================================================

Section Cross References

    main.o(i.fputc) refers to stm32f10x_usart.o(i.USART_SendData) for USART_SendData
    main.o(i.fputc) refers to stm32f10x_usart.o(i.USART_GetFlagStatus) for USART_GetFlagStatus
    main.o(i.main) refers to main.o(i.system_init) for system_init
    main.o(i.main) refers to main.o(i.start_value) for start_value
    main.o(i.main) refers to timer.o(i.System_GetTick) for System_GetTick
    main.o(i.main) refers to stm32f10x_gpio.o(i.GPIO_WriteBit) for GPIO_WriteBit
    main.o(i.main) refers to sht1x.o(i.SHT1x_Read) for SHT1x_Read
    main.o(i.main) refers to sht1x.o(i.SHT1x_CRC8_Check) for SHT1x_CRC8_Check
    main.o(i.main) refers to dflti.o(.text) for __aeabi_i2d
    main.o(i.main) refers to dmul.o(.text) for __aeabi_dmul
    main.o(i.main) refers to dadd.o(.text) for __aeabi_dadd
    main.o(i.main) refers to ddiv.o(.text) for __aeabi_ddiv
    main.o(i.main) refers to cdrcmple.o(.text) for __aeabi_cdrcmple
    main.o(i.main) refers to cdcmple.o(.text) for __aeabi_cdcmple
    main.o(i.main) refers to dfixui.o(.text) for __aeabi_d2uiz
    main.o(i.main) refers to dfltui.o(.text) for __aeabi_ui2d
    main.o(i.main) refers to printfa.o(i.__0printf) for __2printf
    main.o(i.main) refers to sht1x.o(i.get_RH) for get_RH
    main.o(i.main) refers to gpio.o(i.delay_ms) for delay_ms
    main.o(i.main) refers to winsen-series.o(.data) for CO2
    main.o(i.main) refers to flash.o(.bss) for flash
    main.o(i.main) refers to sht1x.o(.bss) for HUMI
    main.o(i.main) refers to mq-series.o(.bss) for CO
    main.o(i.main) refers to flash.o(i.write_FLASH) for write_FLASH
    main.o(i.main) refers to gpio.o(i.config_port) for config_port
    main.o(i.main) refers to ds18b20.o(i.DS18B20_Read) for DS18B20_Read
    main.o(i.main) refers to ds18b20.o(i.get_Temp) for get_Temp
    main.o(i.main) refers to zh03b.o(i.Dust_UART_Read) for Dust_UART_Read
    main.o(i.main) refers to zh03b.o(i.get_Dust) for get_Dust
    main.o(i.main) refers to zh03b.o(i.Dust_DIGITAL_Read) for Dust_DIGITAL_Read
    main.o(i.main) refers to ds18b20.o(.bss) for TEMP
    main.o(i.main) refers to winsen-series.o(i.WinSen_UART_Read) for WinSen_UART_Read
    main.o(i.main) refers to winsen-series.o(i.get_WINSEN) for get_WINSEN
    main.o(i.main) refers to winsen-series.o(i.WinSen_DIGITAL_Read) for WinSen_DIGITAL_Read
    main.o(i.main) refers to mq-series.o(i.Gas_Read) for Gas_Read
    main.o(i.main) refers to mq-series.o(i.get_GAS) for get_GAS
    main.o(i.main) refers to mq-series.o(i.CO_Read) for CO_Read
    main.o(i.main) refers to mq-series.o(i.get_CO) for get_CO
    main.o(i.main) refers to mq-series.o(i.H2_Read) for H2_Read
    main.o(i.main) refers to mq-series.o(i.get_H2) for get_H2
    main.o(i.main) refers to bmp180.o(i.BMP180_ReadCalib) for BMP180_ReadCalib
    main.o(i.main) refers to bmp180.o(i.BMP180_ReadTemp) for BMP180_ReadTemp
    main.o(i.main) refers to bmp180.o(i.BMP180_ReadPressure) for BMP180_ReadPressure
    main.o(i.main) refers to bmp180.o(i.get_Pressure) for get_Pressure
    main.o(i.main) refers to ygc-series.o(i.WIND_SPEED_Read) for WIND_SPEED_Read
    main.o(i.main) refers to ygc-series.o(i.get_Wind_Speed) for get_Wind_Speed
    main.o(i.main) refers to ygc-series.o(i.WIND_DIRECT_Read) for WIND_DIRECT_Read
    main.o(i.main) refers to ygc-series.o(i.get_Wind_Direct) for get_Wind_Direct
    main.o(i.main) refers to uart.o(i.analyze_Packet) for analyze_Packet
    main.o(i.main) refers to bmp180.o(.bss) for PRESSURE
    main.o(i.main) refers to uart.o(.bss) for UART_rf
    main.o(i.main) refers to zh03b.o(.data) for DUST
    main.o(i.start_value) refers to gpio.o(i.delay_us) for delay_us
    main.o(i.start_value) refers to uart.o(.bss) for UART_rf
    main.o(i.start_value) refers to ds18b20.o(.bss) for TEMP
    main.o(i.start_value) refers to sht1x.o(.bss) for HUMI
    main.o(i.system_init) refers to gpio.o(i.GPIO_init) for GPIO_init
    main.o(i.system_init) refers to uart.o(i.UART_init) for UART_init
    main.o(i.system_init) refers to timer.o(i.TIMER_init) for TIMER_init
    main.o(i.system_init) refers to timer.o(i.Systick_init) for Systick_init
    main.o(i.system_init) refers to flash.o(i.FLASH_update_information) for FLASH_update_information
    main.o(i.system_init) refers to gpio.o(i.config_port) for config_port
    main.o(i.system_init) refers to flash.o(.bss) for flash
    stm32f10x_it.o(i.SysTick_Handler) refers to timer.o(.data) for systick
    stm32f10x_it.o(i.TIM2_IRQHandler) refers to stm32f10x_tim.o(i.TIM_GetITStatus) for TIM_GetITStatus
    stm32f10x_it.o(i.TIM2_IRQHandler) refers to stm32f10x_tim.o(i.TIM_Cmd) for TIM_Cmd
    stm32f10x_it.o(i.TIM2_IRQHandler) refers to stm32f10x_tim.o(i.TIM_ClearITPendingBit) for TIM_ClearITPendingBit
    stm32f10x_it.o(i.TIM2_IRQHandler) refers to uart.o(.bss) for UART_rf
[...]
    ../mathlib/pow.c                         0x00000000   Number         0  pow.o ABSOLUTE
    ../mathlib/qnan.c                        0x00000000   Number         0  qnan.o ABSOLUTE
    ../mathlib/sqrt.c                        0x00000000   Number         0  sqrt.o ABSOLUTE
    ../mathlib/sqrt.c                        0x00000000   Number         0  sqrt_x.o ABSOLUTE
    ..\Libraries\CMSIS\CM3\CoreSupport\core_cm3.c 0x00000000   Number         0  core_cm3.o ABSOLUTE
    ..\Libraries\CMSIS\CM3\DeviceSupport\ST\STM32F10x\startup\arm\startup_stm32f10x_md.s 0x00000000   Number         0  startup_stm32f10x_md.o ABSOLUTE
    ..\Libraries\CMSIS\CM3\DeviceSupport\ST\STM32F10x\system_stm32f10x.c 0x00000000   Number         0  system_stm32f10x.o ABSOLUTE
    ..\Libraries\STM32F10x_StdPeriph_Driver\src\misc.c 0x00000000   Number         0  misc.o ABSOLUTE
    ..\Libraries\STM32F10x_StdPeriph_Driver\src\stm32f10x_adc.c 0x00000000   Number         0  stm32f10x_adc.o ABSOLUTE
    ..\Libraries\STM32F10x_StdPeriph_Driver\src\stm32f10x_dma.c 0x00000000   Number         0  stm32f10x_dma.o ABSOLUTE
    ..\Libraries\STM32F10x_StdPeriph_Driver\src\stm32f10x_exti.c 0x00000000   Number         0  stm32f10x_exti.o ABSOLUTE
    ..\Libraries\STM32F10x_StdPeriph_Driver\src\stm32f10x_flash.c 0x00000000   Number         0  stm32f10x_flash.o ABSOLUTE
    ..\Libraries\STM32F10x_StdPeriph_Driver\src\stm32f10x_gpio.c 0x00000000   Number         0  stm32f10x_gpio.o ABSOLUTE
    ..\Libraries\STM32F10x_StdPeriph_Driver\src\stm32f10x_rcc.c 0x00000000   Number         0  stm32f10x_rcc.o ABSOLUTE
    ..\Libraries\STM32F10x_StdPeriph_Driver\src\stm32f10x_tim.c 0x00000000   Number         0  stm32f10x_tim.o ABSOLUTE
    ..\Libraries\STM32F10x_StdPeriph_Driver\src\stm32f10x_usart.c 0x00000000   Number         0  stm32f10x_usart.o ABSOLUTE
    ..\User\Driver\ADC.c                     0x00000000   Number         0  adc.o ABSOLUTE
    ..\User\Driver\BMP180.c                  0x00000000   Number         0  bmp180.o ABSOLUTE
    ..\User\Driver\DS18B20.c                 0x00000000   Number         0  ds18b20.o ABSOLUTE
    ..\User\Driver\FLASH.c                   0x00000000   Number         0  flash.o ABSOLUTE
    ..\User\Driver\GPIO.c                    0x00000000   Number         0  gpio.o ABSOLUTE
    ..\User\Driver\I2C.c                     0x00000000   Number         0  i2c.o ABSOLUTE
    ..\User\Driver\MQ-Series.c               0x00000000   Number         0  mq-series.o ABSOLUTE
    ..\User\Driver\SHT1x.c                   0x00000000   Number         0  sht1x.o ABSOLUTE
    ..\User\Driver\TIMER.c                   0x00000000   Number         0  timer.o ABSOLUTE
    ..\User\Driver\UART.c                    0x00000000   Number         0  uart.o ABSOLUTE
    ..\User\Driver\WinSen-Series.c           0x00000000   Number         0  winsen-series.o ABSOLUTE
    ..\User\Driver\YGC-Series.c              0x00000000   Number         0  ygc-series.o ABSOLUTE
    ..\User\Driver\ZH03B.c                   0x00000000   Number         0  zh03b.o ABSOLUTE
    ..\User\main.c                           0x00000000   Number         0  main.o ABSOLUTE
    ..\User\stm32f10x_it.c                   0x00000000   Number         0  stm32f10x_it.o ABSOLUTE
    ..\\Libraries\\CMSIS\\CM3\\CoreSupport\\core_cm3.c 0x00000000   Number         0  core_cm3.o ABSOLUTE
    cdcmple.s                                0x00000000   Number         0  cdcmple.o ABSOLUTE
    cdrcmple.s                               0x00000000   Number         0  cdrcmple.o ABSOLUTE
    dc.s                                     0x00000000   Number         0  dc.o ABSOLUTE
    handlers.s                               0x00000000   Number         0  handlers.o ABSOLUTE
    init.s                                   0x00000000   Number         0  init.o ABSOLUTE
    RESET                                    0x08000000   Section      236  startup_stm32f10x_md.o(RESET)
    .ARM.Collect$$$$00000000                 0x080000ec   Section        0  entry.o(.ARM.Collect$$$$00000000)
    .ARM.Collect$$$$00000001                 0x080000ec   Section        4  entry2.o(.ARM.Collect$$$$00000001)
    .ARM.Collect$$$$00000004                 0x080000f0   Section        4  entry5.o(.ARM.Collect$$$$00000004)
    .ARM.Collect$$$$00000008                 0x080000f4   Section        0  entry7b.o(.ARM.Collect$$$$00000008)
    .ARM.Collect$$$$0000000A                 0x080000f4   Section        0  entry8b.o(.ARM.Collect$$$$0000000A)
    .ARM.Collect$$$$0000000B                 0x080000f4   Section        8  entry9a.o(.ARM.Collect$$$$0000000B)
    .ARM.Collect$$$$0000000D                 0x080000fc   Section        0  entry10a.o(.ARM.Collect$$$$0000000D)
    .ARM.Collect$$$$0000000F                 0x080000fc   Section        0  entry11a.o(.ARM.Collect$$$$0000000F)
    .ARM.Collect$$$$00002712                 0x080000fc   Section        4  entry2.o(.ARM.Collect$$$$00002712)
    __lit__00000000                          0x080000fc   Data           4  entry2.o(.ARM.Collect$$$$00002712)
    .text                                    0x08000100   Section       36  startup_stm32f10x_md.o(.text)
    .text                                    0x08000124   Section        0  memcpya.o(.text)
    .text                                    0x08000148   Section        0  fadd.o(.text)
    .text                                    0x080001f8   Section        0  fmul.o(.text)
    .text                                    0x0800025c   Section        0  fdiv.o(.text)
    .text                                    0x080002d8   Section        0  dadd.o(.text)
    .text                                    0x08000426   Section        0  dmul.o(.text)
    .text                                    0x0800050a   Section        0  ddiv.o(.text)
    .text                                    0x080005e8   Section        0  fflti.o(.text)
    .text                                    0x080005fa   Section        0  ffltui.o(.text)
    .text                                    0x08000604   Section        0  dflti.o(.text)
    .text                                    0x08000626   Section        0  dfltui.o(.text)
    .text                                    0x08000640   Section        0  ffixui.o(.text)
    .text                                    0x08000668   Section        0  dfixui.o(.text)
    .text                                    0x0800069a   Section        0  f2d.o(.text)
    .text                                    0x080006c0   Section       48  cdcmple.o(.text)
    .text                                    0x080006f0   Section       48  cdrcmple.o(.text)
    .text                                    0x08000720   Section        0  uidiv.o(.text)
    .text                                    0x0800074c   Section        0  uldiv.o(.text)
    .text                                    0x080007ae   Section        0  llshl.o(.text)
    .text                                    0x080007cc   Section        0  llushr.o(.text)
    .text                                    0x080007ec   Section        0  llsshr.o(.text)
    .text                                    0x08000810   Section        0  fepilogue.o(.text)
    .text                                    0x08000810   Section        0  iusefp.o(.text)
    .text                                    0x0800087e   Section        0  depilogue.o(.text)
    .text                                    0x08000938   Section        0  dscalb.o(.text)
    .text                                    0x08000966   Section        0  dfixul.o(.text)
    .text                                    0x08000998   Section       36  init.o(.text)
    .text                                    0x080009bc   Section        0  dsqrt.o(.text)
    i.ADC1_2_IRQHandler                      0x08000a5e   Section        0  stm32f10x_it.o(i.ADC1_2_IRQHandler)
    i.ADC_Cmd                                0x08000a60   Section        0  stm32f10x_adc.o(i.ADC_Cmd)
    i.ADC_DMACmd                             0x08000a76   Section        0  stm32f10x_adc.o(i.ADC_DMACmd)
    i.ADC_GetCalibrationStatus               0x08000a8c   Section        0  stm32f10x_adc.o(i.ADC_GetCalibrationStatus)
    i.ADC_GetResetCalibrationStatus          0x08000aa0   Section        0  stm32f10x_adc.o(i.ADC_GetResetCalibrationStatus)
    i.ADC_Init                               0x08000ab4   Section        0  stm32f10x_adc.o(i.ADC_Init)
    i.ADC_RegularChannelConfig               0x08000b04   Section        0  stm32f10x_adc.o(i.ADC_RegularChannelConfig)
    i.ADC_ResetCalibration                   0x08000bbc   Section        0  stm32f10x_adc.o(i.ADC_ResetCalibration)
    i.ADC_SoftwareStartConvCmd               0x08000bc6   Section        0  stm32f10x_adc.o(i.ADC_SoftwareStartConvCmd)
    i.ADC_StartCalibration                   0x08000bdc   Section        0  stm32f10x_adc.o(i.ADC_StartCalibration)
    i.BMP180_ReadCalib                       0x08000be8   Section        0  bmp180.o(i.BMP180_ReadCalib)
    i.BMP180_ReadPressure                    0x08000cb0   Section        0  bmp180.o(i.BMP180_ReadPressure)
    i.BMP180_ReadTemp                        0x08000d84   Section        0  bmp180.o(i.BMP180_ReadTemp)
    i.BusFault_Handler                       0x08000de8   Section        0  stm32f10x_it.o(i.BusFault_Handler)
    i.CO_Read                                0x08000dec   Section        0  mq-series.o(i.CO_Read)
    i.DMA1_Channel1_IRQHandler               0x08001108   Section        0  stm32f10x_it.o(i.DMA1_Channel1_IRQHandler)
    i.DMA1_Channel2_IRQHandler               0x0800110a   Section        0  stm32f10x_it.o(i.DMA1_Channel2_IRQHandler)
    i.DMA1_Channel3_IRQHandler               0x0800110c   Section        0  stm32f10x_it.o(i.DMA1_Channel3_IRQHandler)
    i.DMA1_Channel4_IRQHandler               0x0800110e   Section        0  stm32f10x_it.o(i.DMA1_Channel4_IRQHandler)
    i.DMA1_Channel5_IRQHandler               0x08001110   Section        0  stm32f10x_it.o(i.DMA1_Channel5_IRQHandler)
    i.DMA1_Channel6_IRQHandler               0x08001112   Section        0  stm32f10x_it.o(i.DMA1_Channel6_IRQHandler)
    i.DMA1_Channel7_IRQHandler               0x08001114   Section        0  stm32f10x_it.o(i.DMA1_Channel7_IRQHandler)
    i.DMA_Cmd                                0x08001116   Section        0  stm32f10x_dma.o(i.DMA_Cmd)
    i.DMA_Init                               0x0800112c   Section        0  stm32f10x_dma.o(i.DMA_Init)
    i.DS18B20_Read                           0x08001168   Section        0  ds18b20.o(i.DS18B20_Read)
    i.DebugMon_Handler                       0x08001400   Section        0  stm32f10x_it.o(i.DebugMon_Handler)
    i.Dust_DIGITAL_Read                      0x08001404   Section        0  zh03b.o(i.Dust_DIGITAL_Read)
    i.Dust_UART_Read                         0x08001594   Section        0  zh03b.o(i.Dust_UART_Read)
    i.EXTI0_IRQHandler                       0x0800195c   Section        0  stm32f10x_it.o(i.EXTI0_IRQHandler)
    i.EXTI15_10_IRQHandler                   0x0800195e   Section        0  stm32f10x_it.o(i.EXTI15_10_IRQHandler)
    i.EXTI1_IRQHandler                       0x08001960   Section        0  stm32f10x_it.o(i.EXTI1_IRQHandler)
    i.EXTI2_IRQHandler                       0x08001962   Section        0  stm32f10x_it.o(i.EXTI2_IRQHandler)
    i.EXTI3_IRQHandler                       0x08001964   Section        0  stm32f10x_it.o(i.EXTI3_IRQHandler)
    i.EXTI4_IRQHandler                       0x08001966   Section        0  stm32f10x_it.o(i.EXTI4_IRQHandler)
    i.EXTI9_5_IRQHandler                     0x08001968   Section        0  stm32f10x_it.o(i.EXTI9_5_IRQHandler)
    i.FLASH_ErasePage                        0x0800196c   Section        0  stm32f10x_flash.o(i.FLASH_ErasePage)
    i.FLASH_GetBank1Status                   0x080019bc   Section        0  stm32f10x_flash.o(i.FLASH_GetBank1Status)
    i.FLASH_IRQHandler                       0x080019f0   Section        0  stm32f10x_it.o(i.FLASH_IRQHandler)
    i.FLASH_Lock                             0x080019f4   Section        0  stm32f10x_flash.o(i.FLASH_Lock)
    i.FLASH_ProgramWord                      0x08001a08   Section        0  stm32f10x_flash.o(i.FLASH_ProgramWord)
    i.FLASH_Unlock                           0x08001a7c   Section        0  stm32f10x_flash.o(i.FLASH_Unlock)
    i.FLASH_WaitForLastOperation             0x08001a94   Section        0  stm32f10x_flash.o(i.FLASH_WaitForLastOperation)
    i.FLASH_update_information               0x08001abc   Section        0  flash.o(i.FLASH_update_information)
    i.GPIO_Init                              0x08001b90   Section        0  stm32f10x_gpio.o(i.GPIO_Init)
    i.GPIO_ReadInputDataBit                  0x08001ca6   Section        0  stm32f10x_gpio.o(i.GPIO_ReadInputDataBit)
    i.GPIO_WriteBit                          0x08001cb8   Section        0  stm32f10x_gpio.o(i.GPIO_WriteBit)
    i.GPIO_init                              0x08001cc4   Section        0  gpio.o(i.GPIO_init)
    i.Gas_Read                               0x08001d28   Section        0  mq-series.o(i.Gas_Read)
    i.H2_Read                                0x08002170   Section        0  mq-series.o(i.H2_Read)
    i.HardFault_Handler                      0x08002478   Section        0  stm32f10x_it.o(i.HardFault_Handler)
    i.I2C1_ER_IRQHandler                     0x0800247c   Section        0  stm32f10x_it.o(i.I2C1_ER_IRQHandler)
    i.I2C1_EV_IRQHandler                     0x0800247e   Section        0  stm32f10x_it.o(i.I2C1_EV_IRQHandler)
    i.I2C2_ER_IRQHandler                     0x08002480   Section        0  stm32f10x_it.o(i.I2C2_ER_IRQHandler)
    i.I2C2_EV_IRQHandler                     0x08002482   Section        0  stm32f10x_it.o(i.I2C2_EV_IRQHandler)
    i.I2C_Pulse                              0x08002484   Section        0  i2c.o(i.I2C_Pulse)
    i.I2C_Read                               0x080024b0   Section        0  i2c.o(i.I2C_Read)
    i.I2C_ReadBuffer                         0x08002710   Section        0  i2c.o(i.I2C_ReadBuffer)
    i.I2C_StartCondition                     0x080029ac   Section        0  i2c.o(i.I2C_StartCondition)
    i.I2C_StopCondition                      0x080029e8   Section        0  i2c.o(i.I2C_StopCondition)
    i.I2C_Write                              0x08002a06   Section        0  i2c.o(i.I2C_Write)
    i.MemManage_Handler                      0x08002ba4   Section        0  stm32f10x_it.o(i.MemManage_Handler)
    i.NMI_Handler                            0x08002ba8   Section        0  stm32f10x_it.o(i.NMI_Handler)
    i.NVIC_Init                              0x08002bac   Section        0  misc.o(i.NVIC_Init)
    i.PVD_IRQHandler                         0x08002c1c   Section        0  stm32f10x_it.o(i.PVD_IRQHandler)
    i.PendSV_Handler                         0x08002c1e   Section        0  stm32f10x_it.o(i.PendSV_Handler)
    i.Pulse_SCL                              0x08002c20   Section        0  gpio.o(i.Pulse_SCL)
    i.RCC_AHBPeriphClockCmd                  0x08002c54   Section        0  stm32f10x_rcc.o(i.RCC_AHBPeriphClockCmd)
    i.RCC_APB1PeriphClockCmd                 0x08002c74   Section        0  stm32f10x_rcc.o(i.RCC_APB1PeriphClockCmd)
    i.RCC_APB2PeriphClockCmd                 0x08002c94   Section        0  stm32f10x_rcc.o(i.RCC_APB2PeriphClockCmd)
    i.RCC_GetClocksFreq                      0x08002cb4   Section        0  stm32f10x_rcc.o(i.RCC_GetClocksFreq)
    i.RCC_IRQHandler                         0x08002d88   Section        0  stm32f10x_it.o(i.RCC_IRQHandler)
    i.RTCAlarm_IRQHandler                    0x08002d8a   Section        0  stm32f10x_it.o(i.RTCAlarm_IRQHandler)
    i.RTC_IRQHandler                         0x08002d8c   Section        0  stm32f10x_it.o(i.RTC_IRQHandler)
    i.Receive_data                           0x08002d8e   Section        0  uart.o(i.Receive_data)
    i.Reset_SCL                              0x08002dfc   Section        0  gpio.o(i.Reset_SCL)
    i.Reset_SDO                              0x08002ea8   Section        0  gpio.o(i.Reset_SDO)
    i.SHT1x_ACK                              0x08002f5c   Section        0  sht1x.o(i.SHT1x_ACK)
    i.SHT1x_CRC8_Check                       0x08002f7c   Section        0  sht1x.o(i.SHT1x_CRC8_Check)
    i.SHT1x_Read                             0x08002fb0   Section        0  sht1x.o(i.SHT1x_Read)
    i.SHT1x_StartCondition                   0x08003100   Section        0  sht1x.o(i.SHT1x_StartCondition)
    i.SHT1x_StopCondition                    0x0800314e   Section        0  sht1x.o(i.SHT1x_StopCondition)
    i.SPI1_IRQHandler                        0x08003168   Section        0  stm32f10x_it.o(i.SPI1_IRQHandler)
    i.SPI2_IRQHandler                        0x0800316a   Section        0  stm32f10x_it.o(i.SPI2_IRQHandler)
    i.SVC_Handler                            0x0800316c   Section        0  stm32f10x_it.o(i.SVC_Handler)
    i.SetSysClock                            0x0800316e   Section        0  system_stm32f10x.o(i.SetSysClock)
    SetSysClock                              0x0800316f   Thumb Code     8  system_stm32f10x.o(i.SetSysClock)
    i.SetSysClockTo64HSI                     0x08003178   Section        0  system_stm32f10x.o(i.SetSysClockTo64HSI)
    SetSysClockTo64HSI                       0x08003179   Thumb Code   144  system_stm32f10x.o(i.SetSysClockTo64HSI)
    i.Set_SCL                                0x08003210   Section        0  gpio.o(i.Set_SCL)
    i.Set_SDO                                0x080032bc   Section        0  gpio.o(i.Set_SDO)
    i.State_SDI                              0x08003368   Section        0  gpio.o(i.State_SDI)
    i.State_SDO                              0x080033a8   Section        0  gpio.o(i.State_SDO)
    i.SysTick_Handler                        0x0800345c   Section        0  stm32f10x_it.o(i.SysTick_Handler)
    i.SystemInit                             0x0800346c   Section        0  system_stm32f10x.o(i.SystemInit)
    i.System_GetTick                         0x080034c0   Section        0  timer.o(i.System_GetTick)
    i.Systick_init                           0x080034cc   Section        0  timer.o(i.Systick_init)
    i.TAMPER_IRQHandler                      0x08003528   Section        0  stm32f10x_it.o(i.TAMPER_IRQHandler)
    i.TIM1_BRK_IRQHandler                    0x0800352a   Section        0  stm32f10x_it.o(i.TIM1_BRK_IRQHandler)
    i.TIM1_CC_IRQHandler                     0x0800352c   Section        0  stm32f10x_it.o(i.TIM1_CC_IRQHandler)
    i.TIM1_TRG_COM_IRQHandler                0x0800352e   Section        0  stm32f10x_it.o(i.TIM1_TRG_COM_IRQHandler)
    i.TIM1_UP_IRQHandler                     0x08003530   Section        0  stm32f10x_it.o(i.TIM1_UP_IRQHandler)
    i.TIM2_IRQHandler                        0x08003534   Section        0  stm32f10x_it.o(i.TIM2_IRQHandler)
    i.TIM3_IRQHandler                        0x080035f8   Section        0  stm32f10x_it.o(i.TIM3_IRQHandler)
    i.TIM4_IRQHandler                        0x08003608   Section        0  stm32f10x_it.o(i.TIM4_IRQHandler)
    i.TIMER_init                             0x08003618   Section        0  timer.o(i.TIMER_init)
    i.TIM_ClearITPendingBit                  0x080036a8   Section        0  stm32f10x_tim.o(i.TIM_ClearITPendingBit)
    i.TIM_Cmd                                0x080036ae   Section        0  stm32f10x_tim.o(i.TIM_Cmd)
    i.TIM_GetITStatus                        0x080036c6   Section        0  stm32f10x_tim.o(i.TIM_GetITStatus)
    i.TIM_ITConfig                           0x080036e8   Section        0  stm32f10x_tim.o(i.TIM_ITConfig)
    i.TIM_SetCounter                         0x080036fa   Section        0  stm32f10x_tim.o(i.TIM_SetCounter)
    i.TIM_TimeBaseInit                       0x08003700   Section        0  stm32f10x_tim.o(i.TIM_TimeBaseInit)
    i.Transmit_Cmd                           0x080037a4   Section        0  uart.o(i.Transmit_Cmd)
    i.UART_init                              0x080037f0   Section        0  uart.o(i.UART_init)
    i.USART1_IRQHandler                      0x08003868   Section        0  stm32f10x_it.o(i.USART1_IRQHandler)
    i.USART2_IRQHandler                      0x080038bc   Section        0  stm32f10x_it.o(i.USART2_IRQHandler)
    i.USART3_IRQHandler                      0x08003910   Section        0  stm32f10x_it.o(i.USART3_IRQHandler)
    i.USART_ClearFlag                        0x08003964   Section        0  stm32f10x_usart.o(i.USART_ClearFlag)
    i.USART_Cmd                              0x08003976   Section        0  stm32f10x_usart.o(i.USART_Cmd)
    i.USART_GetFlagStatus                    0x0800398e   Section        0  stm32f10x_usart.o(i.USART_GetFlagStatus)
    i.USART_ITConfig                         0x080039a8   Section        0  stm32f10x_usart.o(i.USART_ITConfig)
    i.USART_Init                             0x080039f4   Section        0  stm32f10x_usart.o(i.USART_Init)
    i.USART_ReceiveData                      0x08003acc   Section        0  stm32f10x_usart.o(i.USART_ReceiveData)
    i.USART_SendData                         0x08003ad6   Section        0  stm32f10x_usart.o(i.USART_SendData)
    i.USBWakeUp_IRQHandler                   0x08003ade   Section        0  stm32f10x_it.o(i.USBWakeUp_IRQHandler)
    i.UsageFault_Handler                     0x08003ae0   Section        0  stm32f10x_it.o(i.UsageFault_Handler)
    i.WIND_DIRECT_Read                       0x08003ae4   Section        0  ygc-series.o(i.WIND_DIRECT_Read)
    i.WIND_SPEED_Read                        0x08003ccc   Section        0  ygc-series.o(i.WIND_SPEED_Read)
    i.WWDG_IRQHandler                        0x08003e38   Section        0  stm32f10x_it.o(i.WWDG_IRQHandler)
    i.WinSen_DIGITAL_Read                    0x08003e3a   Section        0  winsen-series.o(i.WinSen_DIGITAL_Read)
    i.WinSen_UART_Read                       0x08003f70   Section        0  winsen-series.o(i.WinSen_UART_Read)
    i.Wind_CRC16                             0x08004210   Section        0  ygc-series.o(i.Wind_CRC16)
    i.__0printf                              0x08004274   Section        0  printfa.o(i.__0printf)
    i.__ARM_fpclassify                       0x08004294   Section        0  fpclassify.o(i.__ARM_fpclassify)
    i.__kernel_poly                          0x080042bc   Section        0  poly.o(i.__kernel_poly)
    i.__mathlib_dbl_divzero                  0x08004368   Section        0  dunder.o(i.__mathlib_dbl_divzero)
    i.__mathlib_dbl_infnan                   0x08004378   Section        0  dunder.o(i.__mathlib_dbl_infnan)
    i.__mathlib_dbl_infnan2                  0x0800437e   Section        0  dunder.o(i.__mathlib_dbl_infnan2)
    i.__mathlib_dbl_invalid                  0x08004382   Section        0  dunder.o(i.__mathlib_dbl_invalid)
    i.__mathlib_dbl_overflow                 0x0800438e   Section        0  dunder.o(i.__mathlib_dbl_overflow)
    i.__mathlib_dbl_underflow                0x0800439c   Section        0  dunder.o(i.__mathlib_dbl_underflow)
    i.__scatterload_copy                     0x080043ac   Section       14  handlers.o(i.__scatterload_copy)
    i.__scatterload_null                     0x080043ba   Section        2  handlers.o(i.__scatterload_null)
    i.__scatterload_zeroinit                 0x080043bc   Section       14  handlers.o(i.__scatterload_zeroinit)
    i.__set_errno                            0x080043cc   Section        0  errno.o(i.__set_errno)
    i._fp_digits                             0x080043d8   Section        0  printfa.o(i._fp_digits)
    _fp_digits                               0x080043d9   Thumb Code   334  printfa.o(i._fp_digits)
    i._printf_core                           0x0800453c   Section        0  printfa.o(i._printf_core)
    _printf_core                             0x0800453d   Thumb Code  1744  printfa.o(i._printf_core)
    i._printf_post_padding                   0x08004c18   Section        0  printfa.o(i._printf_post_padding)
    _printf_post_padding                     0x08004c19   Thumb Code    36  printfa.o(i._printf_post_padding)
    i._printf_pre_padding                    0x08004c3c   Section        0  printfa.o(i._printf_pre_padding)
    _printf_pre_padding                      0x08004c3d   Thumb Code    46  printfa.o(i._printf_pre_padding)
    i.analyze_Packet                         0x08004c6c   Section        0  uart.o(i.analyze_Packet)
    i.config_ADC                             0x08004ce4   Section        0  adc.o(i.config_ADC)
    i.config_DIGITAL                         0x08005010   Section        0  gpio.o(i.config_DIGITAL)
    i.config_SDO_Input                       0x08005328   Section        0  gpio.o(i.config_SDO_Input)
    i.config_SDO_Output                      0x08005438   Section        0  gpio.o(i.config_SDO_Output)
    i.config_UART                            0x08005548   Section        0  uart.o(i.config_UART)
    i.config_port                            0x0800568c   Section        0  gpio.o(i.config_port)
    i.default_value                          0x080056e0   Section        0  flash.o(i.default_value)
    i.delay_ms                               0x0800576c   Section        0  gpio.o(i.delay_ms)
    i.delay_us                               0x08005782   Section        0  gpio.o(i.delay_us)
    i.fputc                                  0x08005798   Section        0  main.o(i.fputc)
    i.get_CO                                 0x080057bc   Section        0  mq-series.o(i.get_CO)
    i.get_Checksum                           0x08005830   Section        0  uart.o(i.get_Checksum)
    i.get_Dust                               0x0800584c   Section        0  zh03b.o(i.get_Dust)
    i.get_GAS                                0x080058c0   Section        0  mq-series.o(i.get_GAS)
    i.get_H2                                 0x08005934   Section        0  mq-series.o(i.get_H2)
    i.get_Pressure                           0x080059a8   Section        0  bmp180.o(i.get_Pressure)
    i.get_RH                                 0x08005a24   Section        0  sht1x.o(i.get_RH)
    i.get_Temp                               0x08005a98   Section        0  ds18b20.o(i.get_Temp)
    i.get_WINSEN                             0x08005b10   Section        0  winsen-series.o(i.get_WINSEN)
    i.get_Wind_Direct                        0x08005b88   Section        0  ygc-series.o(i.get_Wind_Direct)
    i.get_Wind_Speed                         0x08005c08   Section        0  ygc-series.o(i.get_Wind_Speed)
    i.log                                    0x08005c7c   Section        0  log.o(i.log)
    i.log10                                  0x08005fd8   Section        0  log10.o(i.log10)
    i.main                                   0x080060bc   Section        0  main.o(i.main)
    i.pow                                    0x08006fbc   Section        0  pow.o(i.pow)
    i.read_FLASH                             0x08007994   Section        0  flash.o(i.read_FLASH)
    i.sqrt                                   0x080079b8   Section        0  sqrt.o(i.sqrt)
    i.start_value                            0x08007a04   Section        0  main.o(i.start_value)
    i.system_init                            0x08007a6c   Section        0  main.o(i.system_init)
    i.uart2_putData                          0x08007aac   Section        0  uart.o(i.uart2_putData)
    i.uart2_putchar                          0x08007ac8   Section        0  uart.o(i.uart2_putchar)
    i.uart3_putData                          0x08007ae8   Section        0  uart.o(i.uart3_putData)
    i.uart3_putchar                          0x08007b04   Section        0  uart.o(i.uart3_putchar)
    i.uartPC_putData                         0x08007b24   Section        0  uart.o(i.uartPC_putData)
    i.uartPC_putchar                         0x08007b60   Section        0  uart.o(i.uartPC_putchar)
    i.write_FLASH                            0x08007b80   Section        0  flash.o(i.write_FLASH)
    .constdata                               0x08007c58   Section      136  pow.o(.constdata)
    bp                                       0x08007c58   Data          16  pow.o(.constdata)
    dp_h                                     0x08007c68   Data          16  pow.o(.constdata)
    dp_l                                     0x08007c78   Data          16  pow.o(.constdata)
    L                                        0x08007c88   Data          48  pow.o(.constdata)
    P                                        0x08007cb8   Data          40  pow.o(.constdata)
    .constdata                               0x08007ce0   Section       56  log.o(.constdata)
    Lg2                                      0x08007ce0   Data          24  log.o(.constdata)
    Lg                                       0x08007cf8   Data          32  log.o(.constdata)
    .constdata                               0x08007d18   Section        8  qnan.o(.constdata)
    .data                                    0x20000000   Section        9  gpio.o(.data)
    .data                                    0x2000000c   Section        4  timer.o(.data)
    .data                                    0x20000010   Section        6  adc.o(.data)
    .data                                    0x20000018   Section       32  zh03b.o(.data)
    .data                                    0x20000038   Section       64  ygc-series.o(.data)
    .data                                    0x20000078   Section       32  winsen-series.o(.data)
    .data                                    0x20000098   Section       20  stm32f10x_rcc.o(.data)
    APBAHBPrescTable                         0x20000098   Data          16  stm32f10x_rcc.o(.data)
    ADCPrescTable                            0x200000a8   Data           4  stm32f10x_rcc.o(.data)
    .data                                    0x200000ac   Section        4  stdout.o(.data)
    .data                                    0x200000b0   Section        4  errno.o(.data)
    _errno                                   0x200000b0   Data           4  errno.o(.data)
    .bss                                     0x200000b4   Section       92  gpio.o(.bss)
    .bss                                     0x20000110   Section      400  uart.o(.bss)
    .bss                                     0x200002a0   Section      100  i2c.o(.bss)
    .bss                                     0x20000304   Section      280  flash.o(.bss)
    .bss                                     0x20000420   Section       48  sht1x.o(.bss)
    .bss                                     0x20000450   Section       24  ds18b20.o(.bss)
    .bss                                     0x20000468   Section      240  mq-series.o(.bss)
    .bss                                     0x20000558   Section       88  bmp180.o(.bss)
    STACK                                    0x200005b0   Section     1024  startup_stm32f10x_md.o(STACK)

    Global Symbols

    Symbol Name                              Value     Ov Type        Size  Object(Section)

    BuildAttributes$$THM_ISAv4$P$D$K$B$S$PE$A:L22UL41UL21$X:L11$S22US41US21$IEEE1$IW$USESV6$~STKCKD$USESV7$~SHL$OTIME$ROPI$IEEEX$EBA8$MICROLIB$REQ8$PRES8$EABIv2 0x00000000   Number         0  anon$$obj.o ABSOLUTE
    __ARM_use_no_argv                        0x00000000   Number         0  main.o ABSOLUTE
    _printf_a                                0x00000000   Number         0  stubs.o ABSOLUTE
    _printf_c                                0x00000000   Number         0  stubs.o ABSOLUTE
    _printf_charcount                        0x00000000   Number         0  stubs.o ABSOLUTE
    _printf_d                                0x00000000   Number         0  stubs.o ABSOLUTE
    _printf_e                                0x00000000   Number         0  stubs.o ABSOLUTE
    _printf_f                                0x00000000   Number         0  stubs.o ABSOLUTE
    _printf_flags                            0x00000000   Number         0  stubs.o ABSOLUTE
    _printf_fp_dec                           0x00000000   Number         0  stubs.o ABSOLUTE
    _printf_fp_hex                           0x00000000   Number         0  stubs.o ABSOLUTE
    _printf_g                                0x00000000   Number         0  stubs.o ABSOLUTE
    _printf_i                                0x00000000   Number         0  stubs.o ABSOLUTE
    _printf_int_dec                          0x00000000   Number         0  stubs.o ABSOLUTE
    _printf_l                                0x00000000   Number         0  stubs.o ABSOLUTE
    _printf_lc                               0x00000000   Number         0  stubs.o ABSOLUTE
    _printf_ll                               0x00000000   Number         0  stubs.o ABSOLUTE
    _printf_lld                              0x00000000   Number         0  stubs.o ABSOLUTE
    _printf_lli                              0x00000000   Number         0  stubs.o ABSOLUTE
    _printf_llo                              0x00000000   Number         0  stubs.o ABSOLUTE
    _printf_llu                              0x00000000   Number         0  stubs.o ABSOLUTE
    _printf_llx                              0x00000000   Number         0  stubs.o ABSOLUTE
    _printf_longlong_dec                     0x00000000   Number         0  stubs.o ABSOLUTE
    _printf_longlong_hex                     0x00000000   Number         0  stubs.o ABSOLUTE
    _printf_longlong_oct                     0x00000000   Number         0  stubs.o ABSOLUTE
    _printf_ls                               0x00000000   Number         0  stubs.o ABSOLUTE
    _printf_mbtowc                           0x00000000   Number         0  stubs.o ABSOLUTE
    _printf_n                                0x00000000   Number         0  stubs.o ABSOLUTE
    _printf_o                                0x00000000   Number         0  stubs.o ABSOLUTE
    _printf_p                                0x00000000   Number         0  stubs.o ABSOLUTE
    _printf_percent                          0x00000000   Number         0  stubs.o ABSOLUTE
    _printf_pre_padding                      0x00000000   Number         0  stubs.o ABSOLUTE
    _printf_return_value                     0x00000000   Number         0  stubs.o ABSOLUTE
    _printf_s                                0x00000000   Number         0  stubs.o ABSOLUTE
    _printf_sizespec                         0x00000000   Number         0  stubs.o ABSOLUTE
    _printf_str                              0x00000000   Number         0  stubs.o ABSOLUTE
    _printf_truncate_signed                  0x00000000   Number         0  stubs.o ABSOLUTE
    _printf_truncate_unsigned                0x00000000   Number         0  stubs.o ABSOLUTE
    _printf_u                                0x00000000   Number         0  stubs.o ABSOLUTE
    _printf_wc                               0x00000000   Number         0  stubs.o ABSOLUTE
    _printf_wctomb                           0x00000000   Number         0  stubs.o ABSOLUTE
    _printf_widthprec                        0x00000000   Number         0  stubs.o ABSOLUTE
    _printf_x                                0x00000000   Number         0  stubs.o ABSOLUTE
    __cpp_initialize__aeabi_                  - Undefined Weak Reference
    __cxa_finalize                            - Undefined Weak Reference
    __decompress                              - Undefined Weak Reference
    _clock_init                               - Undefined Weak Reference
    _microlib_exit                            - Undefined Weak Reference
    __Vectors_Size                           0x000000ec   Number         0  startup_stm32f10x_md.o ABSOLUTE
    __Vectors                                0x08000000   Data           4  startup_stm32f10x_md.o(RESET)
    __Vectors_End                            0x080000ec   Data           0  startup_stm32f10x_md.o(RESET)
    __main                                   0x080000ed   Thumb Code     0  entry.o(.ARM.Collect$$$$00000000)
    _main_stk                                0x080000ed   Thumb Code     0  entry2.o(.ARM.Collect$$$$00000001)
    _main_scatterload                        0x080000f1   Thumb Code     0  entry5.o(.ARM.Collect$$$$00000004)
    __main_after_scatterload                 0x080000f5   Thumb Code     0  entry5.o(.ARM.Collect$$$$00000004)
    _main_clock                              0x080000f5   Thumb Code     0  entry7b.o(.ARM.Collect$$$$00000008)
    _main_cpp_init                           0x080000f5   Thumb Code     0  entry8b.o(.ARM.Collect$$$$0000000A)
    _main_init                               0x080000f5   Thumb Code     0  entry9a.o(.ARM.Collect$$$$0000000B)
    __rt_final_cpp                           0x080000fd   Thumb Code     0  entry10a.o(.ARM.Collect$$$$0000000D)
    __rt_final_exit                          0x080000fd   Thumb Code     0  entry11a.o(.ARM.Collect$$$$0000000F)
    Reset_Handler                            0x08000101   Thumb Code     8  startup_stm32f10x_md.o(.text)
    CAN1_RX1_IRQHandler                      0x0800011b   Thumb Code     0  startup_stm32f10x_md.o(.text)
    CAN1_SCE_IRQHandler                      0x0800011b   Thumb Code     0  startup_stm32f10x_md.o(.text)
    USB_HP_CAN1_TX_IRQHandler                0x0800011b   Thumb Code     0  startup_stm32f10x_md.o(.text)
    USB_LP_CAN1_RX0_IRQHandler               0x0800011b   Thumb Code     0  startup_stm32f10x_md.o(.text)
    __aeabi_memcpy                           0x08000125   Thumb Code    36  memcpya.o(.text)
    __aeabi_memcpy4                          0x08000125   Thumb Code     0  memcpya.o(.text)
    __aeabi_memcpy8                          0x08000125   Thumb Code     0  memcpya.o(.text)
    __aeabi_fadd                             0x08000149   Thumb Code   164  fadd.o(.text)
    __aeabi_fsub                             0x080001ed   Thumb Code     6  fadd.o(.text)
    __aeabi_frsub                            0x080001f3   Thumb Code     6  fadd.o(.text)
    __aeabi_fmul                             0x080001f9   Thumb Code   100  fmul.o(.text)
    __aeabi_fdiv                             0x0800025d   Thumb Code   124  fdiv.o(.text)
    __aeabi_dadd                             0x080002d9   Thumb Code   322  dadd.o(.text)
    __aeabi_dsub                             0x0800041b   Thumb Code     6  dadd.o(.text)
    __aeabi_drsub                            0x08000421   Thumb Code     6  dadd.o(.text)
    __aeabi_dmul                             0x08000427   Thumb Code   228  dmul.o(.text)
    __aeabi_ddiv                             0x0800050b   Thumb Code   222  ddiv.o(.text)
    __aeabi_i2f                              0x080005e9   Thumb Code    18  fflti.o(.text)
    __aeabi_ui2f                             0x080005fb   Thumb Code    10  ffltui.o(.text)
    __aeabi_i2d                              0x08000605   Thumb Code    34  dflti.o(.text)
    __aeabi_ui2d                             0x08000627   Thumb Code    26  dfltui.o(.text)
    __aeabi_f2uiz                            0x08000641   Thumb Code    40  ffixui.o(.text)
    __aeabi_d2uiz                            0x08000669   Thumb Code    50  dfixui.o(.text)
    __aeabi_f2d                              0x0800069b   Thumb Code    38  f2d.o(.text)
    __aeabi_cdcmpeq                          0x080006c1   Thumb Code     0  cdcmple.o(.text)
    __aeabi_cdcmple                          0x080006c1   Thumb Code    48  cdcmple.o(.text)
    __aeabi_cdrcmple                         0x080006f1   Thumb Code    48  cdrcmple.o(.text)
    __aeabi_uidiv                            0x08000721   Thumb Code     0  uidiv.o(.text)
    __aeabi_uidivmod                         0x08000721   Thumb Code    44  uidiv.o(.text)
    __aeabi_uldivmod                         0x0800074d   Thumb Code    98  uldiv.o(.text)
    __aeabi_llsl                             0x080007af   Thumb Code    30  llshl.o(.text)
    _ll_shift_l                              0x080007af   Thumb Code     0  llshl.o(.text)
    __aeabi_llsr                             0x080007cd   Thumb Code    32  llushr.o(.text)
    _ll_ushift_r                             0x080007cd   Thumb Code     0  llushr.o(.text)
    __aeabi_lasr                             0x080007ed   Thumb Code    36  llsshr.o(.text)
    _ll_sshift_r                             0x080007ed   Thumb Code     0  llsshr.o(.text)
    __I$use$fp                               0x08000811   Thumb Code     0  iusefp.o(.text)
    _float_round                             0x08000811   Thumb Code    18  fepilogue.o(.text)
    _float_epilogue                          0x08000823   Thumb Code    92  fepilogue.o(.text)
    _double_round                            0x0800087f   Thumb Code    30  depilogue.o(.text)
    _double_epilogue                         0x0800089d   Thumb Code   156  depilogue.o(.text)
    __ARM_scalbn                             0x08000939   Thumb Code    46  dscalb.o(.text)
    scalbn                                   0x08000939   Thumb Code     0  dscalb.o(.text)
    __aeabi_d2ulz                            0x08000967   Thumb Code    48  dfixul.o(.text)
    __scatterload                            0x08000999   Thumb Code    28  init.o(.text)
    __scatterload_rt2                        0x08000999   Thumb Code     0  init.o(.text)
    _dsqrt                                   0x080009bd   Thumb Code   162  dsqrt.o(.text)
    ADC1_2_IRQHandler                        0x08000a5f   Thumb Code     2  stm32f10x_it.o(i.ADC1_2_IRQHandler)
    ADC_Cmd                                  0x08000a61   Thumb Code    22  stm32f10x_adc.o(i.ADC_Cmd)
    ADC_DMACmd                               0x08000a77   Thumb Code    22  stm32f10x_adc.o(i.ADC_DMACmd)
    ADC_GetCalibrationStatus                 0x08000a8d   Thumb Code    20  stm32f10x_adc.o(i.ADC_GetCalibrationStatus)
    ADC_GetResetCalibrationStatus            0x08000aa1   Thumb Code    20  stm32f10x_adc.o(i.ADC_GetResetCalibrationStatus)
    ADC_Init                                 0x08000ab5   Thumb Code    70  stm32f10x_adc.o(i.ADC_Init)
    ADC_RegularChannelConfig                 0x08000b05   Thumb Code   184  stm32f10x_adc.o(i.ADC_RegularChannelConfig)
    ADC_ResetCalibration                     0x08000bbd   Thumb Code    10  stm32f10x_adc.o(i.ADC_ResetCalibration)
    ADC_SoftwareStartConvCmd                 0x08000bc7   Thumb Code    22  stm32f10x_adc.o(i.ADC_SoftwareStartConvCmd)
    ADC_StartCalibration                     0x08000bdd   Thumb Code    10  stm32f10x_adc.o(i.ADC_StartCalibration)
    BMP180_ReadCalib                         0x08000be9   Thumb Code   192  bmp180.o(i.BMP180_ReadCalib)
    BMP180_ReadPressure                      0x08000cb1   Thumb Code   204  bmp180.o(i.BMP180_ReadPressure)
    BMP180_ReadTemp                          0x08000d85   Thumb Code    94  bmp180.o(i.BMP180_ReadTemp)
    BusFault_Handler                         0x08000de9   Thumb Code     4  stm32f10x_it.o(i.BusFault_Handler)
    CO_Read                                  0x08000ded   Thumb Code   710  mq-series.o(i.CO_Read)
    DMA1_Channel1_IRQHandler                 0x08001109   Thumb Code     2  stm32f10x_it.o(i.DMA1_Channel1_IRQHandler)
    DMA1_Channel2_IRQHandler                 0x0800110b   Thumb Code     2  stm32f10x_it.o(i.DMA1_Channel2_IRQHandler)
    DMA1_Channel3_IRQHandler                 0x0800110d   Thumb Code     2  stm32f10x_it.o(i.DMA1_Channel3_IRQHandler)
    DMA1_Channel4_IRQHandler                 0x0800110f   Thumb Code     2  stm32f10x_it.o(i.DMA1_Channel4_IRQHandler)
    DMA1_Channel5_IRQHandler                 0x08001111   Thumb Code     2  stm32f10x_it.o(i.DMA1_Channel5_IRQHandler)
    DMA1_Channel6_IRQHandler                 0x08001113   Thumb Code     2  stm32f10x_it.o(i.DMA1_Channel6_IRQHandler)
    DMA1_Channel7_IRQHandler                 0x08001115   Thumb Code     2  stm32f10x_it.o(i.DMA1_Channel7_IRQHandler)
    DMA_Cmd                                  0x08001117   Thumb Code    22  stm32f10x_dma.o(i.DMA_Cmd)
    DMA_Init                                 0x0800112d   Thumb Code    60  stm32f10x_dma.o(i.DMA_Init)
    DS18B20_Read                             0x08001169   Thumb Code   658  ds18b20.o(i.DS18B20_Read)
    DebugMon_Handler                         0x08001401   Thumb Code     2  stm32f10x_it.o(i.DebugMon_Handler)
    Dust_DIGITAL_Read                        0x08001405   Thumb Code   394  zh03b.o(i.Dust_DIGITAL_Read)
    Dust_UART_Read                           0x08001595   Thumb Code   954  zh03b.o(i.Dust_UART_Read)
    EXTI0_IRQHandler                         0x0800195d   Thumb Code     2  stm32f10x_it.o(i.EXTI0_IRQHandler)
    EXTI15_10_IRQHandler                     0x0800195f   Thumb Code     2  stm32f10x_it.o(i.EXTI15_10_IRQHandler)
    EXTI1_IRQHandler                         0x08001961   Thumb Code     2  stm32f10x_it.o(i.EXTI1_IRQHandler)
    EXTI2_IRQHandler                         0x08001963   Thumb Code     2  stm32f10x_it.o(i.EXTI2_IRQHandler)
    EXTI3_IRQHandler                         0x08001965   Thumb Code     2  stm32f10x_it.o(i.EXTI3_IRQHandler)
    EXTI4_IRQHandler                         0x08001967   Thumb Code     2  stm32f10x_it.o(i.EXTI4_IRQHandler)
    EXTI9_5_IRQHandler                       0x08001969   Thumb Code     2  stm32f10x_it.o(i.EXTI9_5_IRQHandler)
    FLASH_ErasePage                          0x0800196d   Thumb Code    76  stm32f10x_flash.o(i.FLASH_ErasePage)
    FLASH_GetBank1Status                     0x080019bd   Thumb Code    48  stm32f10x_flash.o(i.FLASH_GetBank1Status)
    FLASH_IRQHandler                         0x080019f1   Thumb Code     2  stm32f10x_it.o(i.FLASH_IRQHandler)
    FLASH_Lock                               0x080019f5   Thumb Code    14  stm32f10x_flash.o(i.FLASH_Lock)
    FLASH_ProgramWord                        0x08001a09   Thumb Code   110  stm32f10x_flash.o(i.FLASH_ProgramWord)
    FLASH_Unlock                             0x08001a7d   Thumb Code    12  stm32f10x_flash.o(i.FLASH_Unlock)
    FLASH_WaitForLastOperation               0x08001a95   Thumb Code    38  stm32f10x_flash.o(i.FLASH_WaitForLastOperation)
    FLASH_update_information                 0x08001abd   Thumb Code   166  flash.o(i.FLASH_update_information)
    GPIO_Init                                0x08001b91   Thumb Code   278  stm32f10x_gpio.o(i.GPIO_Init)
    GPIO_ReadInputDataBit                    0x08001ca7   Thumb Code    18  stm32f10x_gpio.o(i.GPIO_ReadInputDataBit)
    GPIO_WriteBit                            0x08001cb9   Thumb Code    10  stm32f10x_gpio.o(i.GPIO_WriteBit)
    GPIO_init                                0x08001cc5   Thumb Code    86  gpio.o(i.GPIO_init)
    Gas_Read                                 0x08001d29   Thumb Code  1096  mq-series.o(i.Gas_Read)
    H2_Read                                  0x08002171   Thumb Code   698  mq-series.o(i.H2_Read)
    HardFault_Handler                        0x08002479   Thumb Code     4  stm32f10x_it.o(i.HardFault_Handler)
    I2C1_ER_IRQHandler                       0x0800247d   Thumb Code     2  stm32f10x_it.o(i.I2C1_ER_IRQHandler)
    I2C1_EV_IRQHandler                       0x0800247f   Thumb Code     2  stm32f10x_it.o(i.I2C1_EV_IRQHandler)
    I2C2_ER_IRQHandler                       0x08002481   Thumb Code     2  stm32f10x_it.o(i.I2C2_ER_IRQHandler)
    I2C2_EV_IRQHandler                       0x08002483   Thumb Code     2  stm32f10x_it.o(i.I2C2_EV_IRQHandler)
    I2C_Pulse                                0x08002485   Thumb Code    44  i2c.o(i.I2C_Pulse)
    I2C_Read                                 0x080024b1   Thumb Code   606  i2c.o(i.I2C_Read)
    I2C_ReadBuffer                           0x08002711   Thumb Code   664  i2c.o(i.I2C_ReadBuffer)
    I2C_StartCondition                       0x080029ad   Thumb Code    60  i2c.o(i.I2C_StartCondition)
    I2C_StopCondition                        0x080029e9   Thumb Code    30  i2c.o(i.I2C_StopCondition)
    I2C_Write                                0x08002a07   Thumb Code   414  i2c.o(i.I2C_Write)
    MemManage_Handler                        0x08002ba5   Thumb Code     4  stm32f10x_it.o(i.MemManage_Handler)
    NMI_Handler                              0x08002ba9   Thumb Code     2  stm32f10x_it.o(i.NMI_Handler)
    NVIC_Init                                0x08002bad   Thumb Code   100  misc.o(i.NVIC_Init)
    PVD_IRQHandler                           0x08002c1d   Thumb Code     2  stm32f10x_it.o(i.PVD_IRQHandler)
    PendSV_Handler                           0x08002c1f   Thumb Code     2  stm32f10x_it.o(i.PendSV_Handler)
    Pulse_SCL                                0x08002c21   Thumb Code    50  gpio.o(i.Pulse_SCL)
    RCC_AHBPeriphClockCmd                    0x08002c55   Thumb Code    26  stm32f10x_rcc.o(i.RCC_AHBPeriphClockCmd)
    RCC_APB1PeriphClockCmd                   0x08002c75   Thumb Code    26  stm32f10x_rcc.o(i.RCC_APB1PeriphClockCmd)
    RCC_APB2PeriphClockCmd                   0x08002c95   Thumb Code    26  stm32f10x_rcc.o(i.RCC_APB2PeriphClockCmd)
    RCC_GetClocksFreq                        0x08002cb5   Thumb Code   192  stm32f10x_rcc.o(i.RCC_GetClocksFreq)
    RCC_IRQHandler                           0x08002d89   Thumb Code     2  stm32f10x_it.o(i.RCC_IRQHandler)
    RTCAlarm_IRQHandler                      0x08002d8b   Thumb Code     2  stm32f10x_it.o(i.RTCAlarm_IRQHandler)
    RTC_IRQHandler                           0x08002d8d   Thumb Code     2  stm32f10x_it.o(i.RTC_IRQHandler)
    Receive_data                             0x08002d8f   Thumb Code   108  uart.o(i.Receive_data)
    Reset_SCL                                0x08002dfd   Thumb Code   164  gpio.o(i.Reset_SCL)
    Reset_SDO                                0x08002ea9   Thumb Code   170  gpio.o(i.Reset_SDO)
    SHT1x_ACK                                0x08002f5d   Thumb Code    32  sht1x.o(i.SHT1x_ACK)
    SHT1x_CRC8_Check                         0x08002f7d   Thumb Code    52  sht1x.o(i.SHT1x_CRC8_Check)
    SHT1x_Read                               0x08002fb1   Thumb Code   326  sht1x.o(i.SHT1x_Read)
    SHT1x_StartCondition                     0x08003101   Thumb Code    78  sht1x.o(i.SHT1x_StartCondition)
    SHT1x_StopCondition                      0x0800314f   Thumb Code    26  sht1x.o(i.SHT1x_StopCondition)
    SPI1_IRQHandler                          0x08003169   Thumb Code     2  stm32f10x_it.o(i.SPI1_IRQHandler)
    SPI2_IRQHandler                          0x0800316b   Thumb Code     2  stm32f10x_it.o(i.SPI2_IRQHandler)
    SVC_Handler                              0x0800316d   Thumb Code     2  stm32f10x_it.o(i.SVC_Handler)
    Set_SCL                                  0x08003211   Thumb Code   162  gpio.o(i.Set_SCL)
    Set_SDO                                  0x080032bd   Thumb Code   162  gpio.o(i.Set_SDO)
    State_SDI                                0x08003369   Thumb Code    54  gpio.o(i.State_SDI)
    State_SDO                                0x080033a9   Thumb Code   172  gpio.o(i.State_SDO)
    SysTick_Handler                          0x0800345d   Thumb Code    12  stm32f10x_it.o(i.SysTick_Handler)
    SystemInit                               0x0800346d   Thumb Code    70  system_stm32f10x.o(i.SystemInit)
    System_GetTick                           0x080034c1   Thumb Code     6  timer.o(i.System_GetTick)
    Systick_init                             0x080034cd   Thumb Code    84  timer.o(i.Systick_init)
    TAMPER_IRQHandler                        0x08003529   Thumb Code     2  stm32f10x_it.o(i.TAMPER_IRQHandler)
    TIM1_BRK_IRQHandler                      0x0800352b   Thumb Code     2  stm32f10x_it.o(i.TIM1_BRK_IRQHandler)
    TIM1_CC_IRQHandler                       0x0800352d   Thumb Code     2  stm32f10x_it.o(i.TIM1_CC_IRQHandler)
    TIM1_TRG_COM_IRQHandler                  0x0800352f   Thumb Code     2  stm32f10x_it.o(i.TIM1_TRG_COM_IRQHandler)
    TIM1_UP_IRQHandler                       0x08003531   Thumb Code     2  stm32f10x_it.o(i.TIM1_UP_IRQHandler)
    TIM2_IRQHandler                          0x08003535   Thumb Code   184  stm32f10x_it.o(i.TIM2_IRQHandler)
    TIM3_IRQHandler                          0x080035f9   Thumb Code    12  stm32f10x_it.o(i.TIM3_IRQHandler)
    TIM4_IRQHandler                          0x08003609   Thumb Code    12  stm32f10x_it.o(i.TIM4_IRQHandler)
    TIMER_init                               0x08003619   Thumb Code   130  timer.o(i.TIMER_init)
    TIM_ClearITPendingBit                    0x080036a9   Thumb Code     6  stm32f10x_tim.o(i.TIM_ClearITPendingBit)
    TIM_Cmd                                  0x080036af   Thumb Code    24  stm32f10x_tim.o(i.TIM_Cmd)
    TIM_GetITStatus                          0x080036c7   Thumb Code    34  stm32f10x_tim.o(i.TIM_GetITStatus)
    TIM_ITConfig                             0x080036e9   Thumb Code    18  stm32f10x_tim.o(i.TIM_ITConfig)
    TIM_SetCounter                           0x080036fb   Thumb Code     4  stm32f10x_tim.o(i.TIM_SetCounter)
    TIM_TimeBaseInit                         0x08003701   Thumb Code   122  stm32f10x_tim.o(i.TIM_TimeBaseInit)
    Transmit_Cmd                             0x080037a5   Thumb Code    76  uart.o(i.Transmit_Cmd)
    UART_init                                0x080037f1   Thumb Code   108  uart.o(i.UART_init)
    USART1_IRQHandler                        0x08003869   Thumb Code    76  stm32f10x_it.o(i.USART1_IRQHandler)
    USART2_IRQHandler                        0x080038bd   Thumb Code    76  stm32f10x_it.o(i.USART2_IRQHandler)
    USART3_IRQHandler                        0x08003911   Thumb Code    76  stm32f10x_it.o(i.USART3_IRQHandler)
    USART_ClearFlag                          0x08003965   Thumb Code    18  stm32f10x_usart.o(i.USART_ClearFlag)
    USART_Cmd                                0x08003977   Thumb Code    24  stm32f10x_usart.o(i.USART_Cmd)
    USART_GetFlagStatus                      0x0800398f   Thumb Code    26  stm32f10x_usart.o(i.USART_GetFlagStatus)
    USART_ITConfig                           0x080039a9   Thumb Code    74  stm32f10x_usart.o(i.USART_ITConfig)
    USART_Init                               0x080039f5   Thumb Code   210  stm32f10x_usart.o(i.USART_Init)
    USART_ReceiveData                        0x08003acd   Thumb Code    10  stm32f10x_usart.o(i.USART_ReceiveData)
    USART_SendData                           0x08003ad7   Thumb Code     8  stm32f10x_usart.o(i.USART_SendData)
    USBWakeUp_IRQHandler                     0x08003adf   Thumb Code     2  stm32f10x_it.o(i.USBWakeUp_IRQHandler)
    UsageFault_Handler                       0x08003ae1   Thumb Code     4  stm32f10x_it.o(i.UsageFault_Handler)
    WIND_DIRECT_Read                         0x08003ae5   Thumb Code   470  ygc-series.o(i.WIND_DIRECT_Read)
    WIND_SPEED_Read                          0x08003ccd   Thumb Code   360  ygc-series.o(i.WIND_SPEED_Read)
    WWDG_IRQHandler                          0x08003e39   Thumb Code     2  stm32f10x_it.o(i.WWDG_IRQHandler)
    WinSen_DIGITAL_Read                      0x08003e3b   Thumb Code   308  winsen-series.o(i.WinSen_DIGITAL_Read)
    WinSen_UART_Read                         0x08003f71   Thumb Code   664  winsen-series.o(i.WinSen_UART_Read)
    Wind_CRC16                               0x08004211   Thumb Code    98  ygc-series.o(i.Wind_CRC16)
    __0printf                                0x08004275   Thumb Code    22  printfa.o(i.__0printf)
    __1printf                                0x08004275   Thumb Code     0  printfa.o(i.__0printf)
    __2printf                                0x08004275   Thumb Code     0  printfa.o(i.__0printf)
    __c89printf                              0x08004275   Thumb Code     0  printfa.o(i.__0printf)
    printf                                   0x08004275   Thumb Code     0  printfa.o(i.__0printf)
    __ARM_fpclassify                         0x08004295   Thumb Code    40  fpclassify.o(i.__ARM_fpclassify)
    __kernel_poly                            0x080042bd   Thumb Code   170  poly.o(i.__kernel_poly)
    __mathlib_dbl_divzero                    0x08004369   Thumb Code    12  dunder.o(i.__mathlib_dbl_divzero)
    __mathlib_dbl_infnan                     0x08004379   Thumb Code     6  dunder.o(i.__mathlib_dbl_infnan)
    __mathlib_dbl_infnan2                    0x0800437f   Thumb Code     4  dunder.o(i.__mathlib_dbl_infnan2)
    __mathlib_dbl_invalid                    0x08004383   Thumb Code    12  dunder.o(i.__mathlib_dbl_invalid)
    __mathlib_dbl_overflow                   0x0800438f   Thumb Code    14  dunder.o(i.__mathlib_dbl_overflow)
    __mathlib_dbl_underflow                  0x0800439d   Thumb Code    10  dunder.o(i.__mathlib_dbl_underflow)
    __scatterload_copy                       0x080043ad   Thumb Code    14  handlers.o(i.__scatterload_copy)
    __scatterload_null                       0x080043bb   Thumb Code     2  handlers.o(i.__scatterload_null)
    __scatterload_zeroinit                   0x080043bd   Thumb Code    14  handlers.o(i.__scatterload_zeroinit)
    __set_errno                              0x080043cd   Thumb Code     6  errno.o(i.__set_errno)
    analyze_Packet                           0x08004c6d   Thumb Code   114  uart.o(i.analyze_Packet)
    config_ADC                               0x08004ce5   Thumb Code   778  adc.o(i.config_ADC)
    config_DIGITAL                           0x08005011   Thumb Code   778  gpio.o(i.config_DIGITAL)
    config_SDO_Input                         0x08005329   Thumb Code   260  gpio.o(i.config_SDO_Input)
    config_SDO_Output                        0x08005439   Thumb Code   260  gpio.o(i.config_SDO_Output)
    config_UART                              0x08005549   Thumb Code   294  uart.o(i.config_UART)
    config_port                              0x0800568d   Thumb Code    76  gpio.o(i.config_port)
    default_value                            0x080056e1   Thumb Code    90  flash.o(i.default_value)
    delay_ms                                 0x0800576d   Thumb Code    22  gpio.o(i.delay_ms)
    delay_us                                 0x08005783   Thumb Code    20  gpio.o(i.delay_us)
    fputc                                    0x08005799   Thumb Code    32  main.o(i.fputc)
    get_CO                                   0x080057bd   Thumb Code   108  mq-series.o(i.get_CO)
    get_Checksum                             0x08005831   Thumb Code    28  uart.o(i.get_Checksum)
    get_Dust                                 0x0800584d   Thumb Code   108  zh03b.o(i.get_Dust)
    get_GAS                                  0x080058c1   Thumb Code   108  mq-series.o(i.get_GAS)
    get_H2                                   0x08005935   Thumb Code   108  mq-series.o(i.get_H2)
    get_Pressure                             0x080059a9   Thumb Code   116  bmp180.o(i.get_Pressure)
    get_RH                                   0x08005a25   Thumb Code   108  sht1x.o(i.get_RH)
    get_Temp                                 0x08005a99   Thumb Code   110  ds18b20.o(i.get_Temp)
    get_WINSEN                               0x08005b11   Thumb Code   114  winsen-series.o(i.get_WINSEN)
    get_Wind_Direct                          0x08005b89   Thumb Code   118  ygc-series.o(i.get_Wind_Direct)
    get_Wind_Speed                           0x08005c09   Thumb Code   108  ygc-series.o(i.get_Wind_Speed)
    log                                      0x08005c7d   Thumb Code   808  log.o(i.log)
    log10                                    0x08005fd9   Thumb Code   198  log10.o(i.log10)
    main                                     0x080060bd   Thumb Code  3800  main.o(i.main)
    pow                                      0x08006fbd   Thumb Code  2512  pow.o(i.pow)
    read_FLASH                               0x08007995   Thumb Code    26  flash.o(i.read_FLASH)
    sqrt                                     0x080079b9   Thumb Code    76  sqrt.o(i.sqrt)
    start_value                              0x08007a05   Thumb Code    84  main.o(i.start_value)
    system_init                              0x08007a6d   Thumb Code    58  main.o(i.system_init)
    uart2_putData                            0x08007aad   Thumb Code    26  uart.o(i.uart2_putData)
    uart2_putchar                            0x08007ac9   Thumb Code    28  uart.o(i.uart2_putchar)
    uart3_putData                            0x08007ae9   Thumb Code    26  uart.o(i.uart3_putData)
    uart3_putchar                            0x08007b05   Thumb Code    28  uart.o(i.uart3_putchar)
    uartPC_putData                           0x08007b25   Thumb Code    54  uart.o(i.uartPC_putData)
    uartPC_putchar                           0x08007b61   Thumb Code    28  uart.o(i.uartPC_putchar)
    write_FLASH                              0x08007b81   Thumb Code   166  flash.o(i.write_FLASH)
    __mathlib_zero                           0x08007d18   Data           8  qnan.o(.constdata)
    Region$$Table$$Base                      0x08007d20   Number         0  anon$$obj.o(Region$$Table)
    Region$$Table$$Limit                     0x08007d40   Number         0  anon$$obj.o(Region$$Table)
    GPIO_InitStructure                       0x20000000   Data           4  gpio.o(.data)
    NVIC_InitStructure                       0x20000004   Data           4  gpio.o(.data)
    adc_config_flag                          0x20000008   Data           1  gpio.o(.data)
    systick                                  0x2000000c   Data           4  timer.o(.data)
    adc_value                                0x20000010   Data           6  adc.o(.data)
    DUST                                     0x20000018   Data          32  zh03b.o(.data)
    WIND_SPEED                               0x20000038   Data          32  ygc-series.o(.data)
    WIND_DIRECT                              0x20000058   Data          32  ygc-series.o(.data)
    CO2                                      0x20000078   Data          32  winsen-series.o(.data)
    __stdout                                 0x200000ac   Data           4  stdout.o(.data)
    USART_InitStructure                      0x200000b4   Data          16  gpio.o(.bss)
    TIM_TimeBaseStructure                    0x200000c4   Data          10  gpio.o(.bss)
    DMA_InitStructure                        0x200000d0   Data          44  gpio.o(.bss)
    ADC_InitStructure                        0x200000fc   Data          20  gpio.o(.bss)
    UART_rf                                  0x20000110   Data         112  uart.o(.bss)
    UART2_sensor                             0x20000180   Data         112  uart.o(.bss)
    UART3_sensor                             0x200001f0   Data         112  uart.o(.bss)
    PACKET                                   0x20000260   Data          64  uart.o(.bss)
    i2c                                      0x200002a0   Data         100  i2c.o(.bss)
    flash                                    0x20000304   Data         280  flash.o(.bss)
    HUMI                                     0x20000420   Data          48  sht1x.o(.bss)
    TEMP                                     0x20000450   Data          24  ds18b20.o(.bss)
    CO                                       0x20000468   Data          80  mq-series.o(.bss)
    H2                                       0x200004b8   Data          80  mq-series.o(.bss)
    GAS                                      0x20000508   Data          80  mq-series.o(.bss)
    PRESSURE                                 0x20000558   Data          88  bmp180.o(.bss)
    __initial_sp                             0x200009b0   Data           0  startup_stm32f10x_md.o(STACK)



==============================================================================

Memory Map of the image

  Image Entry point : 0x080000ed

  Load Region LR_IROM1 (Base: 0x08000000, Size: 0x00007df4, Max: 0x00010000, ABSOLUTE)

    Execution Region ER_IROM1 (Base: 0x08000000, Size: 0x00007d40, Max: 0x00010000, ABSOLUTE)

    Base Addr    Size         Type   Attr      Idx    E Section Name        Object

    0x08000000   0x000000ec   Data   RO         2870    RESET               startup_stm32f10x_md.o
    0x080000ec   0x00000000   Code   RO         2893  * .ARM.Collect$$$$00000000  mc_w.l(entry.o)
    0x080000ec   0x00000004   Code   RO         3228    .ARM.Collect$$$$00000001  mc_w.l(entry2.o)
    0x080000f0   0x00000004   Code   RO         3231    .ARM.Collect$$$$00000004  mc_w.l(entry5.o)
    0x080000f4   0x00000000   Code   RO         3233    .ARM.Collect$$$$00000008  mc_w.l(entry7b.o)
    0x080000f4   0x00000000   Code   RO         3235    .ARM.Collect$$$$0000000A  mc_w.l(entry8b.o)
    0x080000f4   0x00000008   Code   RO         3236    .ARM.Collect$$$$0000000B  mc_w.l(entry9a.o)
    0x080000fc   0x00000000   Code   RO         3238    .ARM.Collect$$$$0000000D  mc_w.l(entry10a.o)
    0x080000fc   0x00000000   Code   RO         3240    .ARM.Collect$$$$0000000F  mc_w.l(entry11a.o)
    0x080000fc   0x00000004   Code   RO         3229    .ARM.Collect$$$$00002712  mc_w.l(entry2.o)
    0x08000100   0x00000024   Code   RO         2871    .text               startup_stm32f10x_md.o
    0x08000124   0x00000024   Code   RO         2896    .text               mc_w.l(memcpya.o)
    0x08000148   0x000000b0   Code   RO         3161    .text               mf_w.l(fadd.o)
    0x080001f8   0x00000064   Code   RO         3163    .text               mf_w.l(fmul.o)
    0x0800025c   0x0000007c   Code   RO         3165    .text               mf_w.l(fdiv.o)
    0x080002d8   0x0000014e   Code   RO         3167    .text               mf_w.l(dadd.o)
    0x08000426   0x000000e4   Code   RO         3169    .text               mf_w.l(dmul.o)
    0x0800050a   0x000000de   Code   RO         3171    .text               mf_w.l(ddiv.o)
    0x080005e8   0x00000012   Code   RO         3173    .text               mf_w.l(fflti.o)
    0x080005fa   0x0000000a   Code   RO         3175    .text               mf_w.l(ffltui.o)
    0x08000604   0x00000022   Code   RO         3177    .text               mf_w.l(dflti.o)
    0x08000626   0x0000001a   Code   RO         3179    .text               mf_w.l(dfltui.o)
    0x08000640   0x00000028   Code   RO         3181    .text               mf_w.l(ffixui.o)
    0x08000668   0x00000032   Code   RO         3183    .text               mf_w.l(dfixui.o)
    0x0800069a   0x00000026   Code   RO         3185    .text               mf_w.l(f2d.o)
    0x080006c0   0x00000030   Code   RO         3187    .text               mf_w.l(cdcmple.o)
    0x080006f0   0x00000030   Code   RO         3189    .text               mf_w.l(cdrcmple.o)
    0x08000720   0x0000002c   Code   RO         3243    .text               mc_w.l(uidiv.o)
    0x0800074c   0x00000062   Code   RO         3245    .text               mc_w.l(uldiv.o)
    0x080007ae   0x0000001e   Code   RO         3247    .text               mc_w.l(llshl.o)
    0x080007cc   0x00000020   Code   RO         3249    .text               mc_w.l(llushr.o)
    0x080007ec   0x00000024   Code   RO         3251    .text               mc_w.l(llsshr.o)
    0x08000810   0x00000000   Code   RO         3260    .text               mc_w.l(iusefp.o)
    0x08000810   0x0000006e   Code   RO         3261    .text               mf_w.l(fepilogue.o)
    0x0800087e   0x000000ba   Code   RO         3263    .text               mf_w.l(depilogue.o)
    0x08000938   0x0000002e   Code   RO         3265    .text               mf_w.l(dscalb.o)
    0x08000966   0x00000030   Code   RO         3267    .text               mf_w.l(dfixul.o)
    0x08000996   0x00000002   PAD
    0x08000998   0x00000024   Code   RO         3269    .text               mc_w.l(init.o)
    0x080009bc   0x000000a2   Code   RO         3271    .text               mf_w.l(dsqrt.o)
    0x08000a5e   0x00000002   Code   RO          139    i.ADC1_2_IRQHandler  stm32f10x_it.o
    0x08000a60   0x00000016   Code   RO         1235    i.ADC_Cmd           stm32f10x_adc.o
    0x08000a76   0x00000016   Code   RO         1236    i.ADC_DMACmd        stm32f10x_adc.o
    0x08000a8c   0x00000014   Code   RO         1243    i.ADC_GetCalibrationStatus  stm32f10x_adc.o
    0x08000aa0   0x00000014   Code   RO         1249    i.ADC_GetResetCalibrationStatus  stm32f10x_adc.o
    0x08000ab4   0x00000050   Code   RO         1253    i.ADC_Init          stm32f10x_adc.o
    0x08000b04   0x000000b8   Code   RO         1257    i.ADC_RegularChannelConfig  stm32f10x_adc.o
    0x08000bbc   0x0000000a   Code   RO         1258    i.ADC_ResetCalibration  stm32f10x_adc.o
    0x08000bc6   0x00000016   Code   RO         1260    i.ADC_SoftwareStartConvCmd  stm32f10x_adc.o
    0x08000bdc   0x0000000a   Code   RO         1262    i.ADC_StartCalibration  stm32f10x_adc.o
    0x08000be6   0x00000002   PAD
    0x08000be8   0x000000c8   Code   RO         1159    i.BMP180_ReadCalib  bmp180.o
    0x08000cb0   0x000000d4   Code   RO         1160    i.BMP180_ReadPressure  bmp180.o
    0x08000d84   0x00000064   Code   RO         1161    i.BMP180_ReadTemp   bmp180.o
    0x08000de8   0x00000004   Code   RO          141    i.BusFault_Handler  stm32f10x_it.o
    0x08000dec   0x0000031c   Code   RO         1065    i.CO_Read           mq-series.o
    0x08001108   0x00000002   Code   RO          144    i.DMA1_Channel1_IRQHandler  stm32f10x_it.o
    0x0800110a   0x00000002   Code   RO          145    i.DMA1_Channel2_IRQHandler  stm32f10x_it.o
    0x0800110c   0x00000002   Code   RO          146    i.DMA1_Channel3_IRQHandler  stm32f10x_it.o
    0x0800110e   0x00000002   Code   RO          147    i.DMA1_Channel4_IRQHandler  stm32f10x_it.o
    0x08001110   0x00000002   Code   RO          148    i.DMA1_Channel5_IRQHandler  stm32f10x_it.o
    0x08001112   0x00000002   Code   RO          149    i.DMA1_Channel6_IRQHandler  stm32f10x_it.o
    0x08001114   0x00000002   Code   RO          150    i.DMA1_Channel7_IRQHandler  stm32f10x_it.o
    0x08001116   0x00000016   Code   RO         1453    i.DMA_Cmd           stm32f10x_dma.o
    0x0800112c   0x0000003c   Code   RO         1459    i.DMA_Init          stm32f10x_dma.o
    0x08001168   0x00000298   Code   RO         1007    i.DS18B20_Read      ds18b20.o
    0x08001400   0x00000002   Code   RO          155    i.DebugMon_Handler  stm32f10x_it.o
    0x08001402   0x00000002   PAD
    0x08001404   0x00000190   Code   RO         1031    i.Dust_DIGITAL_Read  zh03b.o
    0x08001594   0x000003c8   Code   RO         1032    i.Dust_UART_Read    zh03b.o
    0x0800195c   0x00000002   Code   RO          156    i.EXTI0_IRQHandler  stm32f10x_it.o
    0x0800195e   0x00000002   Code   RO          157    i.EXTI15_10_IRQHandler  stm32f10x_it.o
    0x08001960   0x00000002   Code   RO          158    i.EXTI1_IRQHandler  stm32f10x_it.o
    0x08001962   0x00000002   Code   RO          159    i.EXTI2_IRQHandler  stm32f10x_it.o
    0x08001964   0x00000002   Code   RO          160    i.EXTI3_IRQHandler  stm32f10x_it.o
    0x08001966   0x00000002   Code   RO          161    i.EXTI4_IRQHandler  stm32f10x_it.o
    0x08001968   0x00000002   Code   RO          162    i.EXTI9_5_IRQHandler  stm32f10x_it.o
    0x0800196a   0x00000002   PAD
    0x0800196c   0x00000050   Code   RO         1576    i.FLASH_ErasePage   stm32f10x_flash.o
    0x080019bc   0x00000034   Code   RO         1577    i.FLASH_GetBank1Status  stm32f10x_flash.o
    0x080019f0   0x00000002   Code   RO          163    i.FLASH_IRQHandler  stm32f10x_it.o
    0x080019f2   0x00000002   PAD
    0x080019f4   0x00000014   Code   RO         1586    i.FLASH_Lock        stm32f10x_flash.o
    0x08001a08   0x00000074   Code   RO         1591    i.FLASH_ProgramWord  stm32f10x_flash.o
    0x08001a7c   0x00000018   Code   RO         1594    i.FLASH_Unlock      stm32f10x_flash.o
    0x08001a94   0x00000026   Code   RO         1598    i.FLASH_WaitForLastOperation  stm32f10x_flash.o
    0x08001aba   0x00000002   PAD
    0x08001abc   0x000000d4   Code   RO          873    i.FLASH_update_information  flash.o
    0x08001b90   0x00000116   Code   RO         1751    i.GPIO_Init         stm32f10x_gpio.o
    0x08001ca6   0x00000012   Code   RO         1755    i.GPIO_ReadInputDataBit  stm32f10x_gpio.o
    0x08001cb8   0x0000000a   Code   RO         1762    i.GPIO_WriteBit     stm32f10x_gpio.o
    0x08001cc2   0x00000002   PAD
    0x08001cc4   0x00000064   Code   RO          566    i.GPIO_init         gpio.o
    0x08001d28   0x00000448   Code   RO         1066    i.Gas_Read          mq-series.o
    0x08002170   0x00000308   Code   RO         1067    i.H2_Read           mq-series.o
    0x08002478   0x00000004   Code   RO          165    i.HardFault_Handler  stm32f10x_it.o
    0x0800247c   0x00000002   Code   RO          166    i.I2C1_ER_IRQHandler  stm32f10x_it.o
    0x0800247e   0x00000002   Code   RO          167    i.I2C1_EV_IRQHandler  stm32f10x_it.o
    0x08002480   0x00000002   Code   RO          168    i.I2C2_ER_IRQHandler  stm32f10x_it.o
    0x08002482   0x00000002   Code   RO          169    i.I2C2_EV_IRQHandler  stm32f10x_it.o
    0x08002484   0x0000002c   Code   RO          825    i.I2C_Pulse         i2c.o
    0x080024b0   0x0000025e   Code   RO          826    i.I2C_Read          i2c.o
    0x0800270e   0x00000002   PAD
    0x08002710   0x0000029c   Code   RO          827    i.I2C_ReadBuffer    i2c.o
    0x080029ac   0x0000003c   Code   RO          828    i.I2C_StartCondition  i2c.o
    0x080029e8   0x0000001e   Code   RO          829    i.I2C_StopCondition  i2c.o
    0x08002a06   0x0000019e   Code   RO          830    i.I2C_Write         i2c.o
    0x08002ba4   0x00000004   Code   RO          170    i.MemManage_Handler  stm32f10x_it.o
    0x08002ba8   0x00000002   Code   RO          171    i.NMI_Handler       stm32f10x_it.o
    0x08002baa   0x00000002   PAD
    0x08002bac   0x00000070   Code   RO         2787    i.NVIC_Init         misc.o
    0x08002c1c   0x00000002   Code   RO          172    i.PVD_IRQHandler    stm32f10x_it.o
    0x08002c1e   0x00000002   Code   RO          173    i.PendSV_Handler    stm32f10x_it.o
    0x08002c20   0x00000032   Code   RO          567    i.Pulse_SCL         gpio.o
    0x08002c52   0x00000002   PAD
    0x08002c54   0x00000020   Code   RO         1860    i.RCC_AHBPeriphClockCmd  stm32f10x_rcc.o
    0x08002c74   0x00000020   Code   RO         1861    i.RCC_APB1PeriphClockCmd  stm32f10x_rcc.o
    0x08002c94   0x00000020   Code   RO         1863    i.RCC_APB2PeriphClockCmd  stm32f10x_rcc.o
    0x08002cb4   0x000000d4   Code   RO         1871    i.RCC_GetClocksFreq  stm32f10x_rcc.o
    0x08002d88   0x00000002   Code   RO          174    i.RCC_IRQHandler    stm32f10x_it.o
    0x08002d8a   0x00000002   Code   RO          175    i.RTCAlarm_IRQHandler  stm32f10x_it.o
    0x08002d8c   0x00000002   Code   RO          176    i.RTC_IRQHandler    stm32f10x_it.o
    0x08002d8e   0x0000006c   Code   RO          675    i.Receive_data      uart.o
    0x08002dfa   0x00000002   PAD
    0x08002dfc   0x000000ac   Code   RO          568    i.Reset_SCL         gpio.o
    0x08002ea8   0x000000b4   Code   RO          569    i.Reset_SDO         gpio.o
    0x08002f5c   0x00000020   Code   RO          955    i.SHT1x_ACK         sht1x.o
    0x08002f7c   0x00000034   Code   RO          956    i.SHT1x_CRC8_Check  sht1x.o
    0x08002fb0   0x00000150   Code   RO          957    i.SHT1x_Read        sht1x.o
    0x08003100   0x0000004e   Code   RO          958    i.SHT1x_StartCondition  sht1x.o
    0x0800314e   0x0000001a   Code   RO          959    i.SHT1x_StopCondition  sht1x.o
    0x08003168   0x00000002   Code   RO          178    i.SPI1_IRQHandler   stm32f10x_it.o
    0x0800316a   0x00000002   Code   RO          179    i.SPI2_IRQHandler   stm32f10x_it.o
    0x0800316c   0x00000002   Code   RO          181    i.SVC_Handler       stm32f10x_it.o
    0x0800316e   0x00000008   Code   RO         2834    i.SetSysClock       system_stm32f10x.o
    0x08003176   0x00000002   PAD
    0x08003178   0x00000098   Code   RO         2835    i.SetSysClockTo64HSI  system_stm32f10x.o
    0x08003210   0x000000ac   Code   RO          570    i.Set_SCL           gpio.o
    0x080032bc   0x000000ac   Code   RO          571    i.Set_SDO           gpio.o
    0x08003368   0x00000040   Code   RO          572    i.State_SDI         gpio.o
    0x080033a8   0x000000b4   Code   RO          573    i.State_SDO         gpio.o
    0x0800345c   0x00000010   Code   RO          182    i.SysTick_Handler   stm32f10x_it.o
    0x0800346c   0x00000054   Code   RO         2837    i.SystemInit        system_stm32f10x.o
    0x080034c0   0x0000000c   Code   RO          787    i.System_GetTick    timer.o
    0x080034cc   0x0000005c   Code   RO          788    i.Systick_init      timer.o
    0x08003528   0x00000002   Code   RO          183    i.TAMPER_IRQHandler  stm32f10x_it.o
    0x0800352a   0x00000002   Code   RO          184    i.TIM1_BRK_IRQHandler  stm32f10x_it.o
    0x0800352c   0x00000002   Code   RO          185    i.TIM1_CC_IRQHandler  stm32f10x_it.o
    0x0800352e   0x00000002   Code   RO          186    i.TIM1_TRG_COM_IRQHandler  stm32f10x_it.o
    0x08003530   0x00000002   Code   RO          187    i.TIM1_UP_IRQHandler  stm32f10x_it.o
    0x08003532   0x00000002   PAD
    0x08003534   0x000000c4   Code   RO          188    i.TIM2_IRQHandler   stm32f10x_it.o
    0x080035f8   0x00000010   Code   RO          189    i.TIM3_IRQHandler   stm32f10x_it.o
    0x08003608   0x00000010   Code   RO          190    i.TIM4_IRQHandler   stm32f10x_it.o
    0x08003618   0x00000090   Code   RO          789    i.TIMER_init        timer.o
    0x080036a8   0x00000006   Code   RO         2070    i.TIM_ClearITPendingBit  stm32f10x_tim.o
    0x080036ae   0x00000018   Code   RO         2075    i.TIM_Cmd           stm32f10x_tim.o
    0x080036c6   0x00000022   Code   RO         2096    i.TIM_GetITStatus   stm32f10x_tim.o
    0x080036e8   0x00000012   Code   RO         2100    i.TIM_ITConfig      stm32f10x_tim.o
    0x080036fa   0x00000004   Code   RO         2140    i.TIM_SetCounter    stm32f10x_tim.o
    0x080036fe   0x00000002   PAD
    0x08003700   0x000000a4   Code   RO         2146    i.TIM_TimeBaseInit  stm32f10x_tim.o
    0x080037a4   0x0000004c   Code   RO          676    i.Transmit_Cmd      uart.o
    0x080037f0   0x00000078   Code   RO          677    i.UART_init         uart.o
    0x08003868   0x00000054   Code   RO          200    i.USART1_IRQHandler  stm32f10x_it.o
    0x080038bc   0x00000054   Code   RO          201    i.USART2_IRQHandler  stm32f10x_it.o
    0x08003910   0x00000054   Code   RO          202    i.USART3_IRQHandler  stm32f10x_it.o
    0x08003964   0x00000012   Code   RO         2607    i.USART_ClearFlag   stm32f10x_usart.o
    0x08003976   0x00000018   Code   RO         2611    i.USART_Cmd         stm32f10x_usart.o
    0x0800398e   0x0000001a   Code   RO         2614    i.USART_GetFlagStatus  stm32f10x_usart.o
    0x080039a8   0x0000004a   Code   RO         2617    i.USART_ITConfig    stm32f10x_usart.o
    0x080039f2   0x00000002   PAD
    0x080039f4   0x000000d8   Code   RO         2618    i.USART_Init        stm32f10x_usart.o
    0x08003acc   0x0000000a   Code   RO         2625    i.USART_ReceiveData  stm32f10x_usart.o
    0x08003ad6   0x00000008   Code   RO         2628    i.USART_SendData    stm32f10x_usart.o
    0x08003ade   0x00000002   Code   RO          203    i.USBWakeUp_IRQHandler  stm32f10x_it.o
    0x08003ae0   0x00000004   Code   RO          206    i.UsageFault_Handler  stm32f10x_it.o
    0x08003ae4   0x000001e8   Code   RO         1117    i.WIND_DIRECT_Read  ygc-series.o
    0x08003ccc   0x0000016c   Code   RO         1118    i.WIND_SPEED_Read   ygc-series.o
    0x08003e38   0x00000002   Code   RO          207    i.WWDG_IRQHandler   stm32f10x_it.o
    0x08003e3a   0x00000134   Code   RO         1199    i.WinSen_DIGITAL_Read  winsen-series.o
    0x08003f6e   0x00000002   PAD
    0x08003f70   0x000002a0   Code   RO         1200    i.WinSen_UART_Read  winsen-series.o
    0x08004210   0x00000062   Code   RO         1119    i.Wind_CRC16        ygc-series.o
    0x08004272   0x00000002   PAD
    0x08004274   0x00000020   Code   RO         3133    i.__0printf         mc_w.l(printfa.o)
    0x08004294   0x00000028   Code   RO         3205    i.__ARM_fpclassify  m_ws.l(fpclassify.o)
    0x080042bc   0x000000aa   Code   RO         3217    i.__kernel_poly     m_ws.l(poly.o)
    0x08004366   0x00000002   PAD
    0x08004368   0x00000010   Code   RO         3191    i.__mathlib_dbl_divzero  m_ws.l(dunder.o)
    0x08004378   0x00000006   Code   RO         3192    i.__mathlib_dbl_infnan  m_ws.l(dunder.o)
    0x0800437e   0x00000004   Code   RO         3193    i.__mathlib_dbl_infnan2  m_ws.l(dunder.o)
    0x08004382   0x0000000c   Code   RO         3194    i.__mathlib_dbl_invalid  m_ws.l(dunder.o)
    0x0800438e   0x0000000e   Code   RO         3195    i.__mathlib_dbl_overflow  m_ws.l(dunder.o)
    0x0800439c   0x00000010   Code   RO         3197    i.__mathlib_dbl_underflow  m_ws.l(dunder.o)
    0x080043ac   0x0000000e   Code   RO         3275    i.__scatterload_copy  mc_w.l(handlers.o)
    0x080043ba   0x00000002   Code   RO         3276    i.__scatterload_null  mc_w.l(handlers.o)
    0x080043bc   0x0000000e   Code   RO         3277    i.__scatterload_zeroinit  mc_w.l(handlers.o)
    0x080043ca   0x00000002   PAD
    0x080043cc   0x0000000c   Code   RO         3255    i.__set_errno       mc_w.l(errno.o)
    0x080043d8   0x00000164   Code   RO         3140    i._fp_digits        mc_w.l(printfa.o)
    0x0800453c   0x000006dc   Code   RO         3141    i._printf_core      mc_w.l(printfa.o)
    0x08004c18   0x00000024   Code   RO         3142    i._printf_post_padding  mc_w.l(printfa.o)
    0x08004c3c   0x0000002e   Code   RO         3143    i._printf_pre_padding  mc_w.l(printfa.o)
    0x08004c6a   0x00000002   PAD
    0x08004c6c   0x00000078   Code   RO          678    i.analyze_Packet    uart.o
    0x08004ce4   0x0000032c   Code   RO          937    i.config_ADC        adc.o
    0x08005010   0x00000318   Code   RO          574    i.config_DIGITAL    gpio.o
    0x08005328   0x00000110   Code   RO          575    i.config_SDO_Input  gpio.o
    0x08005438   0x00000110   Code   RO          576    i.config_SDO_Output  gpio.o
    0x08005548   0x00000144   Code   RO          679    i.config_UART       uart.o
    0x0800568c   0x00000054   Code   RO          577    i.config_port       gpio.o
    0x080056e0   0x0000008c   Code   RO          874    i.default_value     flash.o
    0x0800576c   0x00000016   Code   RO          578    i.delay_ms          gpio.o
    0x08005782   0x00000014   Code   RO          579    i.delay_us          gpio.o
    0x08005796   0x00000002   PAD
    0x08005798   0x00000024   Code   RO            1    i.fputc             main.o
    0x080057bc   0x00000074   Code   RO         1068    i.get_CO            mq-series.o
    0x08005830   0x0000001c   Code   RO          680    i.get_Checksum      uart.o
    0x0800584c   0x00000074   Code   RO         1033    i.get_Dust          zh03b.o
    0x080058c0   0x00000074   Code   RO         1069    i.get_GAS           mq-series.o
    0x08005934   0x00000074   Code   RO         1070    i.get_H2            mq-series.o
    0x080059a8   0x0000007c   Code   RO         1162    i.get_Pressure      bmp180.o
    0x08005a24   0x00000074   Code   RO          960    i.get_RH            sht1x.o
    0x08005a98   0x00000078   Code   RO         1008    i.get_Temp          ds18b20.o
    0x08005b10   0x00000078   Code   RO         1201    i.get_WINSEN        winsen-series.o
    0x08005b88   0x00000080   Code   RO         1120    i.get_Wind_Direct   ygc-series.o
    0x08005c08   0x00000074   Code   RO         1121    i.get_Wind_Speed    ygc-series.o
    0x08005c7c   0x0000035c   Code   RO         3208    i.log               m_ws.l(log.o)
    0x08005fd8   0x000000e4   Code   RO         2876    i.log10             m_ws.l(log10.o)
    0x080060bc   0x00000f00   Code   RO            2    i.main              main.o
    0x08006fbc   0x000009d8   Code   RO         2884    i.pow               m_ws.l(pow.o)
    0x08007994   0x00000024   Code   RO          875    i.read_FLASH        flash.o
    0x080079b8   0x0000004c   Code   RO         3221    i.sqrt              m_ws.l(sqrt.o)
    0x08007a04   0x00000068   Code   RO            3    i.start_value       main.o
    0x08007a6c   0x00000040   Code   RO            4    i.system_init       main.o
    0x08007aac   0x0000001a   Code   RO          681    i.uart2_putData     uart.o
    0x08007ac6   0x00000002   PAD
    0x08007ac8   0x00000020   Code   RO          682    i.uart2_putchar     uart.o
    0x08007ae8   0x0000001a   Code   RO          683    i.uart3_putData     uart.o
    0x08007b02   0x00000002   PAD
    0x08007b04   0x00000020   Code   RO          684    i.uart3_putchar     uart.o
    0x08007b24   0x0000003c   Code   RO          685    i.uartPC_putData    uart.o
    0x08007b60   0x00000020   Code   RO          686    i.uartPC_putchar    uart.o
    0x08007b80   0x000000d8   Code   RO          876    i.write_FLASH       flash.o
    0x08007c58   0x00000088   Data   RO         2885    .constdata          m_ws.l(pow.o)
    0x08007ce0   0x00000038   Data   RO         3209    .constdata          m_ws.l(log.o)
    0x08007d18   0x00000008   Data   RO         3219    .constdata          m_ws.l(qnan.o)
    0x08007d20   0x00000020   Data   RO         3273    Region$$Table       anon$$obj.o


    Execution Region RW_IRAM1 (Base: 0x20000000, Size: 0x000009b0, Max: 0x00005000, ABSOLUTE)

    Base Addr    Size         Type   Attr      Idx    E Section Name        Object

    0x20000000   0x00000009   Data   RW          581    .data               gpio.o
    0x20000009   0x00000003   PAD
    0x2000000c   0x00000004   Data   RW          790    .data               timer.o
    0x20000010   0x00000006   Data   RW          938    .data               adc.o
    0x20000016   0x00000002   PAD
    0x20000018   0x00000020   Data   RW         1034    .data               zh03b.o
    0x20000038   0x00000040   Data   RW         1122    .data               ygc-series.o
    0x20000078   0x00000020   Data   RW         1202    .data               winsen-series.o
    0x20000098   0x00000014   Data   RW         1891    .data               stm32f10x_rcc.o
    0x200000ac   0x00000004   Data   RW         3242    .data               mc_w.l(stdout.o)
    0x200000b0   0x00000004   Data   RW         3256    .data               mc_w.l(errno.o)
    0x200000b4   0x0000005c   Zero   RW          580    .bss                gpio.o
    0x20000110   0x00000190   Zero   RW          689    .bss                uart.o
    0x200002a0   0x00000064   Zero   RW          831    .bss                i2c.o
    0x20000304   0x00000118   Zero   RW          877    .bss                flash.o
    0x2000041c   0x00000004   PAD
    0x20000420   0x00000030   Zero   RW          961    .bss                sht1x.o
    0x20000450   0x00000018   Zero   RW         1009    .bss                ds18b20.o
    0x20000468   0x000000f0   Zero   RW         1071    .bss                mq-series.o
    0x20000558   0x00000058   Zero   RW         1163    .bss                bmp180.o
    0x200005b0   0x00000400   Zero   RW         2868    STACK               startup_stm32f10x_md.o


==============================================================================

Image component sizes


      Code (inc. data)   RO Data    RW Data    ZI Data      Debug   Object Name

       812         34          0          6          0       1701   adc.o
       636         30          0          0         88       3937   bmp180.o
         0          0          0          0          0         32   core_cm3.o
       784         16          0          0         24       2709   ds18b20.o
       604        156          0          0        280       3794   flash.o
      2552        146          0          9         92      10134   gpio.o
      1822          4          0          0        100       6267   i2c.o
      4044        430          0          0          0     285474   main.o
       112         12          0          0          0       1196   misc.o
      3016        272          0          0        240       5075   mq-series.o
       640         18          0          0         48       5261   sht1x.o
        36          8        236          0       1024        940   startup_stm32f10x_md.o
       390         10          0          0          0       8197   stm32f10x_adc.o
        82          0          0          0          0       2481   stm32f10x_dma.o
       330         32          0          0          0       5446   stm32f10x_flash.o
       306          0          0          0          0       3496   stm32f10x_gpio.o
       586         48          0          0          0      22915   stm32f10x_it.o
       308         38          0         20          0       5454   stm32f10x_rcc.o
       250         42          0          0          0       4647   stm32f10x_tim.o
       376          6          0          0          0       6607   stm32f10x_usart.o
       244         22          0          0          0       2265   system_stm32f10x.o
       248         28          0          4          0      17586   timer.o
       984         66          0          0        400      10477   uart.o
      1100         14          0         32          0       4132   winsen-series.o
      1194         40          0         64          0       4902   ygc-series.o
      1484         28          0         32          0       3423   zh03b.o

    ----------------------------------------------------------------------
     22978       1500        268        172       2300     428548   Object Totals
         0          0         32          0          0          0   (incl. Generated)
        38          0          0          5          4          0   (incl. Padding)

    ----------------------------------------------------------------------

      Code (inc. data)   RO Data    RW Data    ZI Data      Debug   Library Member Name

        68         10          0          0          0        408   dunder.o
        40          0          0          0          0         68   fpclassify.o
       860         52         56          0          0        256   log.o
       228         30          0          0          0        120   log10.o
       170          0          0          0          0         96   poly.o
      2520        190        136          0          0        324   pow.o
         0          0          8          0          0          0   qnan.o
        76          0          0          0          0         84   sqrt.o
         0          0          0          0          0          0   entry.o
         0          0          0          0          0          0   entry10a.o
         0          0          0          0          0          0   entry11a.o
         8          4          0          0          0          0   entry2.o
         4          0          0          0          0          0   entry5.o
         0          0          0          0          0          0   entry7b.o
         0          0          0          0          0          0   entry8b.o
         8          4          0          0          0          0   entry9a.o
        12          6          0          4          0         68   errno.o
        30          0          0          0          0          0   handlers.o
        36          8          0          0          0         68   init.o
         0          0          0          0          0          0   iusefp.o
        30          0          0          0          0         68   llshl.o
        36          0          0          0          0         68   llsshr.o
        32          0          0          0          0         68   llushr.o
        36          0          0          0          0         68   memcpya.o
      2226         90          0          0          0        444   printfa.o
         0          0          0          4          0          0   stdout.o
        44          0          0          0          0         80   uidiv.o
        98          0          0          0          0         92   uldiv.o
        48          0          0          0          0         68   cdcmple.o
        48          0          0          0          0         68   cdrcmple.o
       334          0          0          0          0        148   dadd.o
       222          0          0          0          0        100   ddiv.o
       186          0          0          0          0        176   depilogue.o
        50          0          0          0          0         76   dfixui.o
        48          0          0          0          0         68   dfixul.o
        34          0          0          0          0         76   dflti.o
        26          0          0          0          0         76   dfltui.o
       228          0          0          0          0         96   dmul.o
        46          0          0          0          0         80   dscalb.o
       162          0          0          0          0        100   dsqrt.o
        38          0          0          0          0         68   f2d.o
       176          0          0          0          0        140   fadd.o
       124          0          0          0          0         88   fdiv.o
       110          0          0          0          0        168   fepilogue.o
        40          0          0          0          0         68   ffixui.o
        18          0          0          0          0         68   fflti.o
        10          0          0          0          0         68   ffltui.o
       100          0          0          0          0         76   fmul.o

    ----------------------------------------------------------------------
      8618        394        200          8          0       4256   Library Totals
         8          0          0          0          0          0   (incl. Padding)

    ----------------------------------------------------------------------

      Code (inc. data)   RO Data    RW Data    ZI Data      Debug   Library Name

      3962        282        200          0          0       1356   m_ws.l
      2600        112          0          8          0       1024   mc_w.l
      2048          0          0          0          0       1876   mf_w.l

    ----------------------------------------------------------------------
      8618        394        200          8          0       4256   Library Totals

    ----------------------------------------------------------------------

==============================================================================


      Code (inc. data)   RO Data    RW Data    ZI Data      Debug   

     31596       1894        468        180       2300     422608   Grand Totals
     31596       1894        468        180       2300     422608   ELF Image Totals
     31596       1894        468        180          0          0   ROM Totals

==============================================================================

    Total RO  Size (Code + RO Data)                32064 (  31.31kB)
    Total RW  Size (RW Data + ZI Data)              2480 (   2.42kB)
    Total ROM Size (Code + RO Data + RW Data)      32244 (  31.49kB)

==============================================================================

