Component: ARM Compiler 5.06 update 5 (build 528) Tool: armlink [4d35e2]

==============================================================================

Section Cross References

    main.o(i.fputc) refers to stm32f10x_usart.o(i.USART_SendData) for USART_SendData
    main.o(i.fputc) refers to stm32f10x_usart.o(i.USART_GetFlagStatus) for USART_GetFlagStatus
    main.o(i.main) refers to gpio.o(i.GPIO_init) for GPIO_init
    main.o(i.main) refers to uart.o(i.UART_init) for UART_init
    main.o(i.main) refers to adc.o(i.ADC_init) for ADC_init
    main.o(i.main) refers to timer.o(i.TIMER_init) for TIMER_init
    main.o(i.main) refers to timer.o(i.Systick_init) for Systick_init
    main.o(i.main) refers to main.o(i.start_value) for start_value
    main.o(i.main) refers to flash.o(i.read_FLASH) for read_FLASH
    main.o(i.main) refers to timer.o(i.System_GetTick) for System_GetTick
    main.o(i.main) refers to stm32f10x_gpio.o(i.GPIO_WriteBit) for GPIO_WriteBit
    main.o(i.main) refers to dht22.o(i.DHT22_Read) for DHT22_Read
    main.o(i.main) refers to flash.o(i.write_FLASH) for write_FLASH
    main.o(i.main) refers to adc.o(i.check_DRIVER) for check_DRIVER
    main.o(i.main) refers to uart.o(i.get_StreetLight) for get_StreetLight
    main.o(i.main) refers to gpio.o(i.delay_ms) for delay_ms
    main.o(i.main) refers to uart.o(i.uartGW_putData) for uartGW_putData
    main.o(i.main) refers to dht22.o(.bss) for dht22
    main.o(i.main) refers to adc.o(.bss) for adc_check
    main.o(i.main) refers to uart.o(.bss) for UART_rf
    main.o(i.start_value) refers to timer.o(.data) for systick
    main.o(i.start_value) refers to uart.o(.bss) for UART_rf
    main.o(i.start_value) refers to dht22.o(.bss) for dht22
    main.o(i.start_value) refers to adc.o(.bss) for adc_check
    stm32f10x_it.o(i.SysTick_Handler) refers to timer.o(.data) for systick
    stm32f10x_it.o(i.TIM2_IRQHandler) refers to stm32f10x_tim.o(i.TIM_GetITStatus) for TIM_GetITStatus
    stm32f10x_it.o(i.TIM2_IRQHandler) refers to stm32f10x_tim.o(i.TIM_Cmd) for TIM_Cmd
    stm32f10x_it.o(i.TIM2_IRQHandler) refers to stm32f10x_tim.o(i.TIM_ClearITPendingBit) for TIM_ClearITPendingBit
    stm32f10x_it.o(i.TIM2_IRQHandler) refers to uart.o(.bss) for UART_rf
    stm32f10x_it.o(i.TIM3_IRQHandler) refers to stm32f10x_tim.o(i.TIM_ClearITPendingBit) for TIM_ClearITPendingBit
    stm32f10x_it.o(i.TIM4_IRQHandler) refers to stm32f10x_tim.o(i.TIM_ClearITPendingBit) for TIM_ClearITPendingBit
    stm32f10x_it.o(i.USART1_IRQHandler) refers to stm32f10x_usart.o(i.USART_GetFlagStatus) for USART_GetFlagStatus
    stm32f10x_it.o(i.USART1_IRQHandler) refers to stm32f10x_usart.o(i.USART_ReceiveData) for USART_ReceiveData
    stm32f10x_it.o(i.USART1_IRQHandler) refers to stm32f10x_tim.o(i.TIM_SetCounter) for TIM_SetCounter
    stm32f10x_it.o(i.USART1_IRQHandler) refers to stm32f10x_tim.o(i.TIM_Cmd) for TIM_Cmd
    stm32f10x_it.o(i.USART1_IRQHandler) refers to uart.o(.bss) for UART_rf
    gpio.o(i.GPIO_init) refers to stm32f10x_rcc.o(i.RCC_APB2PeriphClockCmd) for RCC_APB2PeriphClockCmd
    gpio.o(i.GPIO_init) refers to stm32f10x_gpio.o(i.GPIO_Init) for GPIO_Init
    gpio.o(i.GPIO_init) refers to stm32f10x_gpio.o(i.GPIO_WriteBit) for GPIO_WriteBit
    gpio.o(i.GPIO_init) refers to gpio.o(.data) for GPIO_InitStructure
    gpio.o(i.Pulse_SCL) refers to gpio.o(i.delay_us) for delay_us
    gpio.o(i.Pulse_SCL) refers to stm32f10x_gpio.o(i.GPIO_WriteBit) for GPIO_WriteBit
    gpio.o(i.SDA_Input) refers to stm32f10x_gpio.o(i.GPIO_Init) for GPIO_Init
    gpio.o(i.SDA_Input) refers to gpio.o(.data) for GPIO_InitStructure
    gpio.o(i.SDA_Output) refers to stm32f10x_gpio.o(i.GPIO_Init) for GPIO_Init
    gpio.o(i.SDA_Output) refers to gpio.o(.data) for GPIO_InitStructure
    gpio.o(i.State_SDA) refers to stm32f10x_gpio.o(i.GPIO_ReadInputDataBit) for GPIO_ReadInputDataBit
    uart.o(i.UART_init) refers to stm32f10x_rcc.o(i.RCC_APB2PeriphClockCmd) for RCC_APB2PeriphClockCmd
    uart.o(i.UART_init) refers to stm32f10x_rcc.o(i.RCC_APB1PeriphClockCmd) for RCC_APB1PeriphClockCmd
    uart.o(i.UART_init) refers to stm32f10x_usart.o(i.USART_Init) for USART_Init
    uart.o(i.UART_init) refers to stm32f10x_usart.o(i.USART_Cmd) for USART_Cmd
    uart.o(i.UART_init) refers to stm32f10x_usart.o(i.USART_ClearFlag) for USART_ClearFlag
    uart.o(i.UART_init) refers to misc.o(i.NVIC_Init) for NVIC_Init
    uart.o(i.UART_init) refers to stm32f10x_usart.o(i.USART_ITConfig) for USART_ITConfig
    uart.o(i.UART_init) refers to gpio.o(.bss) for UART_InitStructure
    uart.o(i.UART_init) refers to gpio.o(.data) for NVIC_InitStructure
    uart.o(i.get_Humi) refers to uart.o(i.uartPC_putchar) for uartPC_putchar
    uart.o(i.get_Humi) refers to uart.o(i.uartPC_putData) for uartPC_putData
    uart.o(i.get_Humi) refers to uart.o(.bss) for UART_rf
    uart.o(i.get_Humi) refers to dht22.o(.bss) for dht22
    uart.o(i.get_StreetLight) refers to uart.o(i.uartPC_putchar) for uartPC_putchar
    uart.o(i.get_StreetLight) refers to uart.o(i.uartPC_putData) for uartPC_putData
    uart.o(i.get_StreetLight) refers to uart.o(.bss) for UART_rf
    uart.o(i.get_StreetLight) refers to dht22.o(.bss) for dht22
    uart.o(i.get_StreetLight) refers to adc.o(.bss) for adc_check
    uart.o(i.get_Temp) refers to uart.o(i.uartPC_putchar) for uartPC_putchar
    uart.o(i.get_Temp) refers to uart.o(i.uartPC_putData) for uartPC_putData
    uart.o(i.get_Temp) refers to uart.o(.bss) for UART_rf
    uart.o(i.get_Temp) refers to dht22.o(.bss) for dht22
    uart.o(i.uartGW_putData) refers to uart.o(i.uartGW_putchar) for uartGW_putchar
    uart.o(i.uartGW_putchar) refers to stm32f10x_usart.o(i.USART_SendData) for USART_SendData
    uart.o(i.uartGW_putchar) refers to stm32f10x_usart.o(i.USART_GetFlagStatus) for USART_GetFlagStatus
    uart.o(i.uartPC_putData) refers to uart.o(i.uartPC_putchar) for uartPC_putchar
    uart.o(i.uartPC_putData) refers to uart.o(.bss) for UART_rf
    uart.o(i.uartPC_putchar) refers to stm32f10x_usart.o(i.USART_SendData) for USART_SendData
    uart.o(i.uartPC_putchar) refers to stm32f10x_usart.o(i.USART_GetFlagStatus) for USART_GetFlagStatus
    uart.o(i.uart_putData) refers to uart.o(i.uart_putchar) for uart_putchar
    uart.o(i.uart_putchar) refers to stm32f10x_usart.o(i.USART_SendData) for USART_SendData
    uart.o(i.uart_putchar) refers to stm32f10x_usart.o(i.USART_GetFlagStatus) for USART_GetFlagStatus
    timer.o(i.System_GetTick) refers to timer.o(.data) for systick
    timer.o(i.TIMER_init) refers to stm32f10x_rcc.o(i.RCC_APB1PeriphClockCmd) for RCC_APB1PeriphClockCmd
    timer.o(i.TIMER_init) refers to stm32f10x_tim.o(i.TIM_TimeBaseInit) for TIM_TimeBaseInit
    timer.o(i.TIMER_init) refers to stm32f10x_tim.o(i.TIM_ITConfig) for TIM_ITConfig
    timer.o(i.TIMER_init) refers to stm32f10x_tim.o(i.TIM_Cmd) for TIM_Cmd
    timer.o(i.TIMER_init) refers to misc.o(i.NVIC_Init) for NVIC_Init
    timer.o(i.TIMER_init) refers to gpio.o(.bss) for TIM_TimeBaseStructure
    timer.o(i.TIMER_init) refers to gpio.o(.data) for NVIC_InitStructure
    sht1x.o(i.SHT1x_ACK) refers to gpio.o(i.SDA_Output) for SDA_Output
    sht1x.o(i.SHT1x_ACK) refers to stm32f10x_gpio.o(i.GPIO_WriteBit) for GPIO_WriteBit
    sht1x.o(i.SHT1x_ACK) refers to gpio.o(i.Pulse_SCL) for Pulse_SCL
    sht1x.o(i.SHT1x_ACK) refers to gpio.o(i.SDA_Input) for SDA_Input
    sht1x.o(i.SHT1x_Read) refers to sht1x.o(i.SHT1x_StartCondition) for SHT1x_StartCondition
    sht1x.o(i.SHT1x_Read) refers to stm32f10x_gpio.o(i.GPIO_WriteBit) for GPIO_WriteBit
    sht1x.o(i.SHT1x_Read) refers to gpio.o(i.Pulse_SCL) for Pulse_SCL
    sht1x.o(i.SHT1x_Read) refers to gpio.o(i.delay_us) for delay_us
    sht1x.o(i.SHT1x_Read) refers to gpio.o(i.SDA_Input) for SDA_Input
    sht1x.o(i.SHT1x_Read) refers to gpio.o(i.State_SDA) for State_SDA
    sht1x.o(i.SHT1x_Read) refers to sht1x.o(i.SHT1x_ACK) for SHT1x_ACK
    sht1x.o(i.SHT1x_Read) refers to sht1x.o(i.SHT1x_StopCondition) for SHT1x_StopCondition
    sht1x.o(i.SHT1x_Read) refers to sht1x.o(.bss) for RH
    sht1x.o(i.SHT1x_StartCondition) refers to gpio.o(i.SDA_Output) for SDA_Output
    sht1x.o(i.SHT1x_StartCondition) refers to stm32f10x_gpio.o(i.GPIO_WriteBit) for GPIO_WriteBit
    sht1x.o(i.SHT1x_StartCondition) refers to gpio.o(i.delay_us) for delay_us
    sht1x.o(i.SHT1x_StopCondition) refers to gpio.o(i.SDA_Output) for SDA_Output
    sht1x.o(i.SHT1x_StopCondition) refers to stm32f10x_gpio.o(i.GPIO_WriteBit) for GPIO_WriteBit
    sht1x.o(i.SHT1x_StopCondition) refers to gpio.o(i.Pulse_SCL) for Pulse_SCL
    flash.o(i.default_value) refers to flash.o(i.write_FLASH) for write_FLASH
    flash.o(i.default_value) refers to dht22.o(.bss) for dht22
    flash.o(i.read_FLASH) refers to flash.o(i.default_value) for default_value
    flash.o(i.read_FLASH) refers to flash.o(.bss) for flash
    flash.o(i.read_FLASH) refers to dht22.o(.bss) for dht22
    flash.o(i.write_FLASH) refers to stm32f10x_flash.o(i.FLASH_Unlock) for FLASH_Unlock
    flash.o(i.write_FLASH) refers to stm32f10x_flash.o(i.FLASH_ErasePage) for FLASH_ErasePage
    flash.o(i.write_FLASH) refers to stm32f10x_flash.o(i.FLASH_ProgramWord) for FLASH_ProgramWord
    flash.o(i.write_FLASH) refers to stm32f10x_flash.o(i.FLASH_Lock) for FLASH_Lock
    flash.o(i.write_FLASH) refers to flash.o(.bss) for flash
    flash.o(i.write_FLASH) refers to dht22.o(.bss) for dht22
    adc.o(i.ADC_init) refers to stm32f10x_rcc.o(i.RCC_APB2PeriphClockCmd) for RCC_APB2PeriphClockCmd
    adc.o(i.ADC_init) refers to stm32f10x_rcc.o(i.RCC_AHBPeriphClockCmd) for RCC_AHBPeriphClockCmd
    adc.o(i.ADC_init) refers to stm32f10x_dma.o(i.DMA_Init) for DMA_Init
    adc.o(i.ADC_init) refers to stm32f10x_dma.o(i.DMA_Cmd) for DMA_Cmd
    adc.o(i.ADC_init) refers to stm32f10x_adc.o(i.ADC_Init) for ADC_Init
    adc.o(i.ADC_init) refers to stm32f10x_adc.o(i.ADC_RegularChannelConfig) for ADC_RegularChannelConfig
    adc.o(i.ADC_init) refers to stm32f10x_adc.o(i.ADC_DMACmd) for ADC_DMACmd
    adc.o(i.ADC_init) refers to stm32f10x_adc.o(i.ADC_Cmd) for ADC_Cmd
    adc.o(i.ADC_init) refers to stm32f10x_adc.o(i.ADC_ResetCalibration) for ADC_ResetCalibration
    adc.o(i.ADC_init) refers to stm32f10x_adc.o(i.ADC_GetResetCalibrationStatus) for ADC_GetResetCalibrationStatus
    adc.o(i.ADC_init) refers to stm32f10x_adc.o(i.ADC_StartCalibration) for ADC_StartCalibration
    adc.o(i.ADC_init) refers to stm32f10x_adc.o(i.ADC_GetCalibrationStatus) for ADC_GetCalibrationStatus
    adc.o(i.ADC_init) refers to stm32f10x_adc.o(i.ADC_SoftwareStartConvCmd) for ADC_SoftwareStartConvCmd
    adc.o(i.ADC_init) refers to gpio.o(.bss) for DMA_InitStructure
    adc.o(i.ADC_init) refers to adc.o(.bss) for adc_check
    adc.o(i.check_DRIVER) refers to adc.o(.bss) for adc_check
    dht22.o(i.DHT22_Read) refers to gpio.o(i.SDA_Output) for SDA_Output
    dht22.o(i.DHT22_Read) refers to stm32f10x_gpio.o(i.GPIO_WriteBit) for GPIO_WriteBit
    dht22.o(i.DHT22_Read) refers to gpio.o(i.delay_ms) for delay_ms
    dht22.o(i.DHT22_Read) refers to gpio.o(i.SDA_Input) for SDA_Input
    dht22.o(i.DHT22_Read) refers to gpio.o(i.State_SDA) for State_SDA
    dht22.o(i.DHT22_Read) refers to gpio.o(i.delay_us) for delay_us
    dht22.o(i.DHT22_Read) refers to stm32f10x_tim.o(i.TIM_SetCounter) for TIM_SetCounter
    dht22.o(i.DHT22_Read) refers to stm32f10x_tim.o(i.TIM_GetCounter) for TIM_GetCounter
    dht22.o(i.DHT22_Read) refers to dht22.o(.bss) for dht22
    stm32f10x_adc.o(i.ADC_DeInit) refers to stm32f10x_rcc.o(i.RCC_APB2PeriphResetCmd) for RCC_APB2PeriphResetCmd
    stm32f10x_flash.o(i.FLASH_EnableWriteProtection) refers to stm32f10x_flash.o(i.FLASH_WaitForLastOperation) for FLASH_WaitForLastOperation
    stm32f10x_flash.o(i.FLASH_EraseAllBank1Pages) refers to stm32f10x_flash.o(i.FLASH_WaitForLastBank1Operation) for FLASH_WaitForLastBank1Operation
    stm32f10x_flash.o(i.FLASH_EraseAllPages) refers to stm32f10x_flash.o(i.FLASH_WaitForLastOperation) for FLASH_WaitForLastOperation
    stm32f10x_flash.o(i.FLASH_EraseOptionBytes) refers to stm32f10x_flash.o(i.FLASH_GetReadOutProtectionStatus) for FLASH_GetReadOutProtectionStatus
    stm32f10x_flash.o(i.FLASH_EraseOptionBytes) refers to stm32f10x_flash.o(i.FLASH_WaitForLastOperation) for FLASH_WaitForLastOperation
    stm32f10x_flash.o(i.FLASH_ErasePage) refers to stm32f10x_flash.o(i.FLASH_WaitForLastOperation) for FLASH_WaitForLastOperation
    stm32f10x_flash.o(i.FLASH_ProgramHalfWord) refers to stm32f10x_flash.o(i.FLASH_WaitForLastOperation) for FLASH_WaitForLastOperation
    stm32f10x_flash.o(i.FLASH_ProgramOptionByteData) refers to stm32f10x_flash.o(i.FLASH_WaitForLastOperation) for FLASH_WaitForLastOperation
    stm32f10x_flash.o(i.FLASH_ProgramWord) refers to stm32f10x_flash.o(i.FLASH_WaitForLastOperation) for FLASH_WaitForLastOperation
    stm32f10x_flash.o(i.FLASH_ReadOutProtection) refers to stm32f10x_flash.o(i.FLASH_WaitForLastOperation) for FLASH_WaitForLastOperation
    stm32f10x_flash.o(i.FLASH_UserOptionByteConfig) refers to stm32f10x_flash.o(i.FLASH_WaitForLastOperation) for FLASH_WaitForLastOperation
    stm32f10x_flash.o(i.FLASH_WaitForLastBank1Operation) refers to stm32f10x_flash.o(i.FLASH_GetBank1Status) for FLASH_GetBank1Status
    stm32f10x_flash.o(i.FLASH_WaitForLastOperation) refers to stm32f10x_flash.o(i.FLASH_GetBank1Status) for FLASH_GetBank1Status
    stm32f10x_gpio.o(i.GPIO_AFIODeInit) refers to stm32f10x_rcc.o(i.RCC_APB2PeriphResetCmd) for RCC_APB2PeriphResetCmd
    stm32f10x_gpio.o(i.GPIO_DeInit) refers to stm32f10x_rcc.o(i.RCC_APB2PeriphResetCmd) for RCC_APB2PeriphResetCmd
    stm32f10x_rcc.o(i.RCC_GetClocksFreq) refers to stm32f10x_rcc.o(.data) for APBAHBPrescTable
    stm32f10x_rcc.o(i.RCC_WaitForHSEStartUp) refers to stm32f10x_rcc.o(i.RCC_GetFlagStatus) for RCC_GetFlagStatus
    stm32f10x_tim.o(i.TIM_DeInit) refers to stm32f10x_rcc.o(i.RCC_APB2PeriphResetCmd) for RCC_APB2PeriphResetCmd
    stm32f10x_tim.o(i.TIM_DeInit) refers to stm32f10x_rcc.o(i.RCC_APB1PeriphResetCmd) for RCC_APB1PeriphResetCmd
    stm32f10x_tim.o(i.TIM_ETRClockMode1Config) refers to stm32f10x_tim.o(i.TIM_ETRConfig) for TIM_ETRConfig
    stm32f10x_tim.o(i.TIM_ETRClockMode2Config) refers to stm32f10x_tim.o(i.TIM_ETRConfig) for TIM_ETRConfig
    stm32f10x_tim.o(i.TIM_ICInit) refers to stm32f10x_tim.o(i.TI1_Config) for TI1_Config
    stm32f10x_tim.o(i.TIM_ICInit) refers to stm32f10x_tim.o(i.TIM_SetIC1Prescaler) for TIM_SetIC1Prescaler
    stm32f10x_tim.o(i.TIM_ICInit) refers to stm32f10x_tim.o(i.TI2_Config) for TI2_Config
    stm32f10x_tim.o(i.TIM_ICInit) refers to stm32f10x_tim.o(i.TIM_SetIC2Prescaler) for TIM_SetIC2Prescaler
    stm32f10x_tim.o(i.TIM_ICInit) refers to stm32f10x_tim.o(i.TI3_Config) for TI3_Config
    stm32f10x_tim.o(i.TIM_ICInit) refers to stm32f10x_tim.o(i.TIM_SetIC3Prescaler) for TIM_SetIC3Prescaler
    stm32f10x_tim.o(i.TIM_ICInit) refers to stm32f10x_tim.o(i.TI4_Config) for TI4_Config
    stm32f10x_tim.o(i.TIM_ICInit) refers to stm32f10x_tim.o(i.TIM_SetIC4Prescaler) for TIM_SetIC4Prescaler
    stm32f10x_tim.o(i.TIM_ITRxExternalClockConfig) refers to stm32f10x_tim.o(i.TIM_SelectInputTrigger) for TIM_SelectInputTrigger
    stm32f10x_tim.o(i.TIM_PWMIConfig) refers to stm32f10x_tim.o(i.TI1_Config) for TI1_Config
    stm32f10x_tim.o(i.TIM_PWMIConfig) refers to stm32f10x_tim.o(i.TIM_SetIC1Prescaler) for TIM_SetIC1Prescaler
    stm32f10x_tim.o(i.TIM_PWMIConfig) refers to stm32f10x_tim.o(i.TI2_Config) for TI2_Config
    stm32f10x_tim.o(i.TIM_PWMIConfig) refers to stm32f10x_tim.o(i.TIM_SetIC2Prescaler) for TIM_SetIC2Prescaler
    stm32f10x_tim.o(i.TIM_TIxExternalClockConfig) refers to stm32f10x_tim.o(i.TI2_Config) for TI2_Config
    stm32f10x_tim.o(i.TIM_TIxExternalClockConfig) refers to stm32f10x_tim.o(i.TI1_Config) for TI1_Config
    stm32f10x_tim.o(i.TIM_TIxExternalClockConfig) refers to stm32f10x_tim.o(i.TIM_SelectInputTrigger) for TIM_SelectInputTrigger
    stm32f10x_usart.o(i.USART_DeInit) refers to stm32f10x_rcc.o(i.RCC_APB2PeriphResetCmd) for RCC_APB2PeriphResetCmd
    stm32f10x_usart.o(i.USART_DeInit) refers to stm32f10x_rcc.o(i.RCC_APB1PeriphResetCmd) for RCC_APB1PeriphResetCmd
    stm32f10x_usart.o(i.USART_Init) refers to stm32f10x_rcc.o(i.RCC_GetClocksFreq) for RCC_GetClocksFreq
    system_stm32f10x.o(i.SetSysClock) refers to system_stm32f10x.o(i.SetSysClockTo64HSI) for SetSysClockTo64HSI
    system_stm32f10x.o(i.SystemCoreClockUpdate) refers to system_stm32f10x.o(.data) for SystemCoreClock
    system_stm32f10x.o(i.SystemInit) refers to system_stm32f10x.o(i.SetSysClock) for SetSysClock
    startup_stm32f10x_md.o(RESET) refers to startup_stm32f10x_md.o(STACK) for __initial_sp
    startup_stm32f10x_md.o(RESET) refers to startup_stm32f10x_md.o(.text) for Reset_Handler
    startup_stm32f10x_md.o(RESET) refers to stm32f10x_it.o(i.NMI_Handler) for NMI_Handler
    startup_stm32f10x_md.o(RESET) refers to stm32f10x_it.o(i.HardFault_Handler) for HardFault_Handler
    startup_stm32f10x_md.o(RESET) refers to stm32f10x_it.o(i.MemManage_Handler) for MemManage_Handler
    startup_stm32f10x_md.o(RESET) refers to stm32f10x_it.o(i.BusFault_Handler) for BusFault_Handler
    startup_stm32f10x_md.o(RESET) refers to stm32f10x_it.o(i.UsageFault_Handler) for UsageFault_Handler
    startup_stm32f10x_md.o(RESET) refers to stm32f10x_it.o(i.SVC_Handler) for SVC_Handler
    startup_stm32f10x_md.o(RESET) refers to stm32f10x_it.o(i.DebugMon_Handler) for DebugMon_Handler
    startup_stm32f10x_md.o(RESET) refers to stm32f10x_it.o(i.PendSV_Handler) for PendSV_Handler
    startup_stm32f10x_md.o(RESET) refers to stm32f10x_it.o(i.SysTick_Handler) for SysTick_Handler
    startup_stm32f10x_md.o(RESET) refers to stm32f10x_it.o(i.WWDG_IRQHandler) for WWDG_IRQHandler
    startup_stm32f10x_md.o(RESET) refers to stm32f10x_it.o(i.PVD_IRQHandler) for PVD_IRQHandler
    startup_stm32f10x_md.o(RESET) refers to stm32f10x_it.o(i.TAMPER_IRQHandler) for TAMPER_IRQHandler
    startup_stm32f10x_md.o(RESET) refers to stm32f10x_it.o(i.RTC_IRQHandler) for RTC_IRQHandler
    startup_stm32f10x_md.o(RESET) refers to stm32f10x_it.o(i.FLASH_IRQHandler) for FLASH_IRQHandler
    startup_stm32f10x_md.o(RESET) refers to stm32f10x_it.o(i.RCC_IRQHandler) for RCC_IRQHandler
    startup_stm32f10x_md.o(RESET) refers to stm32f10x_it.o(i.EXTI0_IRQHandler) for EXTI0_IRQHandler
    startup_stm32f10x_md.o(RESET) refers to stm32f10x_it.o(i.EXTI1_IRQHandler) for EXTI1_IRQHandler
    startup_stm32f10x_md.o(RESET) refers to stm32f10x_it.o(i.EXTI2_IRQHandler) for EXTI2_IRQHandler
    startup_stm32f10x_md.o(RESET) refers to stm32f10x_it.o(i.EXTI3_IRQHandler) for EXTI3_IRQHandler
    startup_stm32f10x_md.o(RESET) refers to stm32f10x_it.o(i.EXTI4_IRQHandler) for EXTI4_IRQHandler
    startup_stm32f10x_md.o(RESET) refers to stm32f10x_it.o(i.DMA1_Channel1_IRQHandler) for DMA1_Channel1_IRQHandler
    startup_stm32f10x_md.o(RESET) refers to stm32f10x_it.o(i.DMA1_Channel2_IRQHandler) for DMA1_Channel2_IRQHandler
    startup_stm32f10x_md.o(RESET) refers to stm32f10x_it.o(i.DMA1_Channel3_IRQHandler) for DMA1_Channel3_IRQHandler
    startup_stm32f10x_md.o(RESET) refers to stm32f10x_it.o(i.DMA1_Channel4_IRQHandler) for DMA1_Channel4_IRQHandler
    startup_stm32f10x_md.o(RESET) refers to stm32f10x_it.o(i.DMA1_Channel5_IRQHandler) for DMA1_Channel5_IRQHandler
    startup_stm32f10x_md.o(RESET) refers to stm32f10x_it.o(i.DMA1_Channel6_IRQHandler) for DMA1_Channel6_IRQHandler
    startup_stm32f10x_md.o(RESET) refers to stm32f10x_it.o(i.DMA1_Channel7_IRQHandler) for DMA1_Channel7_IRQHandler
    startup_stm32f10x_md.o(RESET) refers to stm32f10x_it.o(i.ADC1_2_IRQHandler) for ADC1_2_IRQHandler
    startup_stm32f10x_md.o(RESET) refers to stm32f10x_it.o(i.EXTI9_5_IRQHandler) for EXTI9_5_IRQHandler
    startup_stm32f10x_md.o(RESET) refers to stm32f10x_it.o(i.TIM1_BRK_IRQHandler) for TIM1_BRK_IRQHandler
    startup_stm32f10x_md.o(RESET) refers to stm32f10x_it.o(i.TIM1_UP_IRQHandler) for TIM1_UP_IRQHandler
    startup_stm32f10x_md.o(RESET) refers to stm32f10x_it.o(i.TIM1_TRG_COM_IRQHandler) for TIM1_TRG_COM_IRQHandler
    startup_stm32f10x_md.o(RESET) refers to stm32f10x_it.o(i.TIM1_CC_IRQHandler) for TIM1_CC_IRQHandler
    startup_stm32f10x_md.o(RESET) refers to stm32f10x_it.o(i.TIM2_IRQHandler) for TIM2_IRQHandler
    startup_stm32f10x_md.o(RESET) refers to stm32f10x_it.o(i.TIM3_IRQHandler) for TIM3_IRQHandler
    startup_stm32f10x_md.o(RESET) refers to stm32f10x_it.o(i.TIM4_IRQHandler) for TIM4_IRQHandler
    startup_stm32f10x_md.o(RESET) refers to stm32f10x_it.o(i.I2C1_EV_IRQHandler) for I2C1_EV_IRQHandler
    startup_stm32f10x_md.o(RESET) refers to stm32f10x_it.o(i.I2C1_ER_IRQHandler) for I2C1_ER_IRQHandler
    startup_stm32f10x_md.o(RESET) refers to stm32f10x_it.o(i.I2C2_EV_IRQHandler) for I2C2_EV_IRQHandler
    startup_stm32f10x_md.o(RESET) refers to stm32f10x_it.o(i.I2C2_ER_IRQHandler) for I2C2_ER_IRQHandler
    startup_stm32f10x_md.o(RESET) refers to stm32f10x_it.o(i.SPI1_IRQHandler) for SPI1_IRQHandler
    startup_stm32f10x_md.o(RESET) refers to stm32f10x_it.o(i.SPI2_IRQHandler) for SPI2_IRQHandler
    startup_stm32f10x_md.o(RESET) refers to stm32f10x_it.o(i.USART1_IRQHandler) for USART1_IRQHandler
    startup_stm32f10x_md.o(RESET) refers to stm32f10x_it.o(i.USART2_IRQHandler) for USART2_IRQHandler
    startup_stm32f10x_md.o(RESET) refers to stm32f10x_it.o(i.USART3_IRQHandler) for USART3_IRQHandler
    startup_stm32f10x_md.o(RESET) refers to stm32f10x_it.o(i.EXTI15_10_IRQHandler) for EXTI15_10_IRQHandler
    startup_stm32f10x_md.o(RESET) refers to stm32f10x_it.o(i.RTCAlarm_IRQHandler) for RTCAlarm_IRQHandler
    startup_stm32f10x_md.o(RESET) refers to stm32f10x_it.o(i.USBWakeUp_IRQHandler) for USBWakeUp_IRQHandler
    startup_stm32f10x_md.o(.text) refers to system_stm32f10x.o(i.SystemInit) for SystemInit
    startup_stm32f10x_md.o(.text) refers to entry.o(.ARM.Collect$$$$00000000) for __main
    entry.o(.ARM.Collect$$$$00000000) refers (Special) to entry10a.o(.ARM.Collect$$$$0000000D) for __rt_final_cpp
    entry.o(.ARM.Collect$$$$00000000) refers (Special) to entry11a.o(.ARM.Collect$$$$0000000F) for __rt_final_exit
    entry.o(.ARM.Collect$$$$00000000) refers (Special) to entry7b.o(.ARM.Collect$$$$00000008) for _main_clock
    entry.o(.ARM.Collect$$$$00000000) refers (Special) to entry8b.o(.ARM.Collect$$$$0000000A) for _main_cpp_init
    entry.o(.ARM.Collect$$$$00000000) refers (Special) to entry9a.o(.ARM.Collect$$$$0000000B) for _main_init
    entry.o(.ARM.Collect$$$$00000000) refers (Special) to entry5.o(.ARM.Collect$$$$00000004) for _main_scatterload
    entry.o(.ARM.Collect$$$$00000000) refers (Special) to entry2.o(.ARM.Collect$$$$00000001) for _main_stk
    entry2.o(.ARM.Collect$$$$00000001) refers to entry2.o(.ARM.Collect$$$$00002712) for __lit__00000000
    entry2.o(.ARM.Collect$$$$00002712) refers to startup_stm32f10x_md.o(STACK) for __initial_sp
    entry2.o(__vectab_stack_and_reset_area) refers to startup_stm32f10x_md.o(STACK) for __initial_sp
    entry2.o(__vectab_stack_and_reset_area) refers to entry.o(.ARM.Collect$$$$00000000) for __main
    entry5.o(.ARM.Collect$$$$00000004) refers to init.o(.text) for __scatterload
    entry9a.o(.ARM.Collect$$$$0000000B) refers to main.o(i.main) for main
    entry9b.o(.ARM.Collect$$$$0000000C) refers to main.o(i.main) for main
    init.o(.text) refers to entry5.o(.ARM.Collect$$$$00000004) for __main_after_scatterload


==============================================================================

Removing Unused input sections from the image.

    Removing main.o(i.fputc), (36 bytes).
    Removing stm32f10x_it.o(i.ADC3_IRQHandler), (2 bytes).
    Removing stm32f10x_it.o(i.CAN_RX1_IRQHandler), (2 bytes).
    Removing stm32f10x_it.o(i.CAN_SCE_IRQHandler), (2 bytes).
    Removing stm32f10x_it.o(i.DMA2_Channel1_IRQHandler), (2 bytes).
    Removing stm32f10x_it.o(i.DMA2_Channel2_IRQHandler), (2 bytes).
    Removing stm32f10x_it.o(i.DMA2_Channel3_IRQHandler), (2 bytes).
    Removing stm32f10x_it.o(i.DMA2_Channel4_5_IRQHandler), (2 bytes).
    Removing stm32f10x_it.o(i.FSMC_IRQHandler), (2 bytes).
    Removing stm32f10x_it.o(i.SDIO_IRQHandler), (2 bytes).
    Removing stm32f10x_it.o(i.SPI3_IRQHandler), (2 bytes).
    Removing stm32f10x_it.o(i.TIM5_IRQHandler), (2 bytes).
    Removing stm32f10x_it.o(i.TIM6_IRQHandler), (2 bytes).
    Removing stm32f10x_it.o(i.TIM7_IRQHandler), (2 bytes).
    Removing stm32f10x_it.o(i.TIM8_BRK_IRQHandler), (2 bytes).
    Removing stm32f10x_it.o(i.TIM8_CC_IRQHandler), (2 bytes).
    Removing stm32f10x_it.o(i.TIM8_TRG_COM_IRQHandler), (2 bytes).
    Removing stm32f10x_it.o(i.TIM8_UP_IRQHandler), (2 bytes).
    Removing stm32f10x_it.o(i.UART4_IRQHandler), (2 bytes).
    Removing stm32f10x_it.o(i.UART5_IRQHandler), (2 bytes).
    Removing stm32f10x_it.o(i.USB_HP_CAN_TX_IRQHandler), (2 bytes).
    Removing stm32f10x_it.o(i.USB_LP_CAN_RX0_IRQHandler), (2 bytes).
    Removing gpio.o(i.Pulse_SCL), (60 bytes).
    Removing uart.o(i.get_Humi), (112 bytes).
    Removing uart.o(i.get_Temp), (116 bytes).
    Removing uart.o(i.uart_putData), (26 bytes).
    Removing uart.o(i.uart_putchar), (32 bytes).
    Removing sht1x.o(i.SHT1x_ACK), (32 bytes).
    Removing sht1x.o(i.SHT1x_CRC8_Check), (52 bytes).
    Removing sht1x.o(i.SHT1x_Read), (348 bytes).
    Removing sht1x.o(i.SHT1x_StartCondition), (104 bytes).
    Removing sht1x.o(i.SHT1x_StopCondition), (28 bytes).
    Removing sht1x.o(.bss), (72 bytes).
    Removing stm32f10x_adc.o(i.ADC_AnalogWatchdogCmd), (20 bytes).
    Removing stm32f10x_adc.o(i.ADC_AnalogWatchdogSingleChannelConfig), (16 bytes).
    Removing stm32f10x_adc.o(i.ADC_AnalogWatchdogThresholdsConfig), (6 bytes).
    Removing stm32f10x_adc.o(i.ADC_AutoInjectedConvCmd), (22 bytes).
    Removing stm32f10x_adc.o(i.ADC_ClearFlag), (6 bytes).
    Removing stm32f10x_adc.o(i.ADC_ClearITPendingBit), (10 bytes).
    Removing stm32f10x_adc.o(i.ADC_DeInit), (92 bytes).
    Removing stm32f10x_adc.o(i.ADC_DiscModeChannelCountConfig), (24 bytes).
    Removing stm32f10x_adc.o(i.ADC_DiscModeCmd), (22 bytes).
    Removing stm32f10x_adc.o(i.ADC_ExternalTrigConvCmd), (22 bytes).
    Removing stm32f10x_adc.o(i.ADC_ExternalTrigInjectedConvCmd), (22 bytes).
    Removing stm32f10x_adc.o(i.ADC_ExternalTrigInjectedConvConfig), (16 bytes).
    Removing stm32f10x_adc.o(i.ADC_GetConversionValue), (8 bytes).
    Removing stm32f10x_adc.o(i.ADC_GetDualModeConversionValue), (12 bytes).
    Removing stm32f10x_adc.o(i.ADC_GetFlagStatus), (18 bytes).
    Removing stm32f10x_adc.o(i.ADC_GetITStatus), (36 bytes).
    Removing stm32f10x_adc.o(i.ADC_GetInjectedConversionValue), (28 bytes).
    Removing stm32f10x_adc.o(i.ADC_GetSoftwareStartConvStatus), (20 bytes).
    Removing stm32f10x_adc.o(i.ADC_GetSoftwareStartInjectedConvCmdStatus), (20 bytes).
    Removing stm32f10x_adc.o(i.ADC_ITConfig), (24 bytes).
    Removing stm32f10x_adc.o(i.ADC_InjectedChannelConfig), (130 bytes).
    Removing stm32f10x_adc.o(i.ADC_InjectedDiscModeCmd), (22 bytes).
    Removing stm32f10x_adc.o(i.ADC_InjectedSequencerLengthConfig), (24 bytes).
    Removing stm32f10x_adc.o(i.ADC_SetInjectedOffset), (20 bytes).
    Removing stm32f10x_adc.o(i.ADC_SoftwareStartInjectedConvCmd), (22 bytes).
    Removing stm32f10x_adc.o(i.ADC_StructInit), (18 bytes).
    Removing stm32f10x_adc.o(i.ADC_TempSensorVrefintCmd), (36 bytes).
    Removing stm32f10x_dma.o(i.DMA_ClearFlag), (28 bytes).
    Removing stm32f10x_dma.o(i.DMA_ClearITPendingBit), (28 bytes).
    Removing stm32f10x_dma.o(i.DMA_DeInit), (332 bytes).
    Removing stm32f10x_dma.o(i.DMA_GetCurrDataCounter), (8 bytes).
    Removing stm32f10x_dma.o(i.DMA_GetFlagStatus), (44 bytes).
    Removing stm32f10x_dma.o(i.DMA_GetITStatus), (44 bytes).
    Removing stm32f10x_dma.o(i.DMA_ITConfig), (18 bytes).
    Removing stm32f10x_dma.o(i.DMA_StructInit), (26 bytes).
    Removing stm32f10x_exti.o(i.EXTI_ClearFlag), (12 bytes).
    Removing stm32f10x_exti.o(i.EXTI_ClearITPendingBit), (12 bytes).
    Removing stm32f10x_exti.o(i.EXTI_DeInit), (36 bytes).
    Removing stm32f10x_exti.o(i.EXTI_GenerateSWInterrupt), (16 bytes).
    Removing stm32f10x_exti.o(i.EXTI_GetFlagStatus), (24 bytes).
    Removing stm32f10x_exti.o(i.EXTI_GetITStatus), (40 bytes).
    Removing stm32f10x_exti.o(i.EXTI_Init), (148 bytes).
    Removing stm32f10x_exti.o(i.EXTI_StructInit), (16 bytes).
    Removing stm32f10x_flash.o(i.FLASH_ClearFlag), (12 bytes).
    Removing stm32f10x_flash.o(i.FLASH_EnableWriteProtection), (196 bytes).
    Removing stm32f10x_flash.o(i.FLASH_EraseAllBank1Pages), (76 bytes).
    Removing stm32f10x_flash.o(i.FLASH_EraseAllPages), (76 bytes).
    Removing stm32f10x_flash.o(i.FLASH_EraseOptionBytes), (168 bytes).
    Removing stm32f10x_flash.o(i.FLASH_GetFlagStatus), (48 bytes).
    Removing stm32f10x_flash.o(i.FLASH_GetPrefetchBufferStatus), (24 bytes).
    Removing stm32f10x_flash.o(i.FLASH_GetReadOutProtectionStatus), (24 bytes).
    Removing stm32f10x_flash.o(i.FLASH_GetStatus), (52 bytes).
    Removing stm32f10x_flash.o(i.FLASH_GetUserOptionByte), (12 bytes).
    Removing stm32f10x_flash.o(i.FLASH_GetWriteProtectionOptionByte), (12 bytes).
    Removing stm32f10x_flash.o(i.FLASH_HalfCycleAccessCmd), (28 bytes).
    Removing stm32f10x_flash.o(i.FLASH_ITConfig), (32 bytes).
    Removing stm32f10x_flash.o(i.FLASH_LockBank1), (20 bytes).
    Removing stm32f10x_flash.o(i.FLASH_PrefetchBufferCmd), (28 bytes).
    Removing stm32f10x_flash.o(i.FLASH_ProgramHalfWord), (68 bytes).
    Removing stm32f10x_flash.o(i.FLASH_ProgramOptionByteData), (84 bytes).
    Removing stm32f10x_flash.o(i.FLASH_ReadOutProtection), (172 bytes).
    Removing stm32f10x_flash.o(i.FLASH_SetLatency), (24 bytes).
    Removing stm32f10x_flash.o(i.FLASH_UnlockBank1), (24 bytes).
    Removing stm32f10x_flash.o(i.FLASH_UserOptionByteConfig), (104 bytes).
    Removing stm32f10x_flash.o(i.FLASH_WaitForLastBank1Operation), (38 bytes).
    Removing stm32f10x_gpio.o(i.GPIO_AFIODeInit), (20 bytes).
    Removing stm32f10x_gpio.o(i.GPIO_DeInit), (200 bytes).
    Removing stm32f10x_gpio.o(i.GPIO_ETH_MediaInterfaceConfig), (12 bytes).
    Removing stm32f10x_gpio.o(i.GPIO_EXTILineConfig), (64 bytes).
    Removing stm32f10x_gpio.o(i.GPIO_EventOutputCmd), (12 bytes).
    Removing stm32f10x_gpio.o(i.GPIO_EventOutputConfig), (32 bytes).
    Removing stm32f10x_gpio.o(i.GPIO_PinLockConfig), (18 bytes).
    Removing stm32f10x_gpio.o(i.GPIO_PinRemapConfig), (144 bytes).
    Removing stm32f10x_gpio.o(i.GPIO_ReadInputData), (8 bytes).
    Removing stm32f10x_gpio.o(i.GPIO_ReadOutputData), (8 bytes).
    Removing stm32f10x_gpio.o(i.GPIO_ReadOutputDataBit), (18 bytes).
    Removing stm32f10x_gpio.o(i.GPIO_ResetBits), (4 bytes).
    Removing stm32f10x_gpio.o(i.GPIO_SetBits), (4 bytes).
    Removing stm32f10x_gpio.o(i.GPIO_StructInit), (16 bytes).
    Removing stm32f10x_gpio.o(i.GPIO_Write), (4 bytes).
    Removing stm32f10x_rcc.o(i.RCC_ADCCLKConfig), (24 bytes).
    Removing stm32f10x_rcc.o(i.RCC_APB1PeriphResetCmd), (32 bytes).
    Removing stm32f10x_rcc.o(i.RCC_APB2PeriphResetCmd), (32 bytes).
    Removing stm32f10x_rcc.o(i.RCC_AdjustHSICalibrationValue), (24 bytes).
    Removing stm32f10x_rcc.o(i.RCC_BackupResetCmd), (12 bytes).
    Removing stm32f10x_rcc.o(i.RCC_ClearFlag), (20 bytes).
    Removing stm32f10x_rcc.o(i.RCC_ClearITPendingBit), (12 bytes).
    Removing stm32f10x_rcc.o(i.RCC_ClockSecuritySystemCmd), (12 bytes).
    Removing stm32f10x_rcc.o(i.RCC_DeInit), (76 bytes).
    Removing stm32f10x_rcc.o(i.RCC_GetFlagStatus), (60 bytes).
    Removing stm32f10x_rcc.o(i.RCC_GetITStatus), (24 bytes).
    Removing stm32f10x_rcc.o(i.RCC_GetSYSCLKSource), (16 bytes).
    Removing stm32f10x_rcc.o(i.RCC_HCLKConfig), (24 bytes).
    Removing stm32f10x_rcc.o(i.RCC_HSEConfig), (76 bytes).
    Removing stm32f10x_rcc.o(i.RCC_HSICmd), (12 bytes).
    Removing stm32f10x_rcc.o(i.RCC_ITConfig), (32 bytes).
    Removing stm32f10x_rcc.o(i.RCC_LSEConfig), (52 bytes).
    Removing stm32f10x_rcc.o(i.RCC_LSICmd), (12 bytes).
    Removing stm32f10x_rcc.o(i.RCC_MCOConfig), (12 bytes).
    Removing stm32f10x_rcc.o(i.RCC_PCLK1Config), (24 bytes).
    Removing stm32f10x_rcc.o(i.RCC_PCLK2Config), (24 bytes).
    Removing stm32f10x_rcc.o(i.RCC_PLLCmd), (12 bytes).
    Removing stm32f10x_rcc.o(i.RCC_PLLConfig), (28 bytes).
    Removing stm32f10x_rcc.o(i.RCC_RTCCLKCmd), (12 bytes).
    Removing stm32f10x_rcc.o(i.RCC_RTCCLKConfig), (16 bytes).
    Removing stm32f10x_rcc.o(i.RCC_SYSCLKConfig), (24 bytes).
    Removing stm32f10x_rcc.o(i.RCC_USBCLKConfig), (12 bytes).
    Removing stm32f10x_rcc.o(i.RCC_WaitForHSEStartUp), (56 bytes).
    Removing stm32f10x_tim.o(i.TI1_Config), (56 bytes).
    Removing stm32f10x_tim.o(i.TI2_Config), (80 bytes).
    Removing stm32f10x_tim.o(i.TI3_Config), (72 bytes).
    Removing stm32f10x_tim.o(i.TI4_Config), (80 bytes).
    Removing stm32f10x_tim.o(i.TIM_ARRPreloadConfig), (24 bytes).
    Removing stm32f10x_tim.o(i.TIM_BDTRConfig), (32 bytes).
    Removing stm32f10x_tim.o(i.TIM_BDTRStructInit), (18 bytes).
    Removing stm32f10x_tim.o(i.TIM_CCPreloadControl), (24 bytes).
    Removing stm32f10x_tim.o(i.TIM_CCxCmd), (30 bytes).
    Removing stm32f10x_tim.o(i.TIM_CCxNCmd), (30 bytes).
    Removing stm32f10x_tim.o(i.TIM_ClearFlag), (6 bytes).
    Removing stm32f10x_tim.o(i.TIM_ClearOC1Ref), (18 bytes).
    Removing stm32f10x_tim.o(i.TIM_ClearOC2Ref), (24 bytes).
    Removing stm32f10x_tim.o(i.TIM_ClearOC3Ref), (18 bytes).
    Removing stm32f10x_tim.o(i.TIM_ClearOC4Ref), (24 bytes).
    Removing stm32f10x_tim.o(i.TIM_CounterModeConfig), (18 bytes).
    Removing stm32f10x_tim.o(i.TIM_CtrlPWMOutputs), (30 bytes).
    Removing stm32f10x_tim.o(i.TIM_DMACmd), (18 bytes).
    Removing stm32f10x_tim.o(i.TIM_DMAConfig), (10 bytes).
    Removing stm32f10x_tim.o(i.TIM_DeInit), (488 bytes).
    Removing stm32f10x_tim.o(i.TIM_ETRClockMode1Config), (54 bytes).
    Removing stm32f10x_tim.o(i.TIM_ETRClockMode2Config), (32 bytes).
    Removing stm32f10x_tim.o(i.TIM_ETRConfig), (28 bytes).
    Removing stm32f10x_tim.o(i.TIM_EncoderInterfaceConfig), (66 bytes).
    Removing stm32f10x_tim.o(i.TIM_ForcedOC1Config), (18 bytes).
    Removing stm32f10x_tim.o(i.TIM_ForcedOC2Config), (26 bytes).
    Removing stm32f10x_tim.o(i.TIM_ForcedOC3Config), (18 bytes).
    Removing stm32f10x_tim.o(i.TIM_ForcedOC4Config), (26 bytes).
    Removing stm32f10x_tim.o(i.TIM_GenerateEvent), (4 bytes).
    Removing stm32f10x_tim.o(i.TIM_GetCapture1), (6 bytes).
    Removing stm32f10x_tim.o(i.TIM_GetCapture2), (6 bytes).
    Removing stm32f10x_tim.o(i.TIM_GetCapture3), (6 bytes).
    Removing stm32f10x_tim.o(i.TIM_GetCapture4), (8 bytes).
    Removing stm32f10x_tim.o(i.TIM_GetFlagStatus), (18 bytes).
    Removing stm32f10x_tim.o(i.TIM_GetPrescaler), (6 bytes).
    Removing stm32f10x_tim.o(i.TIM_ICInit), (110 bytes).
    Removing stm32f10x_tim.o(i.TIM_ICStructInit), (18 bytes).
    Removing stm32f10x_tim.o(i.TIM_ITRxExternalClockConfig), (24 bytes).
    Removing stm32f10x_tim.o(i.TIM_InternalClockConfig), (12 bytes).
    Removing stm32f10x_tim.o(i.TIM_OC1FastConfig), (18 bytes).
    Removing stm32f10x_tim.o(i.TIM_OC1Init), (152 bytes).
    Removing stm32f10x_tim.o(i.TIM_OC1NPolarityConfig), (18 bytes).
    Removing stm32f10x_tim.o(i.TIM_OC1PolarityConfig), (18 bytes).
    Removing stm32f10x_tim.o(i.TIM_OC1PreloadConfig), (18 bytes).
    Removing stm32f10x_tim.o(i.TIM_OC2FastConfig), (26 bytes).
    Removing stm32f10x_tim.o(i.TIM_OC2Init), (164 bytes).
    Removing stm32f10x_tim.o(i.TIM_OC2NPolarityConfig), (26 bytes).
    Removing stm32f10x_tim.o(i.TIM_OC2PolarityConfig), (26 bytes).
    Removing stm32f10x_tim.o(i.TIM_OC2PreloadConfig), (26 bytes).
    Removing stm32f10x_tim.o(i.TIM_OC3FastConfig), (18 bytes).
    Removing stm32f10x_tim.o(i.TIM_OC3Init), (160 bytes).
    Removing stm32f10x_tim.o(i.TIM_OC3NPolarityConfig), (26 bytes).
    Removing stm32f10x_tim.o(i.TIM_OC3PolarityConfig), (26 bytes).
    Removing stm32f10x_tim.o(i.TIM_OC3PreloadConfig), (18 bytes).
    Removing stm32f10x_tim.o(i.TIM_OC4FastConfig), (26 bytes).
    Removing stm32f10x_tim.o(i.TIM_OC4Init), (124 bytes).
    Removing stm32f10x_tim.o(i.TIM_OC4PolarityConfig), (26 bytes).
    Removing stm32f10x_tim.o(i.TIM_OC4PreloadConfig), (26 bytes).
    Removing stm32f10x_tim.o(i.TIM_OCStructInit), (20 bytes).
    Removing stm32f10x_tim.o(i.TIM_PWMIConfig), (124 bytes).
    Removing stm32f10x_tim.o(i.TIM_PrescalerConfig), (6 bytes).
    Removing stm32f10x_tim.o(i.TIM_SelectCCDMA), (24 bytes).
    Removing stm32f10x_tim.o(i.TIM_SelectCOM), (24 bytes).
    Removing stm32f10x_tim.o(i.TIM_SelectHallSensor), (24 bytes).
    Removing stm32f10x_tim.o(i.TIM_SelectInputTrigger), (18 bytes).
    Removing stm32f10x_tim.o(i.TIM_SelectMasterSlaveMode), (18 bytes).
    Removing stm32f10x_tim.o(i.TIM_SelectOCxM), (82 bytes).
    Removing stm32f10x_tim.o(i.TIM_SelectOnePulseMode), (18 bytes).
    Removing stm32f10x_tim.o(i.TIM_SelectOutputTrigger), (18 bytes).
    Removing stm32f10x_tim.o(i.TIM_SelectSlaveMode), (18 bytes).
    Removing stm32f10x_tim.o(i.TIM_SetAutoreload), (4 bytes).
    Removing stm32f10x_tim.o(i.TIM_SetClockDivision), (18 bytes).
    Removing stm32f10x_tim.o(i.TIM_SetCompare1), (4 bytes).
    Removing stm32f10x_tim.o(i.TIM_SetCompare2), (4 bytes).
    Removing stm32f10x_tim.o(i.TIM_SetCompare3), (4 bytes).
    Removing stm32f10x_tim.o(i.TIM_SetCompare4), (6 bytes).
    Removing stm32f10x_tim.o(i.TIM_SetIC1Prescaler), (18 bytes).
    Removing stm32f10x_tim.o(i.TIM_SetIC2Prescaler), (26 bytes).
    Removing stm32f10x_tim.o(i.TIM_SetIC3Prescaler), (18 bytes).
    Removing stm32f10x_tim.o(i.TIM_SetIC4Prescaler), (26 bytes).
    Removing stm32f10x_tim.o(i.TIM_TIxExternalClockConfig), (62 bytes).
    Removing stm32f10x_tim.o(i.TIM_TimeBaseStructInit), (18 bytes).
    Removing stm32f10x_tim.o(i.TIM_UpdateDisableConfig), (24 bytes).
    Removing stm32f10x_tim.o(i.TIM_UpdateRequestConfig), (24 bytes).
    Removing stm32f10x_usart.o(i.USART_ClearITPendingBit), (30 bytes).
    Removing stm32f10x_usart.o(i.USART_ClockInit), (34 bytes).
    Removing stm32f10x_usart.o(i.USART_ClockStructInit), (12 bytes).
    Removing stm32f10x_usart.o(i.USART_DMACmd), (18 bytes).
    Removing stm32f10x_usart.o(i.USART_DeInit), (156 bytes).
    Removing stm32f10x_usart.o(i.USART_GetITStatus), (84 bytes).
    Removing stm32f10x_usart.o(i.USART_HalfDuplexCmd), (24 bytes).
    Removing stm32f10x_usart.o(i.USART_IrDACmd), (24 bytes).
    Removing stm32f10x_usart.o(i.USART_IrDAConfig), (18 bytes).
    Removing stm32f10x_usart.o(i.USART_LINBreakDetectLengthConfig), (18 bytes).
    Removing stm32f10x_usart.o(i.USART_LINCmd), (24 bytes).
    Removing stm32f10x_usart.o(i.USART_OneBitMethodCmd), (24 bytes).
    Removing stm32f10x_usart.o(i.USART_OverSampling8Cmd), (22 bytes).
    Removing stm32f10x_usart.o(i.USART_ReceiverWakeUpCmd), (24 bytes).
    Removing stm32f10x_usart.o(i.USART_SendBreak), (10 bytes).
    Removing stm32f10x_usart.o(i.USART_SetAddress), (18 bytes).
    Removing stm32f10x_usart.o(i.USART_SetGuardTime), (16 bytes).
    Removing stm32f10x_usart.o(i.USART_SetPrescaler), (16 bytes).
    Removing stm32f10x_usart.o(i.USART_SmartCardCmd), (24 bytes).
    Removing stm32f10x_usart.o(i.USART_SmartCardNACKCmd), (24 bytes).
    Removing stm32f10x_usart.o(i.USART_StructInit), (24 bytes).
    Removing stm32f10x_usart.o(i.USART_WakeUpConfig), (18 bytes).
    Removing misc.o(i.NVIC_PriorityGroupConfig), (20 bytes).
    Removing misc.o(i.NVIC_SetVectorTable), (20 bytes).
    Removing misc.o(i.NVIC_SystemLPConfig), (32 bytes).
    Removing misc.o(i.SysTick_CLKSourceConfig), (40 bytes).
    Removing core_cm3.o(.emb_text), (32 bytes).
    Removing system_stm32f10x.o(i.SystemCoreClockUpdate), (164 bytes).
    Removing system_stm32f10x.o(.data), (20 bytes).
    Removing startup_stm32f10x_md.o(HEAP), (512 bytes).

255 unused section(s) (total 9946 bytes) removed from the image.

==============================================================================

Image Symbol Table

    Local Symbols

    Symbol Name                              Value     Ov Type        Size  Object(Section)

    ../clib/microlib/init/entry.s            0x00000000   Number         0  entry10a.o ABSOLUTE
    ../clib/microlib/init/entry.s            0x00000000   Number         0  entry11b.o ABSOLUTE
    ../clib/microlib/init/entry.s            0x00000000   Number         0  entry10b.o ABSOLUTE
    ../clib/microlib/init/entry.s            0x00000000   Number         0  entry2.o ABSOLUTE
    ../clib/microlib/init/entry.s            0x00000000   Number         0  entry11a.o ABSOLUTE
    ../clib/microlib/init/entry.s            0x00000000   Number         0  entry.o ABSOLUTE
    ../clib/microlib/init/entry.s            0x00000000   Number         0  entry9b.o ABSOLUTE
    ../clib/microlib/init/entry.s            0x00000000   Number         0  entry9a.o ABSOLUTE
    ../clib/microlib/init/entry.s            0x00000000   Number         0  entry8b.o ABSOLUTE
    ../clib/microlib/init/entry.s            0x00000000   Number         0  entry8a.o ABSOLUTE
    ../clib/microlib/init/entry.s            0x00000000   Number         0  entry5.o ABSOLUTE
    ../clib/microlib/init/entry.s            0x00000000   Number         0  entry7b.o ABSOLUTE
    ../clib/microlib/init/entry.s            0x00000000   Number         0  entry7a.o ABSOLUTE
    ..\Libraries\CMSIS\CM3\CoreSupport\core_cm3.c 0x00000000   Number         0  core_cm3.o ABSOLUTE
    ..\Libraries\CMSIS\CM3\DeviceSupport\ST\STM32F10x\startup\arm\startup_stm32f10x_md.s 0x00000000   Number         0  startup_stm32f10x_md.o ABSOLUTE
    ..\Libraries\CMSIS\CM3\DeviceSupport\ST\STM32F10x\system_stm32f10x.c 0x00000000   Number         0  system_stm32f10x.o ABSOLUTE
    ..\Libraries\STM32F10x_StdPeriph_Driver\src\misc.c 0x00000000   Number         0  misc.o ABSOLUTE
    ..\Libraries\STM32F10x_StdPeriph_Driver\src\stm32f10x_adc.c 0x00000000   Number         0  stm32f10x_adc.o ABSOLUTE
    ..\Libraries\STM32F10x_StdPeriph_Driver\src\stm32f10x_dma.c 0x00000000   Number         0  stm32f10x_dma.o ABSOLUTE
    ..\Libraries\STM32F10x_StdPeriph_Driver\src\stm32f10x_exti.c 0x00000000   Number         0  stm32f10x_exti.o ABSOLUTE
    ..\Libraries\STM32F10x_StdPeriph_Driver\src\stm32f10x_flash.c 0x00000000   Number         0  stm32f10x_flash.o ABSOLUTE
    ..\Libraries\STM32F10x_StdPeriph_Driver\src\stm32f10x_gpio.c 0x00000000   Number         0  stm32f10x_gpio.o ABSOLUTE
    ..\Libraries\STM32F10x_StdPeriph_Driver\src\stm32f10x_rcc.c 0x00000000   Number         0  stm32f10x_rcc.o ABSOLUTE
    ..\Libraries\STM32F10x_StdPeriph_Driver\src\stm32f10x_tim.c 0x00000000   Number         0  stm32f10x_tim.o ABSOLUTE
    ..\Libraries\STM32F10x_StdPeriph_Driver\src\stm32f10x_usart.c 0x00000000   Number         0  stm32f10x_usart.o ABSOLUTE
    ..\User\Driver\ADC.c                     0x00000000   Number         0  adc.o ABSOLUTE
    ..\User\Driver\DHT22.c                   0x00000000   Number         0  dht22.o ABSOLUTE
    ..\User\Driver\FLASH.c                   0x00000000   Number         0  flash.o ABSOLUTE
    ..\User\Driver\GPIO.c                    0x00000000   Number         0  gpio.o ABSOLUTE
    ..\User\Driver\SHT1x.c                   0x00000000   Number         0  sht1x.o ABSOLUTE
    ..\User\Driver\TIMER.c                   0x00000000   Number         0  timer.o ABSOLUTE
    ..\User\Driver\UART.c                    0x00000000   Number         0  uart.o ABSOLUTE
    ..\User\main.c                           0x00000000   Number         0  main.o ABSOLUTE
    ..\User\stm32f10x_it.c                   0x00000000   Number         0  stm32f10x_it.o ABSOLUTE
    ..\\Libraries\\CMSIS\\CM3\\CoreSupport\\core_cm3.c 0x00000000   Number         0  core_cm3.o ABSOLUTE
    dc.s                                     0x00000000   Number         0  dc.o ABSOLUTE
    handlers.s                               0x00000000   Number         0  handlers.o ABSOLUTE
    init.s                                   0x00000000   Number         0  init.o ABSOLUTE
    RESET                                    0x08000000   Section      236  startup_stm32f10x_md.o(RESET)
    .ARM.Collect$$$$00000000                 0x080000ec   Section        0  entry.o(.ARM.Collect$$$$00000000)
    .ARM.Collect$$$$00000001                 0x080000ec   Section        4  entry2.o(.ARM.Collect$$$$00000001)
    .ARM.Collect$$$$00000004                 0x080000f0   Section        4  entry5.o(.ARM.Collect$$$$00000004)
    .ARM.Collect$$$$00000008                 0x080000f4   Section        0  entry7b.o(.ARM.Collect$$$$00000008)
    .ARM.Collect$$$$0000000A                 0x080000f4   Section        0  entry8b.o(.ARM.Collect$$$$0000000A)
    .ARM.Collect$$$$0000000B                 0x080000f4   Section        8  entry9a.o(.ARM.Collect$$$$0000000B)
    .ARM.Collect$$$$0000000D                 0x080000fc   Section        0  entry10a.o(.ARM.Collect$$$$0000000D)
    .ARM.Collect$$$$0000000F                 0x080000fc   Section        0  entry11a.o(.ARM.Collect$$$$0000000F)
    .ARM.Collect$$$$00002712                 0x080000fc   Section        4  entry2.o(.ARM.Collect$$$$00002712)
    __lit__00000000                          0x080000fc   Data           4  entry2.o(.ARM.Collect$$$$00002712)
    .text                                    0x08000100   Section       36  startup_stm32f10x_md.o(.text)
    .text                                    0x08000124   Section       36  init.o(.text)
    i.ADC1_2_IRQHandler                      0x08000148   Section        0  stm32f10x_it.o(i.ADC1_2_IRQHandler)
    i.ADC_Cmd                                0x0800014a   Section        0  stm32f10x_adc.o(i.ADC_Cmd)
    i.ADC_DMACmd                             0x08000160   Section        0  stm32f10x_adc.o(i.ADC_DMACmd)
    i.ADC_GetCalibrationStatus               0x08000176   Section        0  stm32f10x_adc.o(i.ADC_GetCalibrationStatus)
    i.ADC_GetResetCalibrationStatus          0x0800018a   Section        0  stm32f10x_adc.o(i.ADC_GetResetCalibrationStatus)
    i.ADC_Init                               0x080001a0   Section        0  stm32f10x_adc.o(i.ADC_Init)
    i.ADC_RegularChannelConfig               0x080001f0   Section        0  stm32f10x_adc.o(i.ADC_RegularChannelConfig)
    i.ADC_ResetCalibration                   0x080002a8   Section        0  stm32f10x_adc.o(i.ADC_ResetCalibration)
    i.ADC_SoftwareStartConvCmd               0x080002b2   Section        0  stm32f10x_adc.o(i.ADC_SoftwareStartConvCmd)
    i.ADC_StartCalibration                   0x080002c8   Section        0  stm32f10x_adc.o(i.ADC_StartCalibration)
    i.ADC_init                               0x080002d4   Section        0  adc.o(i.ADC_init)
    i.BusFault_Handler                       0x080003b4   Section        0  stm32f10x_it.o(i.BusFault_Handler)
    i.DHT22_Read                             0x080003b8   Section        0  dht22.o(i.DHT22_Read)
    i.DMA1_Channel1_IRQHandler               0x08000798   Section        0  stm32f10x_it.o(i.DMA1_Channel1_IRQHandler)
    i.DMA1_Channel2_IRQHandler               0x0800079a   Section        0  stm32f10x_it.o(i.DMA1_Channel2_IRQHandler)
    i.DMA1_Channel3_IRQHandler               0x0800079c   Section        0  stm32f10x_it.o(i.DMA1_Channel3_IRQHandler)
    i.DMA1_Channel4_IRQHandler               0x0800079e   Section        0  stm32f10x_it.o(i.DMA1_Channel4_IRQHandler)
    i.DMA1_Channel5_IRQHandler               0x080007a0   Section        0  stm32f10x_it.o(i.DMA1_Channel5_IRQHandler)
    i.DMA1_Channel6_IRQHandler               0x080007a2   Section        0  stm32f10x_it.o(i.DMA1_Channel6_IRQHandler)
    i.DMA1_Channel7_IRQHandler               0x080007a4   Section        0  stm32f10x_it.o(i.DMA1_Channel7_IRQHandler)
    i.DMA_Cmd                                0x080007a6   Section        0  stm32f10x_dma.o(i.DMA_Cmd)
    i.DMA_Init                               0x080007bc   Section        0  stm32f10x_dma.o(i.DMA_Init)
    i.DebugMon_Handler                       0x080007f8   Section        0  stm32f10x_it.o(i.DebugMon_Handler)
    i.EXTI0_IRQHandler                       0x080007fa   Section        0  stm32f10x_it.o(i.EXTI0_IRQHandler)
    i.EXTI15_10_IRQHandler                   0x080007fc   Section        0  stm32f10x_it.o(i.EXTI15_10_IRQHandler)
    i.EXTI1_IRQHandler                       0x080007fe   Section        0  stm32f10x_it.o(i.EXTI1_IRQHandler)
    i.EXTI2_IRQHandler                       0x08000800   Section        0  stm32f10x_it.o(i.EXTI2_IRQHandler)
    i.EXTI3_IRQHandler                       0x08000802   Section        0  stm32f10x_it.o(i.EXTI3_IRQHandler)
    i.EXTI4_IRQHandler                       0x08000804   Section        0  stm32f10x_it.o(i.EXTI4_IRQHandler)
    i.EXTI9_5_IRQHandler                     0x08000806   Section        0  stm32f10x_it.o(i.EXTI9_5_IRQHandler)
    i.FLASH_ErasePage                        0x08000808   Section        0  stm32f10x_flash.o(i.FLASH_ErasePage)
    i.FLASH_GetBank1Status                   0x08000858   Section        0  stm32f10x_flash.o(i.FLASH_GetBank1Status)
    i.FLASH_IRQHandler                       0x0800088c   Section        0  stm32f10x_it.o(i.FLASH_IRQHandler)
    i.FLASH_Lock                             0x08000890   Section        0  stm32f10x_flash.o(i.FLASH_Lock)
    i.FLASH_ProgramWord                      0x080008a4   Section        0  stm32f10x_flash.o(i.FLASH_ProgramWord)
    i.FLASH_Unlock                           0x08000918   Section        0  stm32f10x_flash.o(i.FLASH_Unlock)
    i.FLASH_WaitForLastOperation             0x08000930   Section        0  stm32f10x_flash.o(i.FLASH_WaitForLastOperation)
    i.GPIO_Init                              0x08000956   Section        0  stm32f10x_gpio.o(i.GPIO_Init)
    i.GPIO_ReadInputDataBit                  0x08000a6c   Section        0  stm32f10x_gpio.o(i.GPIO_ReadInputDataBit)
    i.GPIO_WriteBit                          0x08000a7e   Section        0  stm32f10x_gpio.o(i.GPIO_WriteBit)
    i.GPIO_init                              0x08000a88   Section        0  gpio.o(i.GPIO_init)
    i.HardFault_Handler                      0x08000b64   Section        0  stm32f10x_it.o(i.HardFault_Handler)
    i.I2C1_ER_IRQHandler                     0x08000b68   Section        0  stm32f10x_it.o(i.I2C1_ER_IRQHandler)
    i.I2C1_EV_IRQHandler                     0x08000b6a   Section        0  stm32f10x_it.o(i.I2C1_EV_IRQHandler)
    i.I2C2_ER_IRQHandler                     0x08000b6c   Section        0  stm32f10x_it.o(i.I2C2_ER_IRQHandler)
    i.I2C2_EV_IRQHandler                     0x08000b6e   Section        0  stm32f10x_it.o(i.I2C2_EV_IRQHandler)
    i.MemManage_Handler                      0x08000b70   Section        0  stm32f10x_it.o(i.MemManage_Handler)
    i.NMI_Handler                            0x08000b74   Section        0  stm32f10x_it.o(i.NMI_Handler)
    i.NVIC_Init                              0x08000b78   Section        0  misc.o(i.NVIC_Init)
    i.PVD_IRQHandler                         0x08000be8   Section        0  stm32f10x_it.o(i.PVD_IRQHandler)
    i.PendSV_Handler                         0x08000bea   Section        0  stm32f10x_it.o(i.PendSV_Handler)
    i.RCC_AHBPeriphClockCmd                  0x08000bec   Section        0  stm32f10x_rcc.o(i.RCC_AHBPeriphClockCmd)
    i.RCC_APB1PeriphClockCmd                 0x08000c0c   Section        0  stm32f10x_rcc.o(i.RCC_APB1PeriphClockCmd)
    i.RCC_APB2PeriphClockCmd                 0x08000c2c   Section        0  stm32f10x_rcc.o(i.RCC_APB2PeriphClockCmd)
    i.RCC_GetClocksFreq                      0x08000c4c   Section        0  stm32f10x_rcc.o(i.RCC_GetClocksFreq)
    i.RCC_IRQHandler                         0x08000d20   Section        0  stm32f10x_it.o(i.RCC_IRQHandler)
    i.RTCAlarm_IRQHandler                    0x08000d22   Section        0  stm32f10x_it.o(i.RTCAlarm_IRQHandler)
    i.RTC_IRQHandler                         0x08000d24   Section        0  stm32f10x_it.o(i.RTC_IRQHandler)
    i.SDA_Input                              0x08000d28   Section        0  gpio.o(i.SDA_Input)
    i.SDA_Output                             0x08000d48   Section        0  gpio.o(i.SDA_Output)
    i.SPI1_IRQHandler                        0x08000d68   Section        0  stm32f10x_it.o(i.SPI1_IRQHandler)
    i.SPI2_IRQHandler                        0x08000d6a   Section        0  stm32f10x_it.o(i.SPI2_IRQHandler)
    i.SVC_Handler                            0x08000d6c   Section        0  stm32f10x_it.o(i.SVC_Handler)
    i.SetSysClock                            0x08000d6e   Section        0  system_stm32f10x.o(i.SetSysClock)
    SetSysClock                              0x08000d6f   Thumb Code     8  system_stm32f10x.o(i.SetSysClock)
    i.SetSysClockTo64HSI                     0x08000d78   Section        0  system_stm32f10x.o(i.SetSysClockTo64HSI)
    SetSysClockTo64HSI                       0x08000d79   Thumb Code   144  system_stm32f10x.o(i.SetSysClockTo64HSI)
    i.State_SDA                              0x08000e10   Section        0  gpio.o(i.State_SDA)
    i.SysTick_Handler                        0x08000e24   Section        0  stm32f10x_it.o(i.SysTick_Handler)
    i.SystemInit                             0x08000e34   Section        0  system_stm32f10x.o(i.SystemInit)
    i.System_GetTick                         0x08000e88   Section        0  timer.o(i.System_GetTick)
    i.Systick_init                           0x08000e94   Section        0  timer.o(i.Systick_init)
    i.TAMPER_IRQHandler                      0x08000ef0   Section        0  stm32f10x_it.o(i.TAMPER_IRQHandler)
    i.TIM1_BRK_IRQHandler                    0x08000ef2   Section        0  stm32f10x_it.o(i.TIM1_BRK_IRQHandler)
    i.TIM1_CC_IRQHandler                     0x08000ef4   Section        0  stm32f10x_it.o(i.TIM1_CC_IRQHandler)
    i.TIM1_TRG_COM_IRQHandler                0x08000ef6   Section        0  stm32f10x_it.o(i.TIM1_TRG_COM_IRQHandler)
    i.TIM1_UP_IRQHandler                     0x08000ef8   Section        0  stm32f10x_it.o(i.TIM1_UP_IRQHandler)
    i.TIM2_IRQHandler                        0x08000efc   Section        0  stm32f10x_it.o(i.TIM2_IRQHandler)
    i.TIM3_IRQHandler                        0x08000f54   Section        0  stm32f10x_it.o(i.TIM3_IRQHandler)
    i.TIM4_IRQHandler                        0x08000f64   Section        0  stm32f10x_it.o(i.TIM4_IRQHandler)
    i.TIMER_init                             0x08000f74   Section        0  timer.o(i.TIMER_init)
    i.TIM_ClearITPendingBit                  0x08001004   Section        0  stm32f10x_tim.o(i.TIM_ClearITPendingBit)
    i.TIM_Cmd                                0x0800100a   Section        0  stm32f10x_tim.o(i.TIM_Cmd)
    i.TIM_GetCounter                         0x08001022   Section        0  stm32f10x_tim.o(i.TIM_GetCounter)
    i.TIM_GetITStatus                        0x08001028   Section        0  stm32f10x_tim.o(i.TIM_GetITStatus)
    i.TIM_ITConfig                           0x0800104a   Section        0  stm32f10x_tim.o(i.TIM_ITConfig)
    i.TIM_SetCounter                         0x0800105c   Section        0  stm32f10x_tim.o(i.TIM_SetCounter)
    i.TIM_TimeBaseInit                       0x08001060   Section        0  stm32f10x_tim.o(i.TIM_TimeBaseInit)
    i.UART_init                              0x08001104   Section        0  uart.o(i.UART_init)
    i.USART1_IRQHandler                      0x080011d8   Section        0  stm32f10x_it.o(i.USART1_IRQHandler)
    i.USART2_IRQHandler                      0x0800122c   Section        0  stm32f10x_it.o(i.USART2_IRQHandler)
    i.USART3_IRQHandler                      0x0800122e   Section        0  stm32f10x_it.o(i.USART3_IRQHandler)
    i.USART_ClearFlag                        0x08001230   Section        0  stm32f10x_usart.o(i.USART_ClearFlag)
    i.USART_Cmd                              0x08001242   Section        0  stm32f10x_usart.o(i.USART_Cmd)
    i.USART_GetFlagStatus                    0x0800125a   Section        0  stm32f10x_usart.o(i.USART_GetFlagStatus)
    i.USART_ITConfig                         0x08001274   Section        0  stm32f10x_usart.o(i.USART_ITConfig)
    i.USART_Init                             0x080012c0   Section        0  stm32f10x_usart.o(i.USART_Init)
    i.USART_ReceiveData                      0x08001398   Section        0  stm32f10x_usart.o(i.USART_ReceiveData)
    i.USART_SendData                         0x080013a2   Section        0  stm32f10x_usart.o(i.USART_SendData)
    i.USBWakeUp_IRQHandler                   0x080013aa   Section        0  stm32f10x_it.o(i.USBWakeUp_IRQHandler)
    i.UsageFault_Handler                     0x080013ac   Section        0  stm32f10x_it.o(i.UsageFault_Handler)
    i.WWDG_IRQHandler                        0x080013b0   Section        0  stm32f10x_it.o(i.WWDG_IRQHandler)
    i.__scatterload_copy                     0x080013b2   Section       14  handlers.o(i.__scatterload_copy)
    i.__scatterload_null                     0x080013c0   Section        2  handlers.o(i.__scatterload_null)
    i.__scatterload_zeroinit                 0x080013c2   Section       14  handlers.o(i.__scatterload_zeroinit)
    i.check_DRIVER                           0x080013d0   Section        0  adc.o(i.check_DRIVER)
    i.default_value                          0x08001428   Section        0  flash.o(i.default_value)
    i.delay_ms                               0x08001440   Section        0  gpio.o(i.delay_ms)
    i.delay_us                               0x08001456   Section        0  gpio.o(i.delay_us)
    i.get_StreetLight                        0x0800146c   Section        0  uart.o(i.get_StreetLight)
    i.main                                   0x080014f8   Section        0  main.o(i.main)
    i.read_FLASH                             0x080017c4   Section        0  flash.o(i.read_FLASH)
    i.start_value                            0x08001810   Section        0  main.o(i.start_value)
    i.uartGW_putData                         0x08001878   Section        0  uart.o(i.uartGW_putData)
    i.uartGW_putchar                         0x08001894   Section        0  uart.o(i.uartGW_putchar)
    i.uartPC_putData                         0x080018b4   Section        0  uart.o(i.uartPC_putData)
    i.uartPC_putchar                         0x080018f0   Section        0  uart.o(i.uartPC_putchar)
    i.write_FLASH                            0x08001910   Section        0  flash.o(i.write_FLASH)
    .data                                    0x20000000   Section        8  gpio.o(.data)
    .data                                    0x20000008   Section        4  timer.o(.data)
    .data                                    0x2000000c   Section       20  stm32f10x_rcc.o(.data)
    APBAHBPrescTable                         0x2000000c   Data          16  stm32f10x_rcc.o(.data)
    ADCPrescTable                            0x2000001c   Data           4  stm32f10x_rcc.o(.data)
    .bss                                     0x20000020   Section       92  gpio.o(.bss)
    .bss                                     0x2000007c   Section      224  uart.o(.bss)
    .bss                                     0x2000015c   Section      200  flash.o(.bss)
    .bss                                     0x20000224   Section       12  adc.o(.bss)
    .bss                                     0x20000230   Section       80  dht22.o(.bss)
    STACK                                    0x20000280   Section     1024  startup_stm32f10x_md.o(STACK)

    Global Symbols

    Symbol Name                              Value     Ov Type        Size  Object(Section)

    BuildAttributes$$THM_ISAv4$P$D$K$B$S$PE$A:L22UL41UL21$X:L11$S22US41US21$IEEE1$IW$USESV6$~STKCKD$USESV7$~SHL$OSPACE$EBA8$MICROLIB$REQ8$PRES8$EABIv2 0x00000000   Number         0  anon$$obj.o ABSOLUTE
    __ARM_use_no_argv                        0x00000000   Number         0  main.o ABSOLUTE
    __cpp_initialize__aeabi_                  - Undefined Weak Reference
    __cxa_finalize                            - Undefined Weak Reference
    __decompress                              - Undefined Weak Reference
    _clock_init                               - Undefined Weak Reference
    _microlib_exit                            - Undefined Weak Reference
    __Vectors_Size                           0x000000ec   Number         0  startup_stm32f10x_md.o ABSOLUTE
    __Vectors                                0x08000000   Data           4  startup_stm32f10x_md.o(RESET)
    __Vectors_End                            0x080000ec   Data           0  startup_stm32f10x_md.o(RESET)
    __main                                   0x080000ed   Thumb Code     0  entry.o(.ARM.Collect$$$$00000000)
    _main_stk                                0x080000ed   Thumb Code     0  entry2.o(.ARM.Collect$$$$00000001)
    _main_scatterload                        0x080000f1   Thumb Code     0  entry5.o(.ARM.Collect$$$$00000004)
    __main_after_scatterload                 0x080000f5   Thumb Code     0  entry5.o(.ARM.Collect$$$$00000004)
    _main_clock                              0x080000f5   Thumb Code     0  entry7b.o(.ARM.Collect$$$$00000008)
    _main_cpp_init                           0x080000f5   Thumb Code     0  entry8b.o(.ARM.Collect$$$$0000000A)
    _main_init                               0x080000f5   Thumb Code     0  entry9a.o(.ARM.Collect$$$$0000000B)
    __rt_final_cpp                           0x080000fd   Thumb Code     0  entry10a.o(.ARM.Collect$$$$0000000D)
    __rt_final_exit                          0x080000fd   Thumb Code     0  entry11a.o(.ARM.Collect$$$$0000000F)
    Reset_Handler                            0x08000101   Thumb Code     8  startup_stm32f10x_md.o(.text)
    CAN1_RX1_IRQHandler                      0x0800011b   Thumb Code     0  startup_stm32f10x_md.o(.text)
    CAN1_SCE_IRQHandler                      0x0800011b   Thumb Code     0  startup_stm32f10x_md.o(.text)
    USB_HP_CAN1_TX_IRQHandler                0x0800011b   Thumb Code     0  startup_stm32f10x_md.o(.text)
    USB_LP_CAN1_RX0_IRQHandler               0x0800011b   Thumb Code     0  startup_stm32f10x_md.o(.text)
    __scatterload                            0x08000125   Thumb Code    28  init.o(.text)
    __scatterload_rt2                        0x08000125   Thumb Code     0  init.o(.text)
    ADC1_2_IRQHandler                        0x08000149   Thumb Code     2  stm32f10x_it.o(i.ADC1_2_IRQHandler)
    ADC_Cmd                                  0x0800014b   Thumb Code    22  stm32f10x_adc.o(i.ADC_Cmd)
    ADC_DMACmd                               0x08000161   Thumb Code    22  stm32f10x_adc.o(i.ADC_DMACmd)
    ADC_GetCalibrationStatus                 0x08000177   Thumb Code    20  stm32f10x_adc.o(i.ADC_GetCalibrationStatus)
    ADC_GetResetCalibrationStatus            0x0800018b   Thumb Code    20  stm32f10x_adc.o(i.ADC_GetResetCalibrationStatus)
    ADC_Init                                 0x080001a1   Thumb Code    70  stm32f10x_adc.o(i.ADC_Init)
    ADC_RegularChannelConfig                 0x080001f1   Thumb Code   184  stm32f10x_adc.o(i.ADC_RegularChannelConfig)
    ADC_ResetCalibration                     0x080002a9   Thumb Code    10  stm32f10x_adc.o(i.ADC_ResetCalibration)
    ADC_SoftwareStartConvCmd                 0x080002b3   Thumb Code    22  stm32f10x_adc.o(i.ADC_SoftwareStartConvCmd)
    ADC_StartCalibration                     0x080002c9   Thumb Code    10  stm32f10x_adc.o(i.ADC_StartCalibration)
    ADC_init                                 0x080002d5   Thumb Code   202  adc.o(i.ADC_init)
    BusFault_Handler                         0x080003b5   Thumb Code     4  stm32f10x_it.o(i.BusFault_Handler)
    DHT22_Read                               0x080003b9   Thumb Code   980  dht22.o(i.DHT22_Read)
    DMA1_Channel1_IRQHandler                 0x08000799   Thumb Code     2  stm32f10x_it.o(i.DMA1_Channel1_IRQHandler)
    DMA1_Channel2_IRQHandler                 0x0800079b   Thumb Code     2  stm32f10x_it.o(i.DMA1_Channel2_IRQHandler)
    DMA1_Channel3_IRQHandler                 0x0800079d   Thumb Code     2  stm32f10x_it.o(i.DMA1_Channel3_IRQHandler)
    DMA1_Channel4_IRQHandler                 0x0800079f   Thumb Code     2  stm32f10x_it.o(i.DMA1_Channel4_IRQHandler)
    DMA1_Channel5_IRQHandler                 0x080007a1   Thumb Code     2  stm32f10x_it.o(i.DMA1_Channel5_IRQHandler)
    DMA1_Channel6_IRQHandler                 0x080007a3   Thumb Code     2  stm32f10x_it.o(i.DMA1_Channel6_IRQHandler)
    DMA1_Channel7_IRQHandler                 0x080007a5   Thumb Code     2  stm32f10x_it.o(i.DMA1_Channel7_IRQHandler)
    DMA_Cmd                                  0x080007a7   Thumb Code    22  stm32f10x_dma.o(i.DMA_Cmd)
    DMA_Init                                 0x080007bd   Thumb Code    60  stm32f10x_dma.o(i.DMA_Init)
    DebugMon_Handler                         0x080007f9   Thumb Code     2  stm32f10x_it.o(i.DebugMon_Handler)
    EXTI0_IRQHandler                         0x080007fb   Thumb Code     2  stm32f10x_it.o(i.EXTI0_IRQHandler)
    EXTI15_10_IRQHandler                     0x080007fd   Thumb Code     2  stm32f10x_it.o(i.EXTI15_10_IRQHandler)
    EXTI1_IRQHandler                         0x080007ff   Thumb Code     2  stm32f10x_it.o(i.EXTI1_IRQHandler)
    EXTI2_IRQHandler                         0x08000801   Thumb Code     2  stm32f10x_it.o(i.EXTI2_IRQHandler)
    EXTI3_IRQHandler                         0x08000803   Thumb Code     2  stm32f10x_it.o(i.EXTI3_IRQHandler)
    EXTI4_IRQHandler                         0x08000805   Thumb Code     2  stm32f10x_it.o(i.EXTI4_IRQHandler)
    EXTI9_5_IRQHandler                       0x08000807   Thumb Code     2  stm32f10x_it.o(i.EXTI9_5_IRQHandler)
    FLASH_ErasePage                          0x08000809   Thumb Code    76  stm32f10x_flash.o(i.FLASH_ErasePage)
    FLASH_GetBank1Status                     0x08000859   Thumb Code    48  stm32f10x_flash.o(i.FLASH_GetBank1Status)
    FLASH_IRQHandler                         0x0800088d   Thumb Code     2  stm32f10x_it.o(i.FLASH_IRQHandler)
    FLASH_Lock                               0x08000891   Thumb Code    14  stm32f10x_flash.o(i.FLASH_Lock)
    FLASH_ProgramWord                        0x080008a5   Thumb Code   110  stm32f10x_flash.o(i.FLASH_ProgramWord)
    FLASH_Unlock                             0x08000919   Thumb Code    12  stm32f10x_flash.o(i.FLASH_Unlock)
    FLASH_WaitForLastOperation               0x08000931   Thumb Code    38  stm32f10x_flash.o(i.FLASH_WaitForLastOperation)
    GPIO_Init                                0x08000957   Thumb Code   278  stm32f10x_gpio.o(i.GPIO_Init)
    GPIO_ReadInputDataBit                    0x08000a6d   Thumb Code    18  stm32f10x_gpio.o(i.GPIO_ReadInputDataBit)
    GPIO_WriteBit                            0x08000a7f   Thumb Code    10  stm32f10x_gpio.o(i.GPIO_WriteBit)
    GPIO_init                                0x08000a89   Thumb Code   206  gpio.o(i.GPIO_init)
    HardFault_Handler                        0x08000b65   Thumb Code     4  stm32f10x_it.o(i.HardFault_Handler)
    I2C1_ER_IRQHandler                       0x08000b69   Thumb Code     2  stm32f10x_it.o(i.I2C1_ER_IRQHandler)
    I2C1_EV_IRQHandler                       0x08000b6b   Thumb Code     2  stm32f10x_it.o(i.I2C1_EV_IRQHandler)
    I2C2_ER_IRQHandler                       0x08000b6d   Thumb Code     2  stm32f10x_it.o(i.I2C2_ER_IRQHandler)
    I2C2_EV_IRQHandler                       0x08000b6f   Thumb Code     2  stm32f10x_it.o(i.I2C2_EV_IRQHandler)
    MemManage_Handler                        0x08000b71   Thumb Code     4  stm32f10x_it.o(i.MemManage_Handler)
    NMI_Handler                              0x08000b75   Thumb Code     2  stm32f10x_it.o(i.NMI_Handler)
    NVIC_Init                                0x08000b79   Thumb Code   100  misc.o(i.NVIC_Init)
    PVD_IRQHandler                           0x08000be9   Thumb Code     2  stm32f10x_it.o(i.PVD_IRQHandler)
    PendSV_Handler                           0x08000beb   Thumb Code     2  stm32f10x_it.o(i.PendSV_Handler)
    RCC_AHBPeriphClockCmd                    0x08000bed   Thumb Code    26  stm32f10x_rcc.o(i.RCC_AHBPeriphClockCmd)
    RCC_APB1PeriphClockCmd                   0x08000c0d   Thumb Code    26  stm32f10x_rcc.o(i.RCC_APB1PeriphClockCmd)
    RCC_APB2PeriphClockCmd                   0x08000c2d   Thumb Code    26  stm32f10x_rcc.o(i.RCC_APB2PeriphClockCmd)
    RCC_GetClocksFreq                        0x08000c4d   Thumb Code   192  stm32f10x_rcc.o(i.RCC_GetClocksFreq)
    RCC_IRQHandler                           0x08000d21   Thumb Code     2  stm32f10x_it.o(i.RCC_IRQHandler)
    RTCAlarm_IRQHandler                      0x08000d23   Thumb Code     2  stm32f10x_it.o(i.RTCAlarm_IRQHandler)
    RTC_IRQHandler                           0x08000d25   Thumb Code     2  stm32f10x_it.o(i.RTC_IRQHandler)
    SDA_Input                                0x08000d29   Thumb Code    24  gpio.o(i.SDA_Input)
    SDA_Output                               0x08000d49   Thumb Code    24  gpio.o(i.SDA_Output)
    SPI1_IRQHandler                          0x08000d69   Thumb Code     2  stm32f10x_it.o(i.SPI1_IRQHandler)
    SPI2_IRQHandler                          0x08000d6b   Thumb Code     2  stm32f10x_it.o(i.SPI2_IRQHandler)
    SVC_Handler                              0x08000d6d   Thumb Code     2  stm32f10x_it.o(i.SVC_Handler)
    State_SDA                                0x08000e11   Thumb Code    16  gpio.o(i.State_SDA)
    SysTick_Handler                          0x08000e25   Thumb Code    12  stm32f10x_it.o(i.SysTick_Handler)
    SystemInit                               0x08000e35   Thumb Code    70  system_stm32f10x.o(i.SystemInit)
    System_GetTick                           0x08000e89   Thumb Code     6  timer.o(i.System_GetTick)
    Systick_init                             0x08000e95   Thumb Code    84  timer.o(i.Systick_init)
    TAMPER_IRQHandler                        0x08000ef1   Thumb Code     2  stm32f10x_it.o(i.TAMPER_IRQHandler)
    TIM1_BRK_IRQHandler                      0x08000ef3   Thumb Code     2  stm32f10x_it.o(i.TIM1_BRK_IRQHandler)
    TIM1_CC_IRQHandler                       0x08000ef5   Thumb Code     2  stm32f10x_it.o(i.TIM1_CC_IRQHandler)
    TIM1_TRG_COM_IRQHandler                  0x08000ef7   Thumb Code     2  stm32f10x_it.o(i.TIM1_TRG_COM_IRQHandler)
    TIM1_UP_IRQHandler                       0x08000ef9   Thumb Code     2  stm32f10x_it.o(i.TIM1_UP_IRQHandler)
    TIM2_IRQHandler                          0x08000efd   Thumb Code    82  stm32f10x_it.o(i.TIM2_IRQHandler)
    TIM3_IRQHandler                          0x08000f55   Thumb Code    12  stm32f10x_it.o(i.TIM3_IRQHandler)
    TIM4_IRQHandler                          0x08000f65   Thumb Code    12  stm32f10x_it.o(i.TIM4_IRQHandler)
    TIMER_init                               0x08000f75   Thumb Code   130  timer.o(i.TIMER_init)
    TIM_ClearITPendingBit                    0x08001005   Thumb Code     6  stm32f10x_tim.o(i.TIM_ClearITPendingBit)
    TIM_Cmd                                  0x0800100b   Thumb Code    24  stm32f10x_tim.o(i.TIM_Cmd)
    TIM_GetCounter                           0x08001023   Thumb Code     6  stm32f10x_tim.o(i.TIM_GetCounter)
    TIM_GetITStatus                          0x08001029   Thumb Code    34  stm32f10x_tim.o(i.TIM_GetITStatus)
    TIM_ITConfig                             0x0800104b   Thumb Code    18  stm32f10x_tim.o(i.TIM_ITConfig)
    TIM_SetCounter                           0x0800105d   Thumb Code     4  stm32f10x_tim.o(i.TIM_SetCounter)
    TIM_TimeBaseInit                         0x08001061   Thumb Code   122  stm32f10x_tim.o(i.TIM_TimeBaseInit)
    UART_init                                0x08001105   Thumb Code   196  uart.o(i.UART_init)
    USART1_IRQHandler                        0x080011d9   Thumb Code    76  stm32f10x_it.o(i.USART1_IRQHandler)
    USART2_IRQHandler                        0x0800122d   Thumb Code     2  stm32f10x_it.o(i.USART2_IRQHandler)
    USART3_IRQHandler                        0x0800122f   Thumb Code     2  stm32f10x_it.o(i.USART3_IRQHandler)
    USART_ClearFlag                          0x08001231   Thumb Code    18  stm32f10x_usart.o(i.USART_ClearFlag)
    USART_Cmd                                0x08001243   Thumb Code    24  stm32f10x_usart.o(i.USART_Cmd)
    USART_GetFlagStatus                      0x0800125b   Thumb Code    26  stm32f10x_usart.o(i.USART_GetFlagStatus)
    USART_ITConfig                           0x08001275   Thumb Code    74  stm32f10x_usart.o(i.USART_ITConfig)
    USART_Init                               0x080012c1   Thumb Code   210  stm32f10x_usart.o(i.USART_Init)
    USART_ReceiveData                        0x08001399   Thumb Code    10  stm32f10x_usart.o(i.USART_ReceiveData)
    USART_SendData                           0x080013a3   Thumb Code     8  stm32f10x_usart.o(i.USART_SendData)
    USBWakeUp_IRQHandler                     0x080013ab   Thumb Code     2  stm32f10x_it.o(i.USBWakeUp_IRQHandler)
    UsageFault_Handler                       0x080013ad   Thumb Code     4  stm32f10x_it.o(i.UsageFault_Handler)
    WWDG_IRQHandler                          0x080013b1   Thumb Code     2  stm32f10x_it.o(i.WWDG_IRQHandler)
    __scatterload_copy                       0x080013b3   Thumb Code    14  handlers.o(i.__scatterload_copy)
    __scatterload_null                       0x080013c1   Thumb Code     2  handlers.o(i.__scatterload_null)
    __scatterload_zeroinit                   0x080013c3   Thumb Code    14  handlers.o(i.__scatterload_zeroinit)
    check_DRIVER                             0x080013d1   Thumb Code    82  adc.o(i.check_DRIVER)
    default_value                            0x08001429   Thumb Code    20  flash.o(i.default_value)
    delay_ms                                 0x08001441   Thumb Code    22  gpio.o(i.delay_ms)
    delay_us                                 0x08001457   Thumb Code    20  gpio.o(i.delay_us)
    get_StreetLight                          0x0800146d   Thumb Code   126  uart.o(i.get_StreetLight)
    main                                     0x080014f9   Thumb Code   698  main.o(i.main)
    read_FLASH                               0x080017c5   Thumb Code    64  flash.o(i.read_FLASH)
    start_value                              0x08001811   Thumb Code    84  main.o(i.start_value)
    uartGW_putData                           0x08001879   Thumb Code    26  uart.o(i.uartGW_putData)
    uartGW_putchar                           0x08001895   Thumb Code    28  uart.o(i.uartGW_putchar)
    uartPC_putData                           0x080018b5   Thumb Code    54  uart.o(i.uartPC_putData)
    uartPC_putchar                           0x080018f1   Thumb Code    28  uart.o(i.uartPC_putchar)
    write_FLASH                              0x08001911   Thumb Code    70  flash.o(i.write_FLASH)
    Region$$Table$$Base                      0x08001964   Number         0  anon$$obj.o(Region$$Table)
    Region$$Table$$Limit                     0x08001984   Number         0  anon$$obj.o(Region$$Table)
    GPIO_InitStructure                       0x20000000   Data           4  gpio.o(.data)
    NVIC_InitStructure                       0x20000004   Data           4  gpio.o(.data)
    systick                                  0x20000008   Data           4  timer.o(.data)
    UART_InitStructure                       0x20000020   Data          16  gpio.o(.bss)
    TIM_TimeBaseStructure                    0x20000030   Data          10  gpio.o(.bss)
    DMA_InitStructure                        0x2000003c   Data          44  gpio.o(.bss)
    ADC_InitStructure                        0x20000068   Data          20  gpio.o(.bss)
    UART_rf                                  0x2000007c   Data         112  uart.o(.bss)
    UART_gateway                             0x200000ec   Data         112  uart.o(.bss)
    flash                                    0x2000015c   Data         200  flash.o(.bss)
    adc_check                                0x20000224   Data          12  adc.o(.bss)
    dht22                                    0x20000230   Data          80  dht22.o(.bss)
    __initial_sp                             0x20000680   Data           0  startup_stm32f10x_md.o(STACK)



==============================================================================

Memory Map of the image

  Image Entry point : 0x080000ed

  Load Region LR_IROM1 (Base: 0x08000000, Size: 0x000019a4, Max: 0x00010000, ABSOLUTE)

    Execution Region ER_IROM1 (Exec base: 0x08000000, Load base: 0x08000000, Size: 0x00001984, Max: 0x00010000, ABSOLUTE)

    Exec Addr    Load Addr    Size         Type   Attr      Idx    E Section Name        Object

    0x08000000   0x08000000   0x000000ec   Data   RO         2533    RESET               startup_stm32f10x_md.o
    0x080000ec   0x080000ec   0x00000000   Code   RO         2538  * .ARM.Collect$$$$00000000  mc_w.l(entry.o)
    0x080000ec   0x080000ec   0x00000004   Code   RO         2541    .ARM.Collect$$$$00000001  mc_w.l(entry2.o)
    0x080000f0   0x080000f0   0x00000004   Code   RO         2544    .ARM.Collect$$$$00000004  mc_w.l(entry5.o)
    0x080000f4   0x080000f4   0x00000000   Code   RO         2546    .ARM.Collect$$$$00000008  mc_w.l(entry7b.o)
    0x080000f4   0x080000f4   0x00000000   Code   RO         2548    .ARM.Collect$$$$0000000A  mc_w.l(entry8b.o)
    0x080000f4   0x080000f4   0x00000008   Code   RO         2549    .ARM.Collect$$$$0000000B  mc_w.l(entry9a.o)
    0x080000fc   0x080000fc   0x00000000   Code   RO         2551    .ARM.Collect$$$$0000000D  mc_w.l(entry10a.o)
    0x080000fc   0x080000fc   0x00000000   Code   RO         2553    .ARM.Collect$$$$0000000F  mc_w.l(entry11a.o)
    0x080000fc   0x080000fc   0x00000004   Code   RO         2542    .ARM.Collect$$$$00002712  mc_w.l(entry2.o)
    0x08000100   0x08000100   0x00000024   Code   RO         2534    .text               startup_stm32f10x_md.o
    0x08000124   0x08000124   0x00000024   Code   RO         2555    .text               mc_w.l(init.o)
    0x08000148   0x08000148   0x00000002   Code   RO          113    i.ADC1_2_IRQHandler  stm32f10x_it.o
    0x0800014a   0x0800014a   0x00000016   Code   RO          898    i.ADC_Cmd           stm32f10x_adc.o
    0x08000160   0x08000160   0x00000016   Code   RO          899    i.ADC_DMACmd        stm32f10x_adc.o
    0x08000176   0x08000176   0x00000014   Code   RO          906    i.ADC_GetCalibrationStatus  stm32f10x_adc.o
    0x0800018a   0x0800018a   0x00000014   Code   RO          912    i.ADC_GetResetCalibrationStatus  stm32f10x_adc.o
    0x0800019e   0x0800019e   0x00000002   PAD
    0x080001a0   0x080001a0   0x00000050   Code   RO          916    i.ADC_Init          stm32f10x_adc.o
    0x080001f0   0x080001f0   0x000000b8   Code   RO          920    i.ADC_RegularChannelConfig  stm32f10x_adc.o
    0x080002a8   0x080002a8   0x0000000a   Code   RO          921    i.ADC_ResetCalibration  stm32f10x_adc.o
    0x080002b2   0x080002b2   0x00000016   Code   RO          923    i.ADC_SoftwareStartConvCmd  stm32f10x_adc.o
    0x080002c8   0x080002c8   0x0000000a   Code   RO          925    i.ADC_StartCalibration  stm32f10x_adc.o
    0x080002d2   0x080002d2   0x00000002   PAD
    0x080002d4   0x080002d4   0x000000e0   Code   RO          846    i.ADC_init          adc.o
    0x080003b4   0x080003b4   0x00000004   Code   RO          115    i.BusFault_Handler  stm32f10x_it.o
    0x080003b8   0x080003b8   0x000003e0   Code   RO          870    i.DHT22_Read        dht22.o
    0x08000798   0x08000798   0x00000002   Code   RO          118    i.DMA1_Channel1_IRQHandler  stm32f10x_it.o
    0x0800079a   0x0800079a   0x00000002   Code   RO          119    i.DMA1_Channel2_IRQHandler  stm32f10x_it.o
    0x0800079c   0x0800079c   0x00000002   Code   RO          120    i.DMA1_Channel3_IRQHandler  stm32f10x_it.o
    0x0800079e   0x0800079e   0x00000002   Code   RO          121    i.DMA1_Channel4_IRQHandler  stm32f10x_it.o
    0x080007a0   0x080007a0   0x00000002   Code   RO          122    i.DMA1_Channel5_IRQHandler  stm32f10x_it.o
    0x080007a2   0x080007a2   0x00000002   Code   RO          123    i.DMA1_Channel6_IRQHandler  stm32f10x_it.o
    0x080007a4   0x080007a4   0x00000002   Code   RO          124    i.DMA1_Channel7_IRQHandler  stm32f10x_it.o
    0x080007a6   0x080007a6   0x00000016   Code   RO         1116    i.DMA_Cmd           stm32f10x_dma.o
    0x080007bc   0x080007bc   0x0000003c   Code   RO         1122    i.DMA_Init          stm32f10x_dma.o
    0x080007f8   0x080007f8   0x00000002   Code   RO          129    i.DebugMon_Handler  stm32f10x_it.o
    0x080007fa   0x080007fa   0x00000002   Code   RO          130    i.EXTI0_IRQHandler  stm32f10x_it.o
    0x080007fc   0x080007fc   0x00000002   Code   RO          131    i.EXTI15_10_IRQHandler  stm32f10x_it.o
    0x080007fe   0x080007fe   0x00000002   Code   RO          132    i.EXTI1_IRQHandler  stm32f10x_it.o
    0x08000800   0x08000800   0x00000002   Code   RO          133    i.EXTI2_IRQHandler  stm32f10x_it.o
    0x08000802   0x08000802   0x00000002   Code   RO          134    i.EXTI3_IRQHandler  stm32f10x_it.o
    0x08000804   0x08000804   0x00000002   Code   RO          135    i.EXTI4_IRQHandler  stm32f10x_it.o
    0x08000806   0x08000806   0x00000002   Code   RO          136    i.EXTI9_5_IRQHandler  stm32f10x_it.o
    0x08000808   0x08000808   0x00000050   Code   RO         1239    i.FLASH_ErasePage   stm32f10x_flash.o
    0x08000858   0x08000858   0x00000034   Code   RO         1240    i.FLASH_GetBank1Status  stm32f10x_flash.o
    0x0800088c   0x0800088c   0x00000002   Code   RO          137    i.FLASH_IRQHandler  stm32f10x_it.o
    0x0800088e   0x0800088e   0x00000002   PAD
    0x08000890   0x08000890   0x00000014   Code   RO         1249    i.FLASH_Lock        stm32f10x_flash.o
    0x080008a4   0x080008a4   0x00000074   Code   RO         1254    i.FLASH_ProgramWord  stm32f10x_flash.o
    0x08000918   0x08000918   0x00000018   Code   RO         1257    i.FLASH_Unlock      stm32f10x_flash.o
    0x08000930   0x08000930   0x00000026   Code   RO         1261    i.FLASH_WaitForLastOperation  stm32f10x_flash.o
    0x08000956   0x08000956   0x00000116   Code   RO         1414    i.GPIO_Init         stm32f10x_gpio.o
    0x08000a6c   0x08000a6c   0x00000012   Code   RO         1418    i.GPIO_ReadInputDataBit  stm32f10x_gpio.o
    0x08000a7e   0x08000a7e   0x0000000a   Code   RO         1425    i.GPIO_WriteBit     stm32f10x_gpio.o
    0x08000a88   0x08000a88   0x000000dc   Code   RO          540    i.GPIO_init         gpio.o
    0x08000b64   0x08000b64   0x00000004   Code   RO          139    i.HardFault_Handler  stm32f10x_it.o
    0x08000b68   0x08000b68   0x00000002   Code   RO          140    i.I2C1_ER_IRQHandler  stm32f10x_it.o
    0x08000b6a   0x08000b6a   0x00000002   Code   RO          141    i.I2C1_EV_IRQHandler  stm32f10x_it.o
    0x08000b6c   0x08000b6c   0x00000002   Code   RO          142    i.I2C2_ER_IRQHandler  stm32f10x_it.o
    0x08000b6e   0x08000b6e   0x00000002   Code   RO          143    i.I2C2_EV_IRQHandler  stm32f10x_it.o
    0x08000b70   0x08000b70   0x00000004   Code   RO          144    i.MemManage_Handler  stm32f10x_it.o
    0x08000b74   0x08000b74   0x00000002   Code   RO          145    i.NMI_Handler       stm32f10x_it.o
    0x08000b76   0x08000b76   0x00000002   PAD
    0x08000b78   0x08000b78   0x00000070   Code   RO         2450    i.NVIC_Init         misc.o
    0x08000be8   0x08000be8   0x00000002   Code   RO          146    i.PVD_IRQHandler    stm32f10x_it.o
    0x08000bea   0x08000bea   0x00000002   Code   RO          147    i.PendSV_Handler    stm32f10x_it.o
    0x08000bec   0x08000bec   0x00000020   Code   RO         1523    i.RCC_AHBPeriphClockCmd  stm32f10x_rcc.o
    0x08000c0c   0x08000c0c   0x00000020   Code   RO         1524    i.RCC_APB1PeriphClockCmd  stm32f10x_rcc.o
    0x08000c2c   0x08000c2c   0x00000020   Code   RO         1526    i.RCC_APB2PeriphClockCmd  stm32f10x_rcc.o
    0x08000c4c   0x08000c4c   0x000000d4   Code   RO         1534    i.RCC_GetClocksFreq  stm32f10x_rcc.o
    0x08000d20   0x08000d20   0x00000002   Code   RO          148    i.RCC_IRQHandler    stm32f10x_it.o
    0x08000d22   0x08000d22   0x00000002   Code   RO          149    i.RTCAlarm_IRQHandler  stm32f10x_it.o
    0x08000d24   0x08000d24   0x00000002   Code   RO          150    i.RTC_IRQHandler    stm32f10x_it.o
    0x08000d26   0x08000d26   0x00000002   PAD
    0x08000d28   0x08000d28   0x00000020   Code   RO          542    i.SDA_Input         gpio.o
    0x08000d48   0x08000d48   0x00000020   Code   RO          543    i.SDA_Output        gpio.o
    0x08000d68   0x08000d68   0x00000002   Code   RO          152    i.SPI1_IRQHandler   stm32f10x_it.o
    0x08000d6a   0x08000d6a   0x00000002   Code   RO          153    i.SPI2_IRQHandler   stm32f10x_it.o
    0x08000d6c   0x08000d6c   0x00000002   Code   RO          155    i.SVC_Handler       stm32f10x_it.o
    0x08000d6e   0x08000d6e   0x00000008   Code   RO         2497    i.SetSysClock       system_stm32f10x.o
    0x08000d76   0x08000d76   0x00000002   PAD
    0x08000d78   0x08000d78   0x00000098   Code   RO         2498    i.SetSysClockTo64HSI  system_stm32f10x.o
    0x08000e10   0x08000e10   0x00000014   Code   RO          544    i.State_SDA         gpio.o
    0x08000e24   0x08000e24   0x00000010   Code   RO          156    i.SysTick_Handler   stm32f10x_it.o
    0x08000e34   0x08000e34   0x00000054   Code   RO         2500    i.SystemInit        system_stm32f10x.o
    0x08000e88   0x08000e88   0x0000000c   Code   RO          683    i.System_GetTick    timer.o
    0x08000e94   0x08000e94   0x0000005c   Code   RO          684    i.Systick_init      timer.o
    0x08000ef0   0x08000ef0   0x00000002   Code   RO          157    i.TAMPER_IRQHandler  stm32f10x_it.o
    0x08000ef2   0x08000ef2   0x00000002   Code   RO          158    i.TIM1_BRK_IRQHandler  stm32f10x_it.o
    0x08000ef4   0x08000ef4   0x00000002   Code   RO          159    i.TIM1_CC_IRQHandler  stm32f10x_it.o
    0x08000ef6   0x08000ef6   0x00000002   Code   RO          160    i.TIM1_TRG_COM_IRQHandler  stm32f10x_it.o
    0x08000ef8   0x08000ef8   0x00000002   Code   RO          161    i.TIM1_UP_IRQHandler  stm32f10x_it.o
    0x08000efa   0x08000efa   0x00000002   PAD
    0x08000efc   0x08000efc   0x00000058   Code   RO          162    i.TIM2_IRQHandler   stm32f10x_it.o
    0x08000f54   0x08000f54   0x00000010   Code   RO          163    i.TIM3_IRQHandler   stm32f10x_it.o
    0x08000f64   0x08000f64   0x00000010   Code   RO          164    i.TIM4_IRQHandler   stm32f10x_it.o
    0x08000f74   0x08000f74   0x00000090   Code   RO          685    i.TIMER_init        timer.o
    0x08001004   0x08001004   0x00000006   Code   RO         1733    i.TIM_ClearITPendingBit  stm32f10x_tim.o
    0x0800100a   0x0800100a   0x00000018   Code   RO         1738    i.TIM_Cmd           stm32f10x_tim.o
    0x08001022   0x08001022   0x00000006   Code   RO         1757    i.TIM_GetCounter    stm32f10x_tim.o
    0x08001028   0x08001028   0x00000022   Code   RO         1759    i.TIM_GetITStatus   stm32f10x_tim.o
    0x0800104a   0x0800104a   0x00000012   Code   RO         1763    i.TIM_ITConfig      stm32f10x_tim.o
    0x0800105c   0x0800105c   0x00000004   Code   RO         1803    i.TIM_SetCounter    stm32f10x_tim.o
    0x08001060   0x08001060   0x000000a4   Code   RO         1809    i.TIM_TimeBaseInit  stm32f10x_tim.o
    0x08001104   0x08001104   0x000000d4   Code   RO          595    i.UART_init         uart.o
    0x080011d8   0x080011d8   0x00000054   Code   RO          174    i.USART1_IRQHandler  stm32f10x_it.o
    0x0800122c   0x0800122c   0x00000002   Code   RO          175    i.USART2_IRQHandler  stm32f10x_it.o
    0x0800122e   0x0800122e   0x00000002   Code   RO          176    i.USART3_IRQHandler  stm32f10x_it.o
    0x08001230   0x08001230   0x00000012   Code   RO         2270    i.USART_ClearFlag   stm32f10x_usart.o
    0x08001242   0x08001242   0x00000018   Code   RO         2274    i.USART_Cmd         stm32f10x_usart.o
    0x0800125a   0x0800125a   0x0000001a   Code   RO         2277    i.USART_GetFlagStatus  stm32f10x_usart.o
    0x08001274   0x08001274   0x0000004a   Code   RO         2280    i.USART_ITConfig    stm32f10x_usart.o
    0x080012be   0x080012be   0x00000002   PAD
    0x080012c0   0x080012c0   0x000000d8   Code   RO         2281    i.USART_Init        stm32f10x_usart.o
    0x08001398   0x08001398   0x0000000a   Code   RO         2288    i.USART_ReceiveData  stm32f10x_usart.o
    0x080013a2   0x080013a2   0x00000008   Code   RO         2291    i.USART_SendData    stm32f10x_usart.o
    0x080013aa   0x080013aa   0x00000002   Code   RO          177    i.USBWakeUp_IRQHandler  stm32f10x_it.o
    0x080013ac   0x080013ac   0x00000004   Code   RO          180    i.UsageFault_Handler  stm32f10x_it.o
    0x080013b0   0x080013b0   0x00000002   Code   RO          181    i.WWDG_IRQHandler   stm32f10x_it.o
    0x080013b2   0x080013b2   0x0000000e   Code   RO         2559    i.__scatterload_copy  mc_w.l(handlers.o)
    0x080013c0   0x080013c0   0x00000002   Code   RO         2560    i.__scatterload_null  mc_w.l(handlers.o)
    0x080013c2   0x080013c2   0x0000000e   Code   RO         2561    i.__scatterload_zeroinit  mc_w.l(handlers.o)
    0x080013d0   0x080013d0   0x00000058   Code   RO          847    i.check_DRIVER      adc.o
    0x08001428   0x08001428   0x00000018   Code   RO          812    i.default_value     flash.o
    0x08001440   0x08001440   0x00000016   Code   RO          545    i.delay_ms          gpio.o
    0x08001456   0x08001456   0x00000014   Code   RO          546    i.delay_us          gpio.o
    0x0800146a   0x0800146a   0x00000002   PAD
    0x0800146c   0x0800146c   0x0000008c   Code   RO          597    i.get_StreetLight   uart.o
    0x080014f8   0x080014f8   0x000002cc   Code   RO            2    i.main              main.o
    0x080017c4   0x080017c4   0x0000004c   Code   RO          813    i.read_FLASH        flash.o
    0x08001810   0x08001810   0x00000068   Code   RO            3    i.start_value       main.o
    0x08001878   0x08001878   0x0000001a   Code   RO          599    i.uartGW_putData    uart.o
    0x08001892   0x08001892   0x00000002   PAD
    0x08001894   0x08001894   0x00000020   Code   RO          600    i.uartGW_putchar    uart.o
    0x080018b4   0x080018b4   0x0000003c   Code   RO          601    i.uartPC_putData    uart.o
    0x080018f0   0x080018f0   0x00000020   Code   RO          602    i.uartPC_putchar    uart.o
    0x08001910   0x08001910   0x00000054   Code   RO          814    i.write_FLASH       flash.o
    0x08001964   0x08001964   0x00000020   Data   RO         2557    Region$$Table       anon$$obj.o


    Execution Region RW_IRAM1 (Exec base: 0x20000000, Load base: 0x08001984, Size: 0x00000680, Max: 0x00005000, ABSOLUTE)

    Exec Addr    Load Addr    Size         Type   Attr      Idx    E Section Name        Object

    0x20000000   0x08001984   0x00000008   Data   RW          548    .data               gpio.o
    0x20000008   0x0800198c   0x00000004   Data   RW          686    .data               timer.o
    0x2000000c   0x08001990   0x00000014   Data   RW         1554    .data               stm32f10x_rcc.o
    0x20000020        -       0x0000005c   Zero   RW          547    .bss                gpio.o
    0x2000007c        -       0x000000e0   Zero   RW          605    .bss                uart.o
    0x2000015c        -       0x000000c8   Zero   RW          815    .bss                flash.o
    0x20000224        -       0x0000000c   Zero   RW          848    .bss                adc.o
    0x20000230        -       0x00000050   Zero   RW          871    .bss                dht22.o
    0x20000280        -       0x00000400   Zero   RW         2531    STACK               startup_stm32f10x_md.o


==============================================================================

Image component sizes


      Code (inc. data)   RO Data    RW Data    ZI Data      Debug   Object Name

       312         28          0          0         12       1554   adc.o
         0          0          0          0          0         32   core_cm3.o
       992         12          0          0         80       1829   dht22.o
       184         30          0          0        200       2051   flash.o
       346         34          0          8         92       3436   gpio.o
       820         38          0          0          0     276405   main.o
       112         12          0          0          0       1048   misc.o
        36          8        236          0       1024        864   startup_stm32f10x_md.o
       390         10          0          0          0       7457   stm32f10x_adc.o
        82          0          0          0          0       2265   stm32f10x_dma.o
       330         32          0          0          0       4930   stm32f10x_flash.o
       306          0          0          0          0       3200   stm32f10x_gpio.o
       314         26          0          0          0      19163   stm32f10x_it.o
       308         38          0         20          0       5018   stm32f10x_rcc.o
       256         42          0          0          0       4668   stm32f10x_tim.o
       376          6          0          0          0       6007   stm32f10x_usart.o
       244         22          0          0          0       1961   system_stm32f10x.o
       248         28          0          4          0      17142   timer.o
       502         44          0          0        224       4433   uart.o

    ----------------------------------------------------------------------
      6178        410        268         32       1632     363463   Object Totals
         0          0         32          0          0          0   (incl. Generated)
        20          0          0          0          0          0   (incl. Padding)

    ----------------------------------------------------------------------

      Code (inc. data)   RO Data    RW Data    ZI Data      Debug   Library Member Name

         0          0          0          0          0          0   entry.o
         0          0          0          0          0          0   entry10a.o
         0          0          0          0          0          0   entry11a.o
         8          4          0          0          0          0   entry2.o
         4          0          0          0          0          0   entry5.o
         0          0          0          0          0          0   entry7b.o
         0          0          0          0          0          0   entry8b.o
         8          4          0          0          0          0   entry9a.o
        30          0          0          0          0          0   handlers.o
        36          8          0          0          0         68   init.o

    ----------------------------------------------------------------------
        86         16          0          0          0         68   Library Totals
         0          0          0          0          0          0   (incl. Padding)

    ----------------------------------------------------------------------

      Code (inc. data)   RO Data    RW Data    ZI Data      Debug   Library Name

        86         16          0          0          0         68   mc_w.l

    ----------------------------------------------------------------------
        86         16          0          0          0         68   Library Totals

    ----------------------------------------------------------------------

==============================================================================


      Code (inc. data)   RO Data    RW Data    ZI Data      Debug   

      6264        426        268         32       1632     358119   Grand Totals
      6264        426        268         32       1632     358119   ELF Image Totals
      6264        426        268         32          0          0   ROM Totals

==============================================================================

    Total RO  Size (Code + RO Data)                 6532 (   6.38kB)
    Total RW  Size (RW Data + ZI Data)              1664 (   1.63kB)
    Total ROM Size (Code + RO Data + RW Data)       6564 (   6.41kB)

==============================================================================

